Archive member included to satisfy reference by file (symbol)

/usr/lib/gcc/arm-none-eabi/10.3.1/thumb/v7-m/nofp/libgcc.a(_arm_mulsf3.o)
                              CMakeFiles/Project.elf.dir/Code/Src/Servo.c.obj (__aeabi_fmul)
/usr/lib/gcc/arm-none-eabi/10.3.1/thumb/v7-m/nofp/libgcc.a(_arm_addsubdf3.o)
                              CMakeFiles/Project.elf.dir/Code/Src/Servo.c.obj (__aeabi_f2d)
/usr/lib/gcc/arm-none-eabi/10.3.1/thumb/v7-m/nofp/libgcc.a(_arm_addsubsf3.o)
                              CMakeFiles/Project.elf.dir/Code/Src/Servo.c.obj (__aeabi_fadd)
/usr/lib/gcc/arm-none-eabi/10.3.1/thumb/v7-m/nofp/libgcc.a(_arm_muldivsf3.o)
                              CMakeFiles/Project.elf.dir/Code/Src/Servo.c.obj (__aeabi_fdiv)
/usr/lib/gcc/arm-none-eabi/10.3.1/../../../arm-none-eabi/lib/thumb/v7-m/nofp/libc_nano.a(lib_a-atexit.o)
                              /usr/lib/gcc/arm-none-eabi/10.3.1/../../../arm-none-eabi/lib/thumb/v7-m/nofp/crt0.o (atexit)
/usr/lib/gcc/arm-none-eabi/10.3.1/../../../arm-none-eabi/lib/thumb/v7-m/nofp/libc_nano.a(lib_a-exit.o)
                              /usr/lib/gcc/arm-none-eabi/10.3.1/../../../arm-none-eabi/lib/thumb/v7-m/nofp/crt0.o (exit)
/usr/lib/gcc/arm-none-eabi/10.3.1/../../../arm-none-eabi/lib/thumb/v7-m/nofp/libc_nano.a(lib_a-fini.o)
                              /usr/lib/gcc/arm-none-eabi/10.3.1/../../../arm-none-eabi/lib/thumb/v7-m/nofp/crt0.o (__libc_fini_array)
/usr/lib/gcc/arm-none-eabi/10.3.1/../../../arm-none-eabi/lib/thumb/v7-m/nofp/libc_nano.a(lib_a-impure.o)
                              /usr/lib/gcc/arm-none-eabi/10.3.1/../../../arm-none-eabi/lib/thumb/v7-m/nofp/libc_nano.a(lib_a-exit.o) (_global_impure_ptr)
/usr/lib/gcc/arm-none-eabi/10.3.1/../../../arm-none-eabi/lib/thumb/v7-m/nofp/libc_nano.a(lib_a-init.o)
                              /usr/lib/gcc/arm-none-eabi/10.3.1/../../../arm-none-eabi/lib/thumb/v7-m/nofp/crt0.o (__libc_init_array)
/usr/lib/gcc/arm-none-eabi/10.3.1/../../../arm-none-eabi/lib/thumb/v7-m/nofp/libc_nano.a(lib_a-memset.o)
                              /usr/lib/gcc/arm-none-eabi/10.3.1/../../../arm-none-eabi/lib/thumb/v7-m/nofp/crt0.o (memset)
/usr/lib/gcc/arm-none-eabi/10.3.1/../../../arm-none-eabi/lib/thumb/v7-m/nofp/libc_nano.a(lib_a-nano-vfprintf_float.o)
                              (_printf_float)
/usr/lib/gcc/arm-none-eabi/10.3.1/../../../arm-none-eabi/lib/thumb/v7-m/nofp/libc_nano.a(lib_a-nano-vfprintf_i.o)
                              /usr/lib/gcc/arm-none-eabi/10.3.1/../../../arm-none-eabi/lib/thumb/v7-m/nofp/libc_nano.a(lib_a-nano-vfprintf_float.o) (_printf_common)
/usr/lib/gcc/arm-none-eabi/10.3.1/../../../arm-none-eabi/lib/thumb/v7-m/nofp/libc_nano.a(lib_a-strlen-stub.o)
                              /usr/lib/gcc/arm-none-eabi/10.3.1/../../../arm-none-eabi/lib/thumb/v7-m/nofp/libc_nano.a(lib_a-nano-vfprintf_float.o) (strlen)
/usr/lib/gcc/arm-none-eabi/10.3.1/../../../arm-none-eabi/lib/thumb/v7-m/nofp/libc_nano.a(lib_a-__atexit.o)
                              /usr/lib/gcc/arm-none-eabi/10.3.1/../../../arm-none-eabi/lib/thumb/v7-m/nofp/libc_nano.a(lib_a-atexit.o) (__register_exitproc)
/usr/lib/gcc/arm-none-eabi/10.3.1/../../../arm-none-eabi/lib/thumb/v7-m/nofp/libc_nano.a(lib_a-__call_atexit.o)
                              /usr/lib/gcc/arm-none-eabi/10.3.1/../../../arm-none-eabi/lib/thumb/v7-m/nofp/libc_nano.a(lib_a-__atexit.o) (__call_exitprocs)
/usr/lib/gcc/arm-none-eabi/10.3.1/../../../arm-none-eabi/lib/thumb/v7-m/nofp/libc_nano.a(lib_a-dtoa.o)
                              /usr/lib/gcc/arm-none-eabi/10.3.1/../../../arm-none-eabi/lib/thumb/v7-m/nofp/libc_nano.a(lib_a-nano-vfprintf_float.o) (_dtoa_r)
/usr/lib/gcc/arm-none-eabi/10.3.1/../../../arm-none-eabi/lib/thumb/v7-m/nofp/libc_nano.a(lib_a-localeconv.o)
                              /usr/lib/gcc/arm-none-eabi/10.3.1/../../../arm-none-eabi/lib/thumb/v7-m/nofp/libc_nano.a(lib_a-nano-vfprintf_float.o) (_localeconv_r)
/usr/lib/gcc/arm-none-eabi/10.3.1/../../../arm-none-eabi/lib/thumb/v7-m/nofp/libc_nano.a(lib_a-malloc.o)
                              /usr/lib/gcc/arm-none-eabi/10.3.1/../../../arm-none-eabi/lib/thumb/v7-m/nofp/libc_nano.a(lib_a-dtoa.o) (malloc)
/usr/lib/gcc/arm-none-eabi/10.3.1/../../../arm-none-eabi/lib/thumb/v7-m/nofp/libc_nano.a(lib_a-memchr-stub.o)
                              /usr/lib/gcc/arm-none-eabi/10.3.1/../../../arm-none-eabi/lib/thumb/v7-m/nofp/libc_nano.a(lib_a-nano-vfprintf_i.o) (memchr)
/usr/lib/gcc/arm-none-eabi/10.3.1/../../../arm-none-eabi/lib/thumb/v7-m/nofp/libc_nano.a(lib_a-memcpy.o)
                              /usr/lib/gcc/arm-none-eabi/10.3.1/../../../arm-none-eabi/lib/thumb/v7-m/nofp/libc_nano.a(lib_a-dtoa.o) (memcpy)
/usr/lib/gcc/arm-none-eabi/10.3.1/../../../arm-none-eabi/lib/thumb/v7-m/nofp/libc_nano.a(lib_a-mprec.o)
                              /usr/lib/gcc/arm-none-eabi/10.3.1/../../../arm-none-eabi/lib/thumb/v7-m/nofp/libc_nano.a(lib_a-dtoa.o) (_Balloc)
[...]
Memory Configuration

Name             Origin             Length             Attributes
RAM              0x0000000020000000 0x0000000000005000 xrw
FLASH            0x0000000008000000 0x0000000000010000 xr
*default*        0x0000000000000000 0xffffffffffffffff

Linker script and memory map

LOAD /usr/lib/gcc/arm-none-eabi/10.3.1/thumb/v7-m/nofp/crti.o
LOAD /usr/lib/gcc/arm-none-eabi/10.3.1/thumb/v7-m/nofp/crtbegin.o
LOAD /usr/lib/gcc/arm-none-eabi/10.3.1/../../../arm-none-eabi/lib/thumb/v7-m/nofp/crt0.o
LOAD CMakeFiles/Project.elf.dir/Code/Src/AD.c.obj
LOAD CMakeFiles/Project.elf.dir/Code/Src/Encoder.c.obj
LOAD CMakeFiles/Project.elf.dir/Code/Src/I2COLED.c.obj
LOAD CMakeFiles/Project.elf.dir/Code/Src/IC.c.obj
LOAD CMakeFiles/Project.elf.dir/Code/Src/Key.c.obj
LOAD CMakeFiles/Project.elf.dir/Code/Src/LED.c.obj
LOAD CMakeFiles/Project.elf.dir/Code/Src/Motor.c.obj
LOAD CMakeFiles/Project.elf.dir/Code/Src/OLED.c.obj
LOAD CMakeFiles/Project.elf.dir/Code/Src/PWH.c.obj
LOAD CMakeFiles/Project.elf.dir/Code/Src/Runcoder.c.obj
LOAD CMakeFiles/Project.elf.dir/Code/Src/Servo.c.obj
LOAD CMakeFiles/Project.elf.dir/Code/Src/Timer.c.obj
LOAD CMakeFiles/Project.elf.dir/Lib/Src/misc.c.obj
LOAD CMakeFiles/Project.elf.dir/Lib/Src/stm32f10x_adc.c.obj
LOAD CMakeFiles/Project.elf.dir/Lib/Src/stm32f10x_bkp.c.obj
LOAD CMakeFiles/Project.elf.dir/Lib/Src/stm32f10x_can.c.obj
LOAD CMakeFiles/Project.elf.dir/Lib/Src/stm32f10x_cec.c.obj
LOAD CMakeFiles/Project.elf.dir/Lib/Src/stm32f10x_crc.c.obj
LOAD CMakeFiles/Project.elf.dir/Lib/Src/stm32f10x_dac.c.obj
LOAD CMakeFiles/Project.elf.dir/Lib/Src/stm32f10x_dbgmcu.c.obj
LOAD CMakeFiles/Project.elf.dir/Lib/Src/stm32f10x_dma.c.obj
LOAD CMakeFiles/Project.elf.dir/Lib/Src/stm32f10x_exti.c.obj
LOAD CMakeFiles/Project.elf.dir/Lib/Src/stm32f10x_flash.c.obj
LOAD CMakeFiles/Project.elf.dir/Lib/Src/stm32f10x_fsmc.c.obj
LOAD CMakeFiles/Project.elf.dir/Lib/Src/stm32f10x_gpio.c.obj
LOAD CMakeFiles/Project.elf.dir/Lib/Src/stm32f10x_i2c.c.obj
LOAD CMakeFiles/Project.elf.dir/Lib/Src/stm32f10x_iwdg.c.obj
LOAD CMakeFiles/Project.elf.dir/Lib/Src/stm32f10x_pwr.c.obj
LOAD CMakeFiles/Project.elf.dir/Lib/Src/stm32f10x_rcc.c.obj
LOAD CMakeFiles/Project.elf.dir/Lib/Src/stm32f10x_rtc.c.obj
LOAD CMakeFiles/Project.elf.dir/Lib/Src/stm32f10x_sdio.c.obj
LOAD CMakeFiles/Project.elf.dir/Lib/Src/stm32f10x_spi.c.obj
LOAD CMakeFiles/Project.elf.dir/Lib/Src/stm32f10x_tim.c.obj
LOAD CMakeFiles/Project.elf.dir/Lib/Src/stm32f10x_usart.c.obj
LOAD CMakeFiles/Project.elf.dir/Lib/Src/stm32f10x_wwdg.c.obj
LOAD CMakeFiles/Project.elf.dir/Project/Code-Cmake/startup_stm32f10x_md.s.obj
LOAD CMakeFiles/Project.elf.dir/Start/Src/core_cm3.c.obj
LOAD CMakeFiles/Project.elf.dir/Start/Src/stm32f10x_it.c.obj
LOAD CMakeFiles/Project.elf.dir/Start/Src/system_stm32f10x.c.obj
LOAD CMakeFiles/Project.elf.dir/System/Src/Delay.c.obj
LOAD CMakeFiles/Project.elf.dir/User/main.c.obj
START GROUP
LOAD /usr/lib/gcc/arm-none-eabi/10.3.1/thumb/v7-m/nofp/libgcc.a
LOAD /usr/lib/gcc/arm-none-eabi/10.3.1/../../../arm-none-eabi/lib/thumb/v7-m/nofp/libc_nano.a
END GROUP
START GROUP
LOAD /usr/lib/gcc/arm-none-eabi/10.3.1/thumb/v7-m/nofp/libgcc.a
LOAD /usr/lib/gcc/arm-none-eabi/10.3.1/../../../arm-none-eabi/lib/thumb/v7-m/nofp/libc_nano.a
LOAD /usr/lib/gcc/arm-none-eabi/10.3.1/../../../arm-none-eabi/lib/thumb/v7-m/nofp/libnosys.a
END GROUP
START GROUP
LOAD /usr/lib/gcc/arm-none-eabi/10.3.1/thumb/v7-m/nofp/libgcc.a
LOAD /usr/lib/gcc/arm-none-eabi/10.3.1/../../../arm-none-eabi/lib/thumb/v7-m/nofp/libc_nano.a
LOAD /usr/lib/gcc/arm-none-eabi/10.3.1/../../../arm-none-eabi/lib/thumb/v7-m/nofp/libnosys.a
END GROUP
LOAD /usr/lib/gcc/arm-none-eabi/10.3.1/thumb/v7-m/nofp/crtend.o
LOAD /usr/lib/gcc/arm-none-eabi/10.3.1/thumb/v7-m/nofp/crtn.o
                0x0000000020005000                _estack = (ORIGIN (RAM) + LENGTH (RAM))
                0x0000000000000200                _Min_Heap_Size = 0x200
                0x0000000000000400                _Min_Stack_Size = 0x400

.isr_vector     0x0000000008000000      0x10c
                0x0000000008000000                . = ALIGN (0x4)
 *(.isr_vector)
 .isr_vector    0x0000000008000000      0x10c CMakeFiles/Project.elf.dir/Project/Code-Cmake/startup_stm32f10x_md.s.obj
                0x0000000008000000                g_pfnVectors
                0x000000000800010c                . = ALIGN (0x4)

.text           0x0000000008000110     0x5570
                0x0000000008000110                . = ALIGN (0x4)
 *(.text)
 .text          0x0000000008000110       0x88 /usr/lib/gcc/arm-none-eabi/10.3.1/thumb/v7-m/nofp/crtbegin.o
 .text          0x0000000008000198      0x378 /usr/lib/gcc/arm-none-eabi/10.3.1/thumb/v7-m/nofp/libgcc.a(_arm_addsubdf3.o)
                0x0000000008000198                __aeabi_drsub
                0x00000000080001a0                __aeabi_dsub
                0x00000000080001a0                __subdf3
                0x00000000080001a4                __adddf3
                0x00000000080001a4                __aeabi_dadd
                0x000000000800041c                __aeabi_ui2d
                0x000000000800041c                __floatunsidf
                0x000000000800043c                __floatsidf
                0x000000000800043c                __aeabi_i2d
                0x0000000008000460                __extendsfdf2
                0x0000000008000460                __aeabi_f2d
                0x00000000080004a4                __aeabi_ul2d
                0x00000000080004a4                __floatundidf
                0x00000000080004b4                __floatdidf
                0x00000000080004b4                __aeabi_l2d
 .text          0x0000000008000510       0xa4 /usr/lib/gcc/arm-none-eabi/10.3.1/../../../arm-none-eabi/lib/thumb/v7-m/nofp/libc_nano.a(lib_a-memset.o)
                0x0000000008000510                memset
 .text          0x00000000080005b4      0x6e4 /usr/lib/gcc/arm-none-eabi/10.3.1/../../../arm-none-eabi/lib/thumb/v7-m/nofp/libc_nano.a(lib_a-nano-vfprintf_float.o)
                0x00000000080005b4                __cvt
                0x00000000080006a8                __exponent
                0x0000000008000744                _printf_float
 .text          0x0000000008000c98      0x3d8 /usr/lib/gcc/arm-none-eabi/10.3.1/../../../arm-none-eabi/lib/thumb/v7-m/nofp/libc_nano.a(lib_a-nano-vfprintf_i.o)
                0x0000000008000c98                _printf_common
                0x0000000008000dc4                _printf_i
 .text          0x0000000008001070       0x5c /usr/lib/gcc/arm-none-eabi/10.3.1/../../../arm-none-eabi/lib/thumb/v7-m/nofp/libc_nano.a(lib_a-strlen-stub.o)
                0x0000000008001070                strlen
 *fill*         0x00000000080010cc        0x4 
 .text          0x00000000080010d0     0x1034 /usr/lib/gcc/arm-none-eabi/10.3.1/../../../arm-none-eabi/lib/thumb/v7-m/nofp/libc_nano.a(lib_a-dtoa.o)
                0x00000000080011fc                _dtoa_r
 .text          0x0000000008002104       0x14 /usr/lib/gcc/arm-none-eabi/10.3.1/../../../arm-none-eabi/lib/thumb/v7-m/nofp/libc_nano.a(lib_a-localeconv.o)
                0x0000000008002104                __localeconv_l
                0x0000000008002108                _localeconv_r
                0x0000000008002110                localeconv
 .text          0x0000000008002118       0x20 /usr/lib/gcc/arm-none-eabi/10.3.1/../../../arm-none-eabi/lib/thumb/v7-m/nofp/libc_nano.a(lib_a-malloc.o)
                0x0000000008002118                malloc
                0x0000000008002128                free
 .text          0x0000000008002138       0x90 /usr/lib/gcc/arm-none-eabi/10.3.1/../../../arm-none-eabi/lib/thumb/v7-m/nofp/libc_nano.a(lib_a-memchr-stub.o)
                0x0000000008002138                memchr
 .text          0x00000000080021c8       0xec /usr/lib/gcc/arm-none-eabi/10.3.1/../../../arm-none-eabi/lib/thumb/v7-m/nofp/libc_nano.a(lib_a-memcpy.o)
                0x00000000080021c8                memcpy
 .text          0x00000000080022b4      0xabc /usr/lib/gcc/arm-none-eabi/10.3.1/../../../arm-none-eabi/lib/thumb/v7-m/nofp/libc_nano.a(lib_a-mprec.o)
                0x00000000080022b4                _Balloc
                0x0000000008002334                _Bfree
                0x000000000800237c                __multadd
                0x0000000008002418                __s2b
                0x00000000080024cc                __hi0bits
                0x000000000800250c                __lo0bits
                0x0000000008002564                __i2b
                0x0000000008002590                __multiply
                0x00000000080026ec                __pow5mult
                0x00000000080027cc                __lshift
                0x00000000080028b4                __mcmp
                0x00000000080028f4                __mdiff
                0x0000000008002a40                __ulp
                0x0000000008002a84                __b2d
                0x0000000008002b54                __d2b
                0x0000000008002c18                __ratio
                0x0000000008002c78                _mprec_log10
                0x0000000008002cb0                __copybits
                0x0000000008002d10                __any_on
 .text          0x0000000008002d70       0x1c /usr/lib/gcc/arm-none-eabi/10.3.1/../../../arm-none-eabi/lib/thumb/v7-m/nofp/libc_nano.a(lib_a-nano-callocr.o)
                0x0000000008002d70                _calloc_r
 .text          0x0000000008002d8c       0xcc /usr/lib/gcc/arm-none-eabi/10.3.1/../../../arm-none-eabi/lib/thumb/v7-m/nofp/libc_nano.a(lib_a-nano-freer.o)
                0x0000000008002d8c                _free_r
 .text          0x0000000008002e58       0xb8 /usr/lib/gcc/arm-none-eabi/10.3.1/../../../arm-none-eabi/lib/thumb/v7-m/nofp/libc_nano.a(lib_a-nano-mallocr.o)
                0x0000000008002e58                _malloc_r
 .text          0x0000000008002f10       0x24 /usr/lib/gcc/arm-none-eabi/10.3.1/../../../arm-none-eabi/lib/thumb/v7-m/nofp/libc_nano.a(lib_a-sbrkr.o)
                0x0000000008002f10                _sbrk_r
 .text          0x0000000008002f34       0x4c /usr/lib/gcc/arm-none-eabi/10.3.1/../../../arm-none-eabi/lib/thumb/v7-m/nofp/libc_nano.a(lib_a-assert.o)
                0x0000000008002f34                __assert_func
                0x0000000008002f74                __assert
 .text          0x0000000008002f80       0x44 /usr/lib/gcc/arm-none-eabi/10.3.1/../../../arm-none-eabi/lib/thumb/v7-m/nofp/libc_nano.a(lib_a-fprintf.o)
                0x0000000008002f80                _fprintf_r
                0x0000000008002f80                _fiprintf_r
                0x0000000008002f9c                fprintf
                0x0000000008002f9c                fiprintf
 .text          0x0000000008002fc4       0x40 /usr/lib/gcc/arm-none-eabi/10.3.1/../../../arm-none-eabi/lib/thumb/v7-m/nofp/libc_nano.a(lib_a-mbtowc_r.o)
                0x0000000008002fc4                _mbtowc_r
                0x0000000008002fd8                __ascii_mbtowc
 .text          0x0000000008003004        0x8 /usr/lib/gcc/arm-none-eabi/10.3.1/../../../arm-none-eabi/lib/thumb/v7-m/nofp/libc_nano.a(lib_a-mlock.o)
                0x0000000008003004                __malloc_lock
                0x0000000008003008                __malloc_unlock
 .text          0x000000000800300c      0x320 /usr/lib/gcc/arm-none-eabi/10.3.1/../../../arm-none-eabi/lib/thumb/v7-m/nofp/libc_nano.a(lib_a-nano-vfprintf.o)
                0x0000000008003034                __sfputs_r
                0x0000000008003064                __sprint_r
                0x0000000008003080                _vfiprintf_r
                0x0000000008003080                _vfprintf_r
                0x0000000008003310                vfiprintf
                0x0000000008003310                vfprintf
 .text          0x000000000800332c       0xc4 /usr/lib/gcc/arm-none-eabi/10.3.1/../../../arm-none-eabi/lib/thumb/v7-m/nofp/libc_nano.a(lib_a-wbuf.o)
                0x000000000800332c                __swbuf_r
                0x00000000080033dc                __swbuf
 .text          0x00000000080033f0       0x30 /usr/lib/gcc/arm-none-eabi/10.3.1/../../../arm-none-eabi/lib/thumb/v7-m/nofp/libc_nano.a(lib_a-wctomb_r.o)
                0x00000000080033f0                _wctomb_r
                0x0000000008003404                __ascii_wctomb
 .text          0x0000000008003420      0x104 /usr/lib/gcc/arm-none-eabi/10.3.1/../../../arm-none-eabi/lib/thumb/v7-m/nofp/libc_nano.a(lib_a-wsetup.o)
                0x0000000008003420                __swsetup_r
 .text          0x0000000008003524       0x10 /usr/lib/gcc/arm-none-eabi/10.3.1/../../../arm-none-eabi/lib/thumb/v7-m/nofp/libc_nano.a(lib_a-abort.o)
                0x0000000008003524                abort
 .text          0x0000000008003534      0x1dc /usr/lib/gcc/arm-none-eabi/10.3.1/../../../arm-none-eabi/lib/thumb/v7-m/nofp/libc_nano.a(lib_a-fflush.o)
                0x0000000008003534                __sflush_r
                0x000000000800363c                _fflush_r
                0x0000000008003690                fflush
 .text          0x0000000008003710      0x230 /usr/lib/gcc/arm-none-eabi/10.3.1/../../../arm-none-eabi/lib/thumb/v7-m/nofp/libc_nano.a(lib_a-findfp.o)
                0x0000000008003714                _cleanup_r
                0x0000000008003724                __sfmoreglue
                0x0000000008003754                __sfp
                0x00000000080038ec                _cleanup
                0x0000000008003900                __sinit
                0x0000000008003908                __sfp_lock_acquire
                0x000000000800390c                __sfp_lock_release
                0x0000000008003910                __sinit_lock_acquire
                0x0000000008003914                __sinit_lock_release
                0x0000000008003918                __fp_lock_all
                0x000000000800392c                __fp_unlock_all
 .text          0x0000000008003940      0x2f0 /usr/lib/gcc/arm-none-eabi/10.3.1/../../../arm-none-eabi/lib/thumb/v7-m/nofp/libc_nano.a(lib_a-fvwrite.o)
                0x0000000008003940                __sfvwrite_r
 .text          0x0000000008003c30       0x88 /usr/lib/gcc/arm-none-eabi/10.3.1/../../../arm-none-eabi/lib/thumb/v7-m/nofp/libc_nano.a(lib_a-fwalk.o)
                0x0000000008003c30                _fwalk
                0x0000000008003c70                _fwalk_reent
 .text          0x0000000008003cb8      0x11c /usr/lib/gcc/arm-none-eabi/10.3.1/../../../arm-none-eabi/lib/thumb/v7-m/nofp/libc_nano.a(lib_a-makebuf.o)
                0x0000000008003cb8                __smakebuf_r
                0x0000000008003d78                __swhatbuf_r
 .text          0x0000000008003dd4       0xf8 /usr/lib/gcc/arm-none-eabi/10.3.1/../../../arm-none-eabi/lib/thumb/v7-m/nofp/libc_nano.a(lib_a-memmove.o)
                0x0000000008003dd4                memmove
 .text          0x0000000008003ecc       0x50 /usr/lib/gcc/arm-none-eabi/10.3.1/../../../arm-none-eabi/lib/thumb/v7-m/nofp/libc_nano.a(lib_a-nano-reallocr.o)
                0x0000000008003ecc                _realloc_r
 .text          0x0000000008003f1c      0x26c /usr/lib/gcc/arm-none-eabi/10.3.1/../../../arm-none-eabi/lib/thumb/v7-m/nofp/libc_nano.a(lib_a-signal.o)
                0x0000000008003f1c                _init_signal_r
                0x0000000008003f48                _signal_r
                0x0000000008003f90                _raise_r
                0x0000000008003fe4                __sigtramp_r
                0x0000000008004048                raise
                0x00000000080040a0                signal
                0x00000000080040f0                _init_signal
                0x0000000008004124                __sigtramp
 .text          0x0000000008004188       0x2c /usr/lib/gcc/arm-none-eabi/10.3.1/../../../arm-none-eabi/lib/thumb/v7-m/nofp/libc_nano.a(lib_a-signalr.o)
                0x0000000008004188                _kill_r
                0x00000000080041b0                _getpid_r
 .text          0x00000000080041b4       0x90 /usr/lib/gcc/arm-none-eabi/10.3.1/../../../arm-none-eabi/lib/thumb/v7-m/nofp/libc_nano.a(lib_a-stdio.o)
                0x00000000080041b4                __sread
                0x00000000080041d8                __seofread
                0x00000000080041dc                __swrite
                0x000000000800421c                __sseek
                0x000000000800423c                __sclose
 .text          0x0000000008004244       0x2c /usr/lib/gcc/arm-none-eabi/10.3.1/../../../arm-none-eabi/lib/thumb/v7-m/nofp/libc_nano.a(lib_a-writer.o)
                0x0000000008004244                _write_r
 .text          0x0000000008004270       0x24 /usr/lib/gcc/arm-none-eabi/10.3.1/../../../arm-none-eabi/lib/thumb/v7-m/nofp/libc_nano.a(lib_a-closer.o)
                0x0000000008004270                _close_r
 .text          0x0000000008004294       0x28 /usr/lib/gcc/arm-none-eabi/10.3.1/../../../arm-none-eabi/lib/thumb/v7-m/nofp/libc_nano.a(lib_a-fstatr.o)
                0x0000000008004294                _fstat_r
 .text          0x00000000080042bc       0x24 /usr/lib/gcc/arm-none-eabi/10.3.1/../../../arm-none-eabi/lib/thumb/v7-m/nofp/libc_nano.a(lib_a-isattyr.o)
                0x00000000080042bc                _isatty_r
 .text          0x00000000080042e0       0x2c /usr/lib/gcc/arm-none-eabi/10.3.1/../../../arm-none-eabi/lib/thumb/v7-m/nofp/libc_nano.a(lib_a-lseekr.o)
                0x00000000080042e0                _lseek_r
 .text          0x000000000800430c       0x14 /usr/lib/gcc/arm-none-eabi/10.3.1/../../../arm-none-eabi/lib/thumb/v7-m/nofp/libc_nano.a(lib_a-nano-msizer.o)
                0x000000000800430c                _malloc_usable_size_r
 .text          0x0000000008004320       0x2c /usr/lib/gcc/arm-none-eabi/10.3.1/../../../arm-none-eabi/lib/thumb/v7-m/nofp/libc_nano.a(lib_a-readr.o)
                0x0000000008004320                _read_r
 .text          0x000000000800434c      0x424 /usr/lib/gcc/arm-none-eabi/10.3.1/thumb/v7-m/nofp/libgcc.a(_arm_muldivdf3.o)
                0x000000000800434c                __aeabi_dmul
                0x000000000800434c                __muldf3
                0x00000000080045a0                __aeabi_ddiv
                0x00000000080045a0                __divdf3
 .text          0x0000000008004770      0x110 /usr/lib/gcc/arm-none-eabi/10.3.1/thumb/v7-m/nofp/libgcc.a(_arm_cmpdf2.o)
                0x0000000008004770                __gtdf2
                0x0000000008004770                __gedf2
                0x0000000008004778                __ltdf2
                0x0000000008004778                __ledf2
                0x0000000008004780                __cmpdf2
                0x0000000008004780                __eqdf2
                0x0000000008004780                __nedf2
                0x00000000080047fc                __aeabi_cdrcmple
                0x000000000800480c                __aeabi_cdcmple
                0x000000000800480c                __aeabi_cdcmpeq
                0x000000000800481c                __aeabi_dcmpeq
                0x0000000008004830                __aeabi_dcmplt
                0x0000000008004844                __aeabi_dcmple
                0x0000000008004858                __aeabi_dcmpge
                0x000000000800486c                __aeabi_dcmpgt
 .text          0x0000000008004880       0x2c /usr/lib/gcc/arm-none-eabi/10.3.1/thumb/v7-m/nofp/libgcc.a(_arm_unorddf2.o)
                0x0000000008004880                __aeabi_dcmpun
                0x0000000008004880                __unorddf2
 .text          0x00000000080048ac       0x50 /usr/lib/gcc/arm-none-eabi/10.3.1/thumb/v7-m/nofp/libgcc.a(_arm_fixdfsi.o)
                0x00000000080048ac                __fixdfsi
                0x00000000080048ac                __aeabi_d2iz
 .text          0x00000000080048fc       0x10 /usr/lib/gcc/arm-none-eabi/10.3.1/../../../arm-none-eabi/lib/thumb/v7-m/nofp/libnosys.a(close.o)
                0x00000000080048fc                _close
 .text          0x000000000800490c       0x10 /usr/lib/gcc/arm-none-eabi/10.3.1/../../../arm-none-eabi/lib/thumb/v7-m/nofp/libnosys.a(fstat.o)
                0x000000000800490c                _fstat
 .text          0x000000000800491c       0x10 /usr/lib/gcc/arm-none-eabi/10.3.1/../../../arm-none-eabi/lib/thumb/v7-m/nofp/libnosys.a(getpid.o)
                0x000000000800491c                _getpid
 .text          0x000000000800492c       0x10 /usr/lib/gcc/arm-none-eabi/10.3.1/../../../arm-none-eabi/lib/thumb/v7-m/nofp/libnosys.a(isatty.o)
                0x000000000800492c                _isatty
 .text          0x000000000800493c       0x10 /usr/lib/gcc/arm-none-eabi/10.3.1/../../../arm-none-eabi/lib/thumb/v7-m/nofp/libnosys.a(kill.o)
                0x000000000800493c                _kill
 .text          0x000000000800494c       0x10 /usr/lib/gcc/arm-none-eabi/10.3.1/../../../arm-none-eabi/lib/thumb/v7-m/nofp/libnosys.a(lseek.o)
                0x000000000800494c                _lseek
 .text          0x000000000800495c       0x10 /usr/lib/gcc/arm-none-eabi/10.3.1/../../../arm-none-eabi/lib/thumb/v7-m/nofp/libnosys.a(read.o)
                0x000000000800495c                _read
 .text          0x000000000800496c       0x1c /usr/lib/gcc/arm-none-eabi/10.3.1/../../../arm-none-eabi/lib/thumb/v7-m/nofp/libnosys.a(sbrk.o)
                0x000000000800496c                _sbrk
 .text          0x0000000008004988       0x10 /usr/lib/gcc/arm-none-eabi/10.3.1/../../../arm-none-eabi/lib/thumb/v7-m/nofp/libnosys.a(write.o)
                0x0000000008004988                _write
 .text          0x0000000008004998        0x4 /usr/lib/gcc/arm-none-eabi/10.3.1/../../../arm-none-eabi/lib/thumb/v7-m/nofp/libnosys.a(_exit.o)
                0x0000000008004998                _exit
 *(.text*)
 .text.AD_Init  0x000000000800499c       0x98 CMakeFiles/Project.elf.dir/Code/Src/AD.c.obj
                0x000000000800499c                AD_Init
 .text.AD_GetValue
                0x0000000008004a34       0x24 CMakeFiles/Project.elf.dir/Code/Src/AD.c.obj
                0x0000000008004a34                AD_GetValue
 .text.EXTI0_IRQHandler
                0x0000000008004a58       0x40 CMakeFiles/Project.elf.dir/Code/Src/Encoder.c.obj
                0x0000000008004a58                EXTI0_IRQHandler
 .text.EXTI1_IRQHandler
                0x0000000008004a98       0x40 CMakeFiles/Project.elf.dir/Code/Src/Encoder.c.obj
                0x0000000008004a98                EXTI1_IRQHandler
 .text.I2C_Configuration
                0x0000000008004ad8       0x80 CMakeFiles/Project.elf.dir/Code/Src/I2COLED.c.obj
                0x0000000008004ad8                I2C_Configuration
 .text.I2C_WriteByte
                0x0000000008004b58       0x80 CMakeFiles/Project.elf.dir/Code/Src/I2COLED.c.obj
                0x0000000008004b58                I2C_WriteByte
 .text.WriteCmd
                0x0000000008004bd8        0xc CMakeFiles/Project.elf.dir/Code/Src/I2COLED.c.obj
                0x0000000008004bd8                WriteCmd
 .text.WriteDat
                0x0000000008004be4        0xc CMakeFiles/Project.elf.dir/Code/Src/I2COLED.c.obj
                0x0000000008004be4                WriteDat
 .text.I2COLED_SetPos
                0x0000000008004bf0       0x26 CMakeFiles/Project.elf.dir/Code/Src/I2COLED.c.obj
                0x0000000008004bf0                I2COLED_SetPos
 .text.I2COLED_Fill
                0x0000000008004c16       0x3c CMakeFiles/Project.elf.dir/Code/Src/I2COLED.c.obj
                0x0000000008004c16                I2COLED_Fill
 .text.I2COLED_Init
                0x0000000008004c52       0xc2 CMakeFiles/Project.elf.dir/Code/Src/I2COLED.c.obj
                0x0000000008004c52                I2COLED_Init
 .text.I2COLED_Pow
                0x0000000008004d14       0x14 CMakeFiles/Project.elf.dir/Code/Src/I2COLED.c.obj
                0x0000000008004d14                I2COLED_Pow
 .text.I2COLED_ShowChar
                0x0000000008004d28       0xa8 CMakeFiles/Project.elf.dir/Code/Src/I2COLED.c.obj
                0x0000000008004d28                I2COLED_ShowChar
 .text.I2COLED_ShowNum
                0x0000000008004dd0       0xe0 CMakeFiles/Project.elf.dir/Code/Src/I2COLED.c.obj
                0x0000000008004dd0                I2COLED_ShowNum
 .text.OLED_Init
                0x0000000008004eb0        0x8 CMakeFiles/Project.elf.dir/Code/Src/OLED.c.obj
                0x0000000008004eb0                OLED_Init
 .text.OLED_ShowChar
                0x0000000008004eb8       0x1c CMakeFiles/Project.elf.dir/Code/Src/OLED.c.obj
                0x0000000008004eb8                OLED_ShowChar
 .text.OLED_ShowString
                0x0000000008004ed4       0x22 CMakeFiles/Project.elf.dir/Code/Src/OLED.c.obj
                0x0000000008004ed4                OLED_ShowString
 .text.OLED_ShowNum
                0x0000000008004ef6       0x24 CMakeFiles/Project.elf.dir/Code/Src/OLED.c.obj
                0x0000000008004ef6                OLED_ShowNum
 *fill*         0x0000000008004f1a        0x2 
 .text.ADC_Init
                0x0000000008004f1c       0x4c CMakeFiles/Project.elf.dir/Lib/Src/stm32f10x_adc.c.obj
                0x0000000008004f1c                ADC_Init
 .text.ADC_Cmd  0x0000000008004f68       0x16 CMakeFiles/Project.elf.dir/Lib/Src/stm32f10x_adc.c.obj
                0x0000000008004f68                ADC_Cmd
 .text.ADC_ResetCalibration
                0x0000000008004f7e        0xa CMakeFiles/Project.elf.dir/Lib/Src/stm32f10x_adc.c.obj
                0x0000000008004f7e                ADC_ResetCalibration
 .text.ADC_GetResetCalibrationStatus
                0x0000000008004f88       0x10 CMakeFiles/Project.elf.dir/Lib/Src/stm32f10x_adc.c.obj
                0x0000000008004f88                ADC_GetResetCalibrationStatus
 .text.ADC_StartCalibration
                0x0000000008004f98        0xa CMakeFiles/Project.elf.dir/Lib/Src/stm32f10x_adc.c.obj
                0x0000000008004f98                ADC_StartCalibration
 .text.ADC_GetCalibrationStatus
                0x0000000008004fa2       0x10 CMakeFiles/Project.elf.dir/Lib/Src/stm32f10x_adc.c.obj
                0x0000000008004fa2                ADC_GetCalibrationStatus
 .text.ADC_SoftwareStartConvCmd
                0x0000000008004fb2       0x16 CMakeFiles/Project.elf.dir/Lib/Src/stm32f10x_adc.c.obj
                0x0000000008004fb2                ADC_SoftwareStartConvCmd
 .text.ADC_RegularChannelConfig
                0x0000000008004fc8       0x98 CMakeFiles/Project.elf.dir/Lib/Src/stm32f10x_adc.c.obj
                0x0000000008004fc8                ADC_RegularChannelConfig
 .text.ADC_GetConversionValue
                0x0000000008005060        0x6 CMakeFiles/Project.elf.dir/Lib/Src/stm32f10x_adc.c.obj
                0x0000000008005060                ADC_GetConversionValue
 .text.ADC_GetFlagStatus
                0x0000000008005066        0xe CMakeFiles/Project.elf.dir/Lib/Src/stm32f10x_adc.c.obj
                0x0000000008005066                ADC_GetFlagStatus
 .text.EXTI_GetITStatus
                0x0000000008005074       0x20 CMakeFiles/Project.elf.dir/Lib/Src/stm32f10x_exti.c.obj
                0x0000000008005074                EXTI_GetITStatus
 .text.EXTI_ClearITPendingBit
                0x0000000008005094        0xc CMakeFiles/Project.elf.dir/Lib/Src/stm32f10x_exti.c.obj
                0x0000000008005094                EXTI_ClearITPendingBit
 .text.GPIO_Init
                0x00000000080050a0       0xb2 CMakeFiles/Project.elf.dir/Lib/Src/stm32f10x_gpio.c.obj
                0x00000000080050a0                GPIO_Init
 .text.GPIO_ReadInputDataBit
                0x0000000008005152        0xe CMakeFiles/Project.elf.dir/Lib/Src/stm32f10x_gpio.c.obj
                0x0000000008005152                GPIO_ReadInputDataBit
 .text.I2C_DeInit
                0x0000000008005160       0x38 CMakeFiles/Project.elf.dir/Lib/Src/stm32f10x_i2c.c.obj
                0x0000000008005160                I2C_DeInit
 .text.I2C_Init
                0x0000000008005198       0xdc CMakeFiles/Project.elf.dir/Lib/Src/stm32f10x_i2c.c.obj
                0x0000000008005198                I2C_Init
 .text.I2C_Cmd  0x0000000008005274       0x1c CMakeFiles/Project.elf.dir/Lib/Src/stm32f10x_i2c.c.obj
                0x0000000008005274                I2C_Cmd
 .text.I2C_GenerateSTART
                0x0000000008005290       0x1c CMakeFiles/Project.elf.dir/Lib/Src/stm32f10x_i2c.c.obj
                0x0000000008005290                I2C_GenerateSTART
 .text.I2C_GenerateSTOP
                0x00000000080052ac       0x1c CMakeFiles/Project.elf.dir/Lib/Src/stm32f10x_i2c.c.obj
                0x00000000080052ac                I2C_GenerateSTOP
 .text.I2C_SendData
                0x00000000080052c8        0x4 CMakeFiles/Project.elf.dir/Lib/Src/stm32f10x_i2c.c.obj
                0x00000000080052c8                I2C_SendData
 .text.I2C_Send7bitAddress
                0x00000000080052cc       0x12 CMakeFiles/Project.elf.dir/Lib/Src/stm32f10x_i2c.c.obj
                0x00000000080052cc                I2C_Send7bitAddress
 .text.I2C_CheckEvent
                0x00000000080052de       0x1c CMakeFiles/Project.elf.dir/Lib/Src/stm32f10x_i2c.c.obj
                0x00000000080052de                I2C_CheckEvent
 .text.I2C_GetFlagStatus
                0x00000000080052fa       0x38 CMakeFiles/Project.elf.dir/Lib/Src/stm32f10x_i2c.c.obj
                0x00000000080052fa                I2C_GetFlagStatus
 *fill*         0x0000000008005332        0x2 
 .text.RCC_ADCCLKConfig
                0x0000000008005334       0x14 CMakeFiles/Project.elf.dir/Lib/Src/stm32f10x_rcc.c.obj
                0x0000000008005334                RCC_ADCCLKConfig
 .text.RCC_GetClocksFreq
                0x0000000008005348       0xbc CMakeFiles/Project.elf.dir/Lib/Src/stm32f10x_rcc.c.obj
                0x0000000008005348                RCC_GetClocksFreq
 .text.RCC_APB2PeriphClockCmd
                0x0000000008005404       0x1c CMakeFiles/Project.elf.dir/Lib/Src/stm32f10x_rcc.c.obj
                0x0000000008005404                RCC_APB2PeriphClockCmd
 .text.RCC_APB1PeriphClockCmd
                0x0000000008005420       0x1c CMakeFiles/Project.elf.dir/Lib/Src/stm32f10x_rcc.c.obj
                0x0000000008005420                RCC_APB1PeriphClockCmd
 .text.RCC_APB2PeriphResetCmd
                0x000000000800543c       0x1c CMakeFiles/Project.elf.dir/Lib/Src/stm32f10x_rcc.c.obj
                0x000000000800543c                RCC_APB2PeriphResetCmd
 .text.RCC_APB1PeriphResetCmd
                0x0000000008005458       0x1c CMakeFiles/Project.elf.dir/Lib/Src/stm32f10x_rcc.c.obj
                0x0000000008005458                RCC_APB1PeriphResetCmd
 .text.Reset_Handler
                0x0000000008005474       0x44 CMakeFiles/Project.elf.dir/Project/Code-Cmake/startup_stm32f10x_md.s.obj
                0x0000000008005474                Reset_Handler
 .text.Default_Handler
                0x00000000080054b8        0x2 CMakeFiles/Project.elf.dir/Project/Code-Cmake/startup_stm32f10x_md.s.obj
                0x00000000080054b8                EXTI2_IRQHandler
                0x00000000080054b8                TIM1_CC_IRQHandler
                0x00000000080054b8                PVD_IRQHandler
                0x00000000080054b8                EXTI3_IRQHandler
                0x00000000080054b8                I2C2_EV_IRQHandler
                0x00000000080054b8                ADC1_2_IRQHandler
                0x00000000080054b8                SPI1_IRQHandler
                0x00000000080054b8                TAMPER_IRQHandler
                0x00000000080054b8                DMA1_Channel4_IRQHandler
                0x00000000080054b8                USART3_IRQHandler
                0x00000000080054b8                RTC_IRQHandler
                0x00000000080054b8                DMA1_Channel7_IRQHandler
                0x00000000080054b8                CAN1_RX1_IRQHandler
                0x00000000080054b8                TIM4_IRQHandler
                0x00000000080054b8                I2C1_EV_IRQHandler
                0x00000000080054b8                DMA1_Channel6_IRQHandler
                0x00000000080054b8                TIM3_IRQHandler
                0x00000000080054b8                RCC_IRQHandler
                0x00000000080054b8                TIM1_TRG_COM_IRQHandler
                0x00000000080054b8                DMA1_Channel1_IRQHandler
                0x00000000080054b8                Default_Handler
                0x00000000080054b8                EXTI15_10_IRQHandler
                0x00000000080054b8                EXTI9_5_IRQHandler
                0x00000000080054b8                SPI2_IRQHandler
                0x00000000080054b8                DMA1_Channel5_IRQHandler
                0x00000000080054b8                EXTI4_IRQHandler
                0x00000000080054b8                USB_LP_CAN1_RX0_IRQHandler
                0x00000000080054b8                USB_HP_CAN1_TX_IRQHandler
                0x00000000080054b8                DMA1_Channel3_IRQHandler
                0x00000000080054b8                TIM1_UP_IRQHandler
                0x00000000080054b8                WWDG_IRQHandler
                0x00000000080054b8                TIM2_IRQHandler
                0x00000000080054b8                TIM1_BRK_IRQHandler
                0x00000000080054b8                RTCAlarm_IRQHandler
                0x00000000080054b8                USART2_IRQHandler
                0x00000000080054b8                I2C2_ER_IRQHandler
                0x00000000080054b8                DMA1_Channel2_IRQHandler
                0x00000000080054b8                CAN1_SCE_IRQHandler
                0x00000000080054b8                FLASH_IRQHandler
                0x00000000080054b8                USART1_IRQHandler
                0x00000000080054b8                I2C1_ER_IRQHandler
                0x00000000080054b8                USBWakeUp_IRQHandler
 .text.NMI_Handler
                0x00000000080054ba        0x2 CMakeFiles/Project.elf.dir/Start/Src/stm32f10x_it.c.obj
                0x00000000080054ba                NMI_Handler
 .text.HardFault_Handler
                0x00000000080054bc        0x2 CMakeFiles/Project.elf.dir/Start/Src/stm32f10x_it.c.obj
                0x00000000080054bc                HardFault_Handler
 .text.MemManage_Handler
                0x00000000080054be        0x2 CMakeFiles/Project.elf.dir/Start/Src/stm32f10x_it.c.obj
                0x00000000080054be                MemManage_Handler
 .text.BusFault_Handler
                0x00000000080054c0        0x2 CMakeFiles/Project.elf.dir/Start/Src/stm32f10x_it.c.obj
                0x00000000080054c0                BusFault_Handler
 .text.UsageFault_Handler
                0x00000000080054c2        0x2 CMakeFiles/Project.elf.dir/Start/Src/stm32f10x_it.c.obj
                0x00000000080054c2                UsageFault_Handler
 .text.SVC_Handler
                0x00000000080054c4        0x2 CMakeFiles/Project.elf.dir/Start/Src/stm32f10x_it.c.obj
                0x00000000080054c4                SVC_Handler
 .text.DebugMon_Handler
                0x00000000080054c6        0x2 CMakeFiles/Project.elf.dir/Start/Src/stm32f10x_it.c.obj
                0x00000000080054c6                DebugMon_Handler
 .text.PendSV_Handler
                0x00000000080054c8        0x2 CMakeFiles/Project.elf.dir/Start/Src/stm32f10x_it.c.obj
                0x00000000080054c8                PendSV_Handler
 .text.SysTick_Handler
                0x00000000080054ca        0x2 CMakeFiles/Project.elf.dir/Start/Src/stm32f10x_it.c.obj
                0x00000000080054ca                SysTick_Handler
 .text.SetSysClockTo72
                0x00000000080054cc       0xc4 CMakeFiles/Project.elf.dir/Start/Src/system_stm32f10x.c.obj
 .text.SetSysClock
                0x0000000008005590        0x8 CMakeFiles/Project.elf.dir/Start/Src/system_stm32f10x.c.obj
 .text.SystemInit
                0x0000000008005598       0x50 CMakeFiles/Project.elf.dir/Start/Src/system_stm32f10x.c.obj
                0x0000000008005598                SystemInit
 .text.Delay_us
                0x00000000080055e8       0x2a CMakeFiles/Project.elf.dir/System/Src/Delay.c.obj
                0x00000000080055e8                Delay_us
 .text.Delay_ms
                0x0000000008005612       0x16 CMakeFiles/Project.elf.dir/System/Src/Delay.c.obj
                0x0000000008005612                Delay_ms
 .text.main     0x0000000008005628       0x40 CMakeFiles/Project.elf.dir/User/main.c.obj
                0x0000000008005628                main
 *(.glue_7)
 .glue_7        0x0000000008005668        0x0 linker stubs
 *(.glue_7t)
 .glue_7t       0x0000000008005668        0x0 linker stubs
 *(.eh_frame)
 .eh_frame      0x0000000008005668        0x0 /usr/lib/gcc/arm-none-eabi/10.3.1/thumb/v7-m/nofp/crtbegin.o
 *(.init)
 .init          0x0000000008005668        0x4 /usr/lib/gcc/arm-none-eabi/10.3.1/thumb/v7-m/nofp/crti.o
                0x0000000008005668                _init
 .init          0x000000000800566c        0x8 /usr/lib/gcc/arm-none-eabi/10.3.1/thumb/v7-m/nofp/crtn.o
 *(.fini)
 .fini          0x0000000008005674        0x4 /usr/lib/gcc/arm-none-eabi/10.3.1/thumb/v7-m/nofp/crti.o
                0x0000000008005674                _fini
 .fini          0x0000000008005678        0x8 /usr/lib/gcc/arm-none-eabi/10.3.1/thumb/v7-m/nofp/crtn.o
                0x0000000008005680                . = ALIGN (0x4)
                0x0000000008005680                _etext = .

.vfp11_veneer   0x0000000008005680        0x0
 .vfp11_veneer  0x0000000008005680        0x0 linker stubs

.v4_bx          0x0000000008005680        0x0
 .v4_bx         0x0000000008005680        0x0 linker stubs

.iplt           0x0000000008005680        0x0
 .iplt          0x0000000008005680        0x0 /usr/lib/gcc/arm-none-eabi/10.3.1/thumb/v7-m/nofp/crtbegin.o

.rodata         0x0000000008005680      0xbf8
                0x0000000008005680                . = ALIGN (0x4)
 *(.rodata)
 .rodata        0x0000000008005680        0x4 /usr/lib/gcc/arm-none-eabi/10.3.1/../../../arm-none-eabi/lib/thumb/v7-m/nofp/libc_nano.a(lib_a-impure.o)
                0x0000000008005680                _global_impure_ptr
 *fill*         0x0000000008005684        0x4 
 .rodata        0x0000000008005688      0x128 /usr/lib/gcc/arm-none-eabi/10.3.1/../../../arm-none-eabi/lib/thumb/v7-m/nofp/libc_nano.a(lib_a-mprec.o)
                0x0000000008005698                __mprec_tens
                0x0000000008005760                __mprec_tinytens
                0x0000000008005788                __mprec_bigtens
 .rodata        0x00000000080057b0      0x101 /usr/lib/gcc/arm-none-eabi/10.3.1/../../../arm-none-eabi/lib/thumb/v7-m/nofp/libc_nano.a(lib_a-ctype_.o)
                0x00000000080057b0                _ctype_
 *fill*         0x00000000080058b1        0x3 
 .rodata        0x00000000080058b4       0x60 /usr/lib/gcc/arm-none-eabi/10.3.1/../../../arm-none-eabi/lib/thumb/v7-m/nofp/libc_nano.a(lib_a-findfp.o)
                0x00000000080058b4                __sf_fake_stderr
                0x00000000080058d4                __sf_fake_stdout
                0x00000000080058f4                __sf_fake_stdin
 *(.rodata*)
 .rodata.F6x8   0x0000000008005914      0x228 CMakeFiles/Project.elf.dir/Code/Src/I2COLED.c.obj
                0x0000000008005914                F6x8
 .rodata.F8X16  0x0000000008005b3c      0x5f0 CMakeFiles/Project.elf.dir/Code/Src/I2COLED.c.obj
                0x0000000008005b3c                F8X16
 .rodata.main.str1.4
                0x000000000800612c        0x6 CMakeFiles/Project.elf.dir/User/main.c.obj
 *fill*         0x0000000008006132        0x2 
 .rodata.str1.4
                0x0000000008006134       0x12 /usr/lib/gcc/arm-none-eabi/10.3.1/../../../arm-none-eabi/lib/thumb/v7-m/nofp/libc_nano.a(lib_a-nano-vfprintf_float.o)
 *fill*         0x0000000008006146        0x2 
 .rodata.str1.4
                0x0000000008006148       0x25 /usr/lib/gcc/arm-none-eabi/10.3.1/../../../arm-none-eabi/lib/thumb/v7-m/nofp/libc_nano.a(lib_a-nano-vfprintf_i.o)
 *fill*         0x000000000800616d        0x3 
 .rodata.str1.4
                0x0000000008006170       0x6d /usr/lib/gcc/arm-none-eabi/10.3.1/../../../arm-none-eabi/lib/thumb/v7-m/nofp/libc_nano.a(lib_a-dtoa.o)
                                         0x71 (size before relaxing)
 *fill*         0x00000000080061dd        0x3 
 .rodata.str1.4
                0x00000000080061e0       0x33 /usr/lib/gcc/arm-none-eabi/10.3.1/../../../arm-none-eabi/lib/thumb/v7-m/nofp/libc_nano.a(lib_a-mprec.o)
                                         0x5d (size before relaxing)
 *fill*         0x0000000008006213        0x1 
 .rodata.str1.4
                0x0000000008006214       0x3f /usr/lib/gcc/arm-none-eabi/10.3.1/../../../arm-none-eabi/lib/thumb/v7-m/nofp/libc_nano.a(lib_a-assert.o)
                                         0x43 (size before relaxing)
 *fill*         0x0000000008006253        0x1 
 .rodata.str1.4
                0x0000000008006254        0xe /usr/lib/gcc/arm-none-eabi/10.3.1/../../../arm-none-eabi/lib/thumb/v7-m/nofp/libc_nano.a(lib_a-locale.o)
                                         0x12 (size before relaxing)
 *fill*         0x0000000008006262        0x2 
 .rodata.str1.4
                0x0000000008006264       0x13 /usr/lib/gcc/arm-none-eabi/10.3.1/../../../arm-none-eabi/lib/thumb/v7-m/nofp/libc_nano.a(lib_a-nano-vfprintf.o)
                0x0000000008006278                . = ALIGN (0x4)
 *fill*         0x0000000008006277        0x1 

.rel.dyn        0x0000000008006278        0x0
 .rel.iplt      0x0000000008006278        0x0 /usr/lib/gcc/arm-none-eabi/10.3.1/thumb/v7-m/nofp/crtbegin.o

.ARM.extab
 *(.ARM.extab* .gnu.linkonce.armextab.*)

.ARM            0x0000000008006278        0x0
                0x0000000008006278                __exidx_start = .
 *(.ARM.exidx*)
                0x0000000008006278                __exidx_end = .

.preinit_array  0x0000000008006278        0x0
                0x0000000008006278                PROVIDE (__preinit_array_start = .)
 *(.preinit_array*)
                0x0000000008006278                PROVIDE (__preinit_array_end = .)

.init_array     0x0000000008006278        0x4
                0x0000000008006278                PROVIDE (__init_array_start = .)
 *(SORT_BY_NAME(.init_array.*))
 *(.init_array*)
 .init_array    0x0000000008006278        0x4 /usr/lib/gcc/arm-none-eabi/10.3.1/thumb/v7-m/nofp/crtbegin.o
                0x000000000800627c                PROVIDE (__init_array_end = .)

.fini_array     0x000000000800627c        0x4
                0x000000000800627c                PROVIDE (__fini_array_start = .)
 *(SORT_BY_NAME(.fini_array.*))
 *(.fini_array*)
 .fini_array    0x000000000800627c        0x4 /usr/lib/gcc/arm-none-eabi/10.3.1/thumb/v7-m/nofp/crtbegin.o
                0x0000000008006280                PROVIDE (__fini_array_end = .)
                0x0000000008006280                _sidata = LOADADDR (.data)

.data           0x0000000020000000      0x1e4 load address 0x0000000008006280
                0x0000000020000000                . = ALIGN (0x4)
                0x0000000020000000                _sdata = .
 *(.data)
 .data          0x0000000020000000       0x64 /usr/lib/gcc/arm-none-eabi/10.3.1/../../../arm-none-eabi/lib/thumb/v7-m/nofp/libc_nano.a(lib_a-impure.o)
                0x0000000020000000                _impure_ptr
 .data          0x0000000020000064      0x16c /usr/lib/gcc/arm-none-eabi/10.3.1/../../../arm-none-eabi/lib/thumb/v7-m/nofp/libc_nano.a(lib_a-locale.o)
                0x0000000020000064                __global_locale
 *(.data*)
 .data.ADCPrescTable
                0x00000000200001d0        0x4 CMakeFiles/Project.elf.dir/Lib/Src/stm32f10x_rcc.c.obj
 .data.APBAHBPrescTable
                0x00000000200001d4       0x10 CMakeFiles/Project.elf.dir/Lib/Src/stm32f10x_rcc.c.obj
                0x00000000200001e4                . = ALIGN (0x4)
                0x00000000200001e4                _edata = .

.tm_clone_table
                0x00000000200001e4        0x0 load address 0x0000000008006464
 .tm_clone_table
                0x00000000200001e4        0x0 /usr/lib/gcc/arm-none-eabi/10.3.1/thumb/v7-m/nofp/crtbegin.o
 .tm_clone_table
                0x00000000200001e4        0x0 /usr/lib/gcc/arm-none-eabi/10.3.1/thumb/v7-m/nofp/crtend.o

.igot.plt       0x00000000200001e4        0x0 load address 0x0000000008006464
 .igot.plt      0x00000000200001e4        0x0 /usr/lib/gcc/arm-none-eabi/10.3.1/thumb/v7-m/nofp/crtbegin.o
                0x00000000200001e4                . = ALIGN (0x4)

.bss            0x00000000200001e4       0x30 load address 0x0000000008006464
                0x00000000200001e4                _sbss = .
                0x00000000200001e4                __bss_start__ = _sbss
 *(.bss)
 .bss           0x00000000200001e4       0x1c /usr/lib/gcc/arm-none-eabi/10.3.1/thumb/v7-m/nofp/crtbegin.o
 .bss           0x0000000020000200        0x8 /usr/lib/gcc/arm-none-eabi/10.3.1/../../../arm-none-eabi/lib/thumb/v7-m/nofp/libc_nano.a(lib_a-nano-mallocr.o)
                0x0000000020000200                __malloc_free_list
                0x0000000020000204                __malloc_sbrk_start
 .bss           0x0000000020000208        0x4 /usr/lib/gcc/arm-none-eabi/10.3.1/../../../arm-none-eabi/lib/thumb/v7-m/nofp/libc_nano.a(lib_a-reent.o)
                0x0000000020000208                errno
 .bss           0x000000002000020c        0x4 /usr/lib/gcc/arm-none-eabi/10.3.1/../../../arm-none-eabi/lib/thumb/v7-m/nofp/libnosys.a(sbrk.o)
 *(.bss*)
 .bss.Encoder_Count
                0x0000000020000210        0x2 CMakeFiles/Project.elf.dir/Code/Src/Encoder.c.obj
                0x0000000020000210                Encoder_Count
 .bss.value     0x0000000020000212        0x2 CMakeFiles/Project.elf.dir/User/main.c.obj
                0x0000000020000212                value
 *(COMMON)
                0x0000000020000214                . = ALIGN (0x4)
                0x0000000020000214                _ebss = .
                0x0000000020000214                __bss_end__ = _ebss

._user_heap_stack
                0x0000000020000214      0x604 load address 0x0000000008006464
                0x0000000020000218                . = ALIGN (0x8)
 *fill*         0x0000000020000214        0x4 
                0x0000000020000218                PROVIDE (end = .)
                [!provide]                        PROVIDE (_end = .)
                0x0000000020000418                . = (. + _Min_Heap_Size)
 *fill*         0x0000000020000218      0x200 
                0x0000000020000818                . = (. + _Min_Stack_Size)
 *fill*         0x0000000020000418      0x400 
                0x0000000020000818                . = ALIGN (0x8)

/DISCARD/
 libc.a(*)
 libm.a(*)
 libgcc.a(*)

.ARM.attributes
                0x0000000000000000       0x29
 *(.ARM.attributes)
 .ARM.attributes
                0x0000000000000000       0x1d /usr/lib/gcc/arm-none-eabi/10.3.1/thumb/v7-m/nofp/crti.o
 .ARM.attributes
                0x000000000000001d       0x2d /usr/lib/gcc/arm-none-eabi/10.3.1/thumb/v7-m/nofp/crtbegin.o
 .ARM.attributes
                0x000000000000004a       0x2d CMakeFiles/Project.elf.dir/Code/Src/AD.c.obj
 .ARM.attributes
                0x0000000000000077       0x2d CMakeFiles/Project.elf.dir/Code/Src/Encoder.c.obj
 .ARM.attributes
                0x00000000000000a4       0x2d CMakeFiles/Project.elf.dir/Code/Src/I2COLED.c.obj
 .ARM.attributes
                0x00000000000000d1       0x2d CMakeFiles/Project.elf.dir/Code/Src/OLED.c.obj
 .ARM.attributes
                0x00000000000000fe       0x2d CMakeFiles/Project.elf.dir/Lib/Src/stm32f10x_adc.c.obj
 .ARM.attributes
                0x000000000000012b       0x2d CMakeFiles/Project.elf.dir/Lib/Src/stm32f10x_exti.c.obj
 .ARM.attributes
                0x0000000000000158       0x2d CMakeFiles/Project.elf.dir/Lib/Src/stm32f10x_gpio.c.obj
 .ARM.attributes
                0x0000000000000185       0x2d CMakeFiles/Project.elf.dir/Lib/Src/stm32f10x_i2c.c.obj
 .ARM.attributes
                0x00000000000001b2       0x2d CMakeFiles/Project.elf.dir/Lib/Src/stm32f10x_rcc.c.obj
 .ARM.attributes
                0x00000000000001df       0x21 CMakeFiles/Project.elf.dir/Project/Code-Cmake/startup_stm32f10x_md.s.obj
 .ARM.attributes
                0x0000000000000200       0x2d CMakeFiles/Project.elf.dir/Start/Src/stm32f10x_it.c.obj
 .ARM.attributes
                0x000000000000022d       0x2d CMakeFiles/Project.elf.dir/Start/Src/system_stm32f10x.c.obj
 .ARM.attributes
                0x000000000000025a       0x2d CMakeFiles/Project.elf.dir/System/Src/Delay.c.obj
 .ARM.attributes
                0x0000000000000287       0x2d CMakeFiles/Project.elf.dir/User/main.c.obj
 .ARM.attributes
                0x00000000000002b4       0x1d /usr/lib/gcc/arm-none-eabi/10.3.1/thumb/v7-m/nofp/libgcc.a(_arm_addsubdf3.o)
 .ARM.attributes
                0x00000000000002d1       0x2d /usr/lib/gcc/arm-none-eabi/10.3.1/../../../arm-none-eabi/lib/thumb/v7-m/nofp/libc_nano.a(lib_a-impure.o)
 .ARM.attributes
                0x00000000000002fe       0x2d /usr/lib/gcc/arm-none-eabi/10.3.1/../../../arm-none-eabi/lib/thumb/v7-m/nofp/libc_nano.a(lib_a-memset.o)
 .ARM.attributes
                0x000000000000032b       0x2d /usr/lib/gcc/arm-none-eabi/10.3.1/../../../arm-none-eabi/lib/thumb/v7-m/nofp/libc_nano.a(lib_a-nano-vfprintf_float.o)
 .ARM.attributes
                0x0000000000000358       0x2d /usr/lib/gcc/arm-none-eabi/10.3.1/../../../arm-none-eabi/lib/thumb/v7-m/nofp/libc_nano.a(lib_a-nano-vfprintf_i.o)
 .ARM.attributes
                0x0000000000000385       0x2d /usr/lib/gcc/arm-none-eabi/10.3.1/../../../arm-none-eabi/lib/thumb/v7-m/nofp/libc_nano.a(lib_a-strlen-stub.o)
 .ARM.attributes
                0x00000000000003b2       0x2d /usr/lib/gcc/arm-none-eabi/10.3.1/../../../arm-none-eabi/lib/thumb/v7-m/nofp/libc_nano.a(lib_a-dtoa.o)
 .ARM.attributes
                0x00000000000003df       0x2d /usr/lib/gcc/arm-none-eabi/10.3.1/../../../arm-none-eabi/lib/thumb/v7-m/nofp/libc_nano.a(lib_a-localeconv.o)
 .ARM.attributes
                0x000000000000040c       0x2d /usr/lib/gcc/arm-none-eabi/10.3.1/../../../arm-none-eabi/lib/thumb/v7-m/nofp/libc_nano.a(lib_a-malloc.o)
 .ARM.attributes
                0x0000000000000439       0x2d /usr/lib/gcc/arm-none-eabi/10.3.1/../../../arm-none-eabi/lib/thumb/v7-m/nofp/libc_nano.a(lib_a-memchr-stub.o)
 .ARM.attributes
                0x0000000000000466       0x1b /usr/lib/gcc/arm-none-eabi/10.3.1/../../../arm-none-eabi/lib/thumb/v7-m/nofp/libc_nano.a(lib_a-memcpy.o)
 .ARM.attributes
                0x0000000000000481       0x2d /usr/lib/gcc/arm-none-eabi/10.3.1/../../../arm-none-eabi/lib/thumb/v7-m/nofp/libc_nano.a(lib_a-mprec.o)
 .ARM.attributes
                0x00000000000004ae       0x2d /usr/lib/gcc/arm-none-eabi/10.3.1/../../../arm-none-eabi/lib/thumb/v7-m/nofp/libc_nano.a(lib_a-nano-callocr.o)
 .ARM.attributes
                0x00000000000004db       0x2d /usr/lib/gcc/arm-none-eabi/10.3.1/../../../arm-none-eabi/lib/thumb/v7-m/nofp/libc_nano.a(lib_a-nano-freer.o)
 .ARM.attributes
                0x0000000000000508       0x2d /usr/lib/gcc/arm-none-eabi/10.3.1/../../../arm-none-eabi/lib/thumb/v7-m/nofp/libc_nano.a(lib_a-nano-mallocr.o)
 .ARM.attributes
                0x0000000000000535       0x2d /usr/lib/gcc/arm-none-eabi/10.3.1/../../../arm-none-eabi/lib/thumb/v7-m/nofp/libc_nano.a(lib_a-sbrkr.o)
 .ARM.attributes
                0x0000000000000562       0x2d /usr/lib/gcc/arm-none-eabi/10.3.1/../../../arm-none-eabi/lib/thumb/v7-m/nofp/libc_nano.a(lib_a-assert.o)
 .ARM.attributes
                0x000000000000058f       0x2d /usr/lib/gcc/arm-none-eabi/10.3.1/../../../arm-none-eabi/lib/thumb/v7-m/nofp/libc_nano.a(lib_a-fprintf.o)
 .ARM.attributes
                0x00000000000005bc       0x2d /usr/lib/gcc/arm-none-eabi/10.3.1/../../../arm-none-eabi/lib/thumb/v7-m/nofp/libc_nano.a(lib_a-locale.o)
 .ARM.attributes
                0x00000000000005e9       0x2d /usr/lib/gcc/arm-none-eabi/10.3.1/../../../arm-none-eabi/lib/thumb/v7-m/nofp/libc_nano.a(lib_a-mbtowc_r.o)
 .ARM.attributes
                0x0000000000000616       0x2d /usr/lib/gcc/arm-none-eabi/10.3.1/../../../arm-none-eabi/lib/thumb/v7-m/nofp/libc_nano.a(lib_a-mlock.o)
 .ARM.attributes
                0x0000000000000643       0x2d /usr/lib/gcc/arm-none-eabi/10.3.1/../../../arm-none-eabi/lib/thumb/v7-m/nofp/libc_nano.a(lib_a-nano-vfprintf.o)
 .ARM.attributes
                0x0000000000000670       0x2d /usr/lib/gcc/arm-none-eabi/10.3.1/../../../arm-none-eabi/lib/thumb/v7-m/nofp/libc_nano.a(lib_a-reent.o)
 .ARM.attributes
                0x000000000000069d       0x2d /usr/lib/gcc/arm-none-eabi/10.3.1/../../../arm-none-eabi/lib/thumb/v7-m/nofp/libc_nano.a(lib_a-wbuf.o)
 .ARM.attributes
                0x00000000000006ca       0x2d /usr/lib/gcc/arm-none-eabi/10.3.1/../../../arm-none-eabi/lib/thumb/v7-m/nofp/libc_nano.a(lib_a-wctomb_r.o)
 .ARM.attributes
                0x00000000000006f7       0x2d /usr/lib/gcc/arm-none-eabi/10.3.1/../../../arm-none-eabi/lib/thumb/v7-m/nofp/libc_nano.a(lib_a-wsetup.o)
 .ARM.attributes
                0x0000000000000724       0x2d /usr/lib/gcc/arm-none-eabi/10.3.1/../../../arm-none-eabi/lib/thumb/v7-m/nofp/libc_nano.a(lib_a-abort.o)
 .ARM.attributes
                0x0000000000000751       0x2d /usr/lib/gcc/arm-none-eabi/10.3.1/../../../arm-none-eabi/lib/thumb/v7-m/nofp/libc_nano.a(lib_a-ctype_.o)
 .ARM.attributes
                0x000000000000077e       0x2d /usr/lib/gcc/arm-none-eabi/10.3.1/../../../arm-none-eabi/lib/thumb/v7-m/nofp/libc_nano.a(lib_a-fflush.o)
 .ARM.attributes
                0x00000000000007ab       0x2d /usr/lib/gcc/arm-none-eabi/10.3.1/../../../arm-none-eabi/lib/thumb/v7-m/nofp/libc_nano.a(lib_a-findfp.o)
 .ARM.attributes
                0x00000000000007d8       0x2d /usr/lib/gcc/arm-none-eabi/10.3.1/../../../arm-none-eabi/lib/thumb/v7-m/nofp/libc_nano.a(lib_a-fvwrite.o)
 .ARM.attributes
                0x0000000000000805       0x2d /usr/lib/gcc/arm-none-eabi/10.3.1/../../../arm-none-eabi/lib/thumb/v7-m/nofp/libc_nano.a(lib_a-fwalk.o)
 .ARM.attributes
                0x0000000000000832       0x2d /usr/lib/gcc/arm-none-eabi/10.3.1/../../../arm-none-eabi/lib/thumb/v7-m/nofp/libc_nano.a(lib_a-makebuf.o)
 .ARM.attributes
                0x000000000000085f       0x2d /usr/lib/gcc/arm-none-eabi/10.3.1/../../../arm-none-eabi/lib/thumb/v7-m/nofp/libc_nano.a(lib_a-memmove.o)
 .ARM.attributes
                0x000000000000088c       0x2d /usr/lib/gcc/arm-none-eabi/10.3.1/../../../arm-none-eabi/lib/thumb/v7-m/nofp/libc_nano.a(lib_a-nano-reallocr.o)
 .ARM.attributes
                0x00000000000008b9       0x2d /usr/lib/gcc/arm-none-eabi/10.3.1/../../../arm-none-eabi/lib/thumb/v7-m/nofp/libc_nano.a(lib_a-signal.o)
 .ARM.attributes
                0x00000000000008e6       0x2d /usr/lib/gcc/arm-none-eabi/10.3.1/../../../arm-none-eabi/lib/thumb/v7-m/nofp/libc_nano.a(lib_a-signalr.o)
 .ARM.attributes
                0x0000000000000913       0x2d /usr/lib/gcc/arm-none-eabi/10.3.1/../../../arm-none-eabi/lib/thumb/v7-m/nofp/libc_nano.a(lib_a-stdio.o)
 .ARM.attributes
                0x0000000000000940       0x2d /usr/lib/gcc/arm-none-eabi/10.3.1/../../../arm-none-eabi/lib/thumb/v7-m/nofp/libc_nano.a(lib_a-writer.o)
 .ARM.attributes
                0x000000000000096d       0x2d /usr/lib/gcc/arm-none-eabi/10.3.1/../../../arm-none-eabi/lib/thumb/v7-m/nofp/libc_nano.a(lib_a-closer.o)
 .ARM.attributes
                0x000000000000099a       0x2d /usr/lib/gcc/arm-none-eabi/10.3.1/../../../arm-none-eabi/lib/thumb/v7-m/nofp/libc_nano.a(lib_a-fstatr.o)
 .ARM.attributes
                0x00000000000009c7       0x2d /usr/lib/gcc/arm-none-eabi/10.3.1/../../../arm-none-eabi/lib/thumb/v7-m/nofp/libc_nano.a(lib_a-isattyr.o)
 .ARM.attributes
                0x00000000000009f4       0x2d /usr/lib/gcc/arm-none-eabi/10.3.1/../../../arm-none-eabi/lib/thumb/v7-m/nofp/libc_nano.a(lib_a-lseekr.o)
 .ARM.attributes
                0x0000000000000a21       0x2d /usr/lib/gcc/arm-none-eabi/10.3.1/../../../arm-none-eabi/lib/thumb/v7-m/nofp/libc_nano.a(lib_a-nano-msizer.o)
 .ARM.attributes
                0x0000000000000a4e       0x2d /usr/lib/gcc/arm-none-eabi/10.3.1/../../../arm-none-eabi/lib/thumb/v7-m/nofp/libc_nano.a(lib_a-readr.o)
 .ARM.attributes
                0x0000000000000a7b       0x1d /usr/lib/gcc/arm-none-eabi/10.3.1/thumb/v7-m/nofp/libgcc.a(_arm_muldivdf3.o)
 .ARM.attributes
                0x0000000000000a98       0x1d /usr/lib/gcc/arm-none-eabi/10.3.1/thumb/v7-m/nofp/libgcc.a(_arm_cmpdf2.o)
 .ARM.attributes
                0x0000000000000ab5       0x1d /usr/lib/gcc/arm-none-eabi/10.3.1/thumb/v7-m/nofp/libgcc.a(_arm_unorddf2.o)
 .ARM.attributes
                0x0000000000000ad2       0x1d /usr/lib/gcc/arm-none-eabi/10.3.1/thumb/v7-m/nofp/libgcc.a(_arm_fixdfsi.o)
 .ARM.attributes
                0x0000000000000aef       0x2d /usr/lib/gcc/arm-none-eabi/10.3.1/../../../arm-none-eabi/lib/thumb/v7-m/nofp/libnosys.a(close.o)
 .ARM.attributes
                0x0000000000000b1c       0x2d /usr/lib/gcc/arm-none-eabi/10.3.1/../../../arm-none-eabi/lib/thumb/v7-m/nofp/libnosys.a(fstat.o)
 .ARM.attributes
                0x0000000000000b49       0x2d /usr/lib/gcc/arm-none-eabi/10.3.1/../../../arm-none-eabi/lib/thumb/v7-m/nofp/libnosys.a(getpid.o)
 .ARM.attributes
                0x0000000000000b76       0x2d /usr/lib/gcc/arm-none-eabi/10.3.1/../../../arm-none-eabi/lib/thumb/v7-m/nofp/libnosys.a(isatty.o)
 .ARM.attributes
                0x0000000000000ba3       0x2d /usr/lib/gcc/arm-none-eabi/10.3.1/../../../arm-none-eabi/lib/thumb/v7-m/nofp/libnosys.a(kill.o)
 .ARM.attributes
                0x0000000000000bd0       0x2d /usr/lib/gcc/arm-none-eabi/10.3.1/../../../arm-none-eabi/lib/thumb/v7-m/nofp/libnosys.a(lseek.o)
 .ARM.attributes
                0x0000000000000bfd       0x2d /usr/lib/gcc/arm-none-eabi/10.3.1/../../../arm-none-eabi/lib/thumb/v7-m/nofp/libnosys.a(read.o)
 .ARM.attributes
                0x0000000000000c2a       0x2d /usr/lib/gcc/arm-none-eabi/10.3.1/../../../arm-none-eabi/lib/thumb/v7-m/nofp/libnosys.a(sbrk.o)
 .ARM.attributes
                0x0000000000000c57       0x2d /usr/lib/gcc/arm-none-eabi/10.3.1/../../../arm-none-eabi/lib/thumb/v7-m/nofp/libnosys.a(write.o)
 .ARM.attributes
                0x0000000000000c84       0x2d /usr/lib/gcc/arm-none-eabi/10.3.1/../../../arm-none-eabi/lib/thumb/v7-m/nofp/libnosys.a(_exit.o)
 .ARM.attributes
                0x0000000000000cb1       0x2d /usr/lib/gcc/arm-none-eabi/10.3.1/thumb/v7-m/nofp/crtend.o
 .ARM.attributes
                0x0000000000000cde       0x1d /usr/lib/gcc/arm-none-eabi/10.3.1/thumb/v7-m/nofp/crtn.o
OUTPUT(Project.elf elf32-littlearm)
LOAD linker stubs
LOAD /usr/lib/gcc/arm-none-eabi/10.3.1/../../../arm-none-eabi/lib/thumb/v7-m/nofp/libc.a
LOAD /usr/lib/gcc/arm-none-eabi/10.3.1/../../../arm-none-eabi/lib/thumb/v7-m/nofp/libm.a
LOAD /usr/lib/gcc/arm-none-eabi/10.3.1/thumb/v7-m/nofp/libgcc.a

.comment        0x0000000000000000       0x33
 .comment       0x0000000000000000       0x33 /usr/lib/gcc/arm-none-eabi/10.3.1/thumb/v7-m/nofp/crtbegin.o
                                         0x34 (size before relaxing)
 .comment       0x0000000000000033       0x34 CMakeFiles/Project.elf.dir/Code/Src/AD.c.obj
 .comment       0x0000000000000033       0x34 CMakeFiles/Project.elf.dir/Code/Src/Encoder.c.obj
 .comment       0x0000000000000033       0x34 CMakeFiles/Project.elf.dir/Code/Src/I2COLED.c.obj
 .comment       0x0000000000000033       0x34 CMakeFiles/Project.elf.dir/Code/Src/OLED.c.obj
 .comment       0x0000000000000033       0x34 CMakeFiles/Project.elf.dir/Lib/Src/stm32f10x_adc.c.obj
 .comment       0x0000000000000033       0x34 CMakeFiles/Project.elf.dir/Lib/Src/stm32f10x_exti.c.obj
 .comment       0x0000000000000033       0x34 CMakeFiles/Project.elf.dir/Lib/Src/stm32f10x_gpio.c.obj
 .comment       0x0000000000000033       0x34 CMakeFiles/Project.elf.dir/Lib/Src/stm32f10x_i2c.c.obj
 .comment       0x0000000000000033       0x34 CMakeFiles/Project.elf.dir/Lib/Src/stm32f10x_rcc.c.obj
 .comment       0x0000000000000033       0x34 CMakeFiles/Project.elf.dir/Start/Src/stm32f10x_it.c.obj
 .comment       0x0000000000000033       0x34 CMakeFiles/Project.elf.dir/Start/Src/system_stm32f10x.c.obj
 .comment       0x0000000000000033       0x34 CMakeFiles/Project.elf.dir/System/Src/Delay.c.obj
 .comment       0x0000000000000033       0x34 CMakeFiles/Project.elf.dir/User/main.c.obj
 .comment       0x0000000000000033       0x34 /usr/lib/gcc/arm-none-eabi/10.3.1/../../../arm-none-eabi/lib/thumb/v7-m/nofp/libc_nano.a(lib_a-impure.o)
 .comment       0x0000000000000033       0x34 /usr/lib/gcc/arm-none-eabi/10.3.1/../../../arm-none-eabi/lib/thumb/v7-m/nofp/libc_nano.a(lib_a-memset.o)
 .comment       0x0000000000000033       0x34 /usr/lib/gcc/arm-none-eabi/10.3.1/../../../arm-none-eabi/lib/thumb/v7-m/nofp/libc_nano.a(lib_a-nano-vfprintf_float.o)
 .comment       0x0000000000000033       0x34 /usr/lib/gcc/arm-none-eabi/10.3.1/../../../arm-none-eabi/lib/thumb/v7-m/nofp/libc_nano.a(lib_a-nano-vfprintf_i.o)
 .comment       0x0000000000000033       0x34 /usr/lib/gcc/arm-none-eabi/10.3.1/../../../arm-none-eabi/lib/thumb/v7-m/nofp/libc_nano.a(lib_a-strlen-stub.o)
 .comment       0x0000000000000033       0x34 /usr/lib/gcc/arm-none-eabi/10.3.1/../../../arm-none-eabi/lib/thumb/v7-m/nofp/libc_nano.a(lib_a-dtoa.o)
 .comment       0x0000000000000033       0x34 /usr/lib/gcc/arm-none-eabi/10.3.1/../../../arm-none-eabi/lib/thumb/v7-m/nofp/libc_nano.a(lib_a-localeconv.o)
 .comment       0x0000000000000033       0x34 /usr/lib/gcc/arm-none-eabi/10.3.1/../../../arm-none-eabi/lib/thumb/v7-m/nofp/libc_nano.a(lib_a-malloc.o)
 .comment       0x0000000000000033       0x34 /usr/lib/gcc/arm-none-eabi/10.3.1/../../../arm-none-eabi/lib/thumb/v7-m/nofp/libc_nano.a(lib_a-memchr-stub.o)
 .comment       0x0000000000000033       0x34 /usr/lib/gcc/arm-none-eabi/10.3.1/../../../arm-none-eabi/lib/thumb/v7-m/nofp/libc_nano.a(lib_a-mprec.o)
 .comment       0x0000000000000033       0x34 /usr/lib/gcc/arm-none-eabi/10.3.1/../../../arm-none-eabi/lib/thumb/v7-m/nofp/libc_nano.a(lib_a-nano-callocr.o)
 .comment       0x0000000000000033       0x34 /usr/lib/gcc/arm-none-eabi/10.3.1/../../../arm-none-eabi/lib/thumb/v7-m/nofp/libc_nano.a(lib_a-nano-freer.o)
 .comment       0x0000000000000033       0x34 /usr/lib/gcc/arm-none-eabi/10.3.1/../../../arm-none-eabi/lib/thumb/v7-m/nofp/libc_nano.a(lib_a-nano-mallocr.o)
 .comment       0x0000000000000033       0x34 /usr/lib/gcc/arm-none-eabi/10.3.1/../../../arm-none-eabi/lib/thumb/v7-m/nofp/libc_nano.a(lib_a-sbrkr.o)
 .comment       0x0000000000000033       0x34 /usr/lib/gcc/arm-none-eabi/10.3.1/../../../arm-none-eabi/lib/thumb/v7-m/nofp/libc_nano.a(lib_a-assert.o)
 .comment       0x0000000000000033       0x34 /usr/lib/gcc/arm-none-eabi/10.3.1/../../../arm-none-eabi/lib/thumb/v7-m/nofp/libc_nano.a(lib_a-fprintf.o)
 .comment       0x0000000000000033       0x34 /usr/lib/gcc/arm-none-eabi/10.3.1/../../../arm-none-eabi/lib/thumb/v7-m/nofp/libc_nano.a(lib_a-locale.o)
 .comment       0x0000000000000033       0x34 /usr/lib/gcc/arm-none-eabi/10.3.1/../../../arm-none-eabi/lib/thumb/v7-m/nofp/libc_nano.a(lib_a-mbtowc_r.o)
 .comment       0x0000000000000033       0x34 /usr/lib/gcc/arm-none-eabi/10.3.1/../../../arm-none-eabi/lib/thumb/v7-m/nofp/libc_nano.a(lib_a-mlock.o)
 .comment       0x0000000000000033       0x34 /usr/lib/gcc/arm-none-eabi/10.3.1/../../../arm-none-eabi/lib/thumb/v7-m/nofp/libc_nano.a(lib_a-nano-vfprintf.o)
 .comment       0x0000000000000033       0x34 /usr/lib/gcc/arm-none-eabi/10.3.1/../../../arm-none-eabi/lib/thumb/v7-m/nofp/libc_nano.a(lib_a-reent.o)
 .comment       0x0000000000000033       0x34 /usr/lib/gcc/arm-none-eabi/10.3.1/../../../arm-none-eabi/lib/thumb/v7-m/nofp/libc_nano.a(lib_a-wbuf.o)
 .comment       0x0000000000000033       0x34 /usr/lib/gcc/arm-none-eabi/10.3.1/../../../arm-none-eabi/lib/thumb/v7-m/nofp/libc_nano.a(lib_a-wctomb_r.o)
 .comment       0x0000000000000033       0x34 /usr/lib/gcc/arm-none-eabi/10.3.1/../../../arm-none-eabi/lib/thumb/v7-m/nofp/libc_nano.a(lib_a-wsetup.o)
 .comment       0x0000000000000033       0x34 /usr/lib/gcc/arm-none-eabi/10.3.1/../../../arm-none-eabi/lib/thumb/v7-m/nofp/libc_nano.a(lib_a-abort.o)
 .comment       0x0000000000000033       0x34 /usr/lib/gcc/arm-none-eabi/10.3.1/../../../arm-none-eabi/lib/thumb/v7-m/nofp/libc_nano.a(lib_a-ctype_.o)
 .comment       0x0000000000000033       0x34 /usr/lib/gcc/arm-none-eabi/10.3.1/../../../arm-none-eabi/lib/thumb/v7-m/nofp/libc_nano.a(lib_a-fflush.o)
 .comment       0x0000000000000033       0x34 /usr/lib/gcc/arm-none-eabi/10.3.1/../../../arm-none-eabi/lib/thumb/v7-m/nofp/libc_nano.a(lib_a-findfp.o)
 .comment       0x0000000000000033       0x34 /usr/lib/gcc/arm-none-eabi/10.3.1/../../../arm-none-eabi/lib/thumb/v7-m/nofp/libc_nano.a(lib_a-fvwrite.o)
 .comment       0x0000000000000033       0x34 /usr/lib/gcc/arm-none-eabi/10.3.1/../../../arm-none-eabi/lib/thumb/v7-m/nofp/libc_nano.a(lib_a-fwalk.o)
 .comment       0x0000000000000033       0x34 /usr/lib/gcc/arm-none-eabi/10.3.1/../../../arm-none-eabi/lib/thumb/v7-m/nofp/libc_nano.a(lib_a-makebuf.o)
 .comment       0x0000000000000033       0x34 /usr/lib/gcc/arm-none-eabi/10.3.1/../../../arm-none-eabi/lib/thumb/v7-m/nofp/libc_nano.a(lib_a-memmove.o)
 .comment       0x0000000000000033       0x34 /usr/lib/gcc/arm-none-eabi/10.3.1/../../../arm-none-eabi/lib/thumb/v7-m/nofp/libc_nano.a(lib_a-nano-reallocr.o)
 .comment       0x0000000000000033       0x34 /usr/lib/gcc/arm-none-eabi/10.3.1/../../../arm-none-eabi/lib/thumb/v7-m/nofp/libc_nano.a(lib_a-signal.o)
 .comment       0x0000000000000033       0x34 /usr/lib/gcc/arm-none-eabi/10.3.1/../../../arm-none-eabi/lib/thumb/v7-m/nofp/libc_nano.a(lib_a-signalr.o)
 .comment       0x0000000000000033       0x34 /usr/lib/gcc/arm-none-eabi/10.3.1/../../../arm-none-eabi/lib/thumb/v7-m/nofp/libc_nano.a(lib_a-stdio.o)
 .comment       0x0000000000000033       0x34 /usr/lib/gcc/arm-none-eabi/10.3.1/../../../arm-none-eabi/lib/thumb/v7-m/nofp/libc_nano.a(lib_a-writer.o)
 .comment       0x0000000000000033       0x34 /usr/lib/gcc/arm-none-eabi/10.3.1/../../../arm-none-eabi/lib/thumb/v7-m/nofp/libc_nano.a(lib_a-closer.o)
 .comment       0x0000000000000033       0x34 /usr/lib/gcc/arm-none-eabi/10.3.1/../../../arm-none-eabi/lib/thumb/v7-m/nofp/libc_nano.a(lib_a-fstatr.o)
 .comment       0x0000000000000033       0x34 /usr/lib/gcc/arm-none-eabi/10.3.1/../../../arm-none-eabi/lib/thumb/v7-m/nofp/libc_nano.a(lib_a-isattyr.o)
 .comment       0x0000000000000033       0x34 /usr/lib/gcc/arm-none-eabi/10.3.1/../../../arm-none-eabi/lib/thumb/v7-m/nofp/libc_nano.a(lib_a-lseekr.o)
 .comment       0x0000000000000033       0x34 /usr/lib/gcc/arm-none-eabi/10.3.1/../../../arm-none-eabi/lib/thumb/v7-m/nofp/libc_nano.a(lib_a-nano-msizer.o)
 .comment       0x0000000000000033       0x34 /usr/lib/gcc/arm-none-eabi/10.3.1/../../../arm-none-eabi/lib/thumb/v7-m/nofp/libc_nano.a(lib_a-readr.o)
 .comment       0x0000000000000033       0x34 /usr/lib/gcc/arm-none-eabi/10.3.1/../../../arm-none-eabi/lib/thumb/v7-m/nofp/libnosys.a(close.o)
 .comment       0x0000000000000033       0x34 /usr/lib/gcc/arm-none-eabi/10.3.1/../../../arm-none-eabi/lib/thumb/v7-m/nofp/libnosys.a(fstat.o)
 .comment       0x0000000000000033       0x34 /usr/lib/gcc/arm-none-eabi/10.3.1/../../../arm-none-eabi/lib/thumb/v7-m/nofp/libnosys.a(getpid.o)
 .comment       0x0000000000000033       0x34 /usr/lib/gcc/arm-none-eabi/10.3.1/../../../arm-none-eabi/lib/thumb/v7-m/nofp/libnosys.a(isatty.o)
 .comment       0x0000000000000033       0x34 /usr/lib/gcc/arm-none-eabi/10.3.1/../../../arm-none-eabi/lib/thumb/v7-m/nofp/libnosys.a(kill.o)
 .comment       0x0000000000000033       0x34 /usr/lib/gcc/arm-none-eabi/10.3.1/../../../arm-none-eabi/lib/thumb/v7-m/nofp/libnosys.a(lseek.o)
 .comment       0x0000000000000033       0x34 /usr/lib/gcc/arm-none-eabi/10.3.1/../../../arm-none-eabi/lib/thumb/v7-m/nofp/libnosys.a(read.o)
 .comment       0x0000000000000033       0x34 /usr/lib/gcc/arm-none-eabi/10.3.1/../../../arm-none-eabi/lib/thumb/v7-m/nofp/libnosys.a(sbrk.o)
 .comment       0x0000000000000033       0x34 /usr/lib/gcc/arm-none-eabi/10.3.1/../../../arm-none-eabi/lib/thumb/v7-m/nofp/libnosys.a(write.o)
 .comment       0x0000000000000033       0x34 /usr/lib/gcc/arm-none-eabi/10.3.1/../../../arm-none-eabi/lib/thumb/v7-m/nofp/libnosys.a(_exit.o)
 .comment       0x0000000000000033       0x34 /usr/lib/gcc/arm-none-eabi/10.3.1/thumb/v7-m/nofp/crtend.o

.debug_info     0x0000000000000000    0x2160a
 .debug_info    0x0000000000000000      0x5e8 CMakeFiles/Project.elf.dir/Code/Src/AD.c.obj
 .debug_info    0x00000000000005e8      0x6e3 CMakeFiles/Project.elf.dir/Code/Src/Encoder.c.obj
 .debug_info    0x0000000000000ccb     0x152c CMakeFiles/Project.elf.dir/Code/Src/I2COLED.c.obj
 .debug_info    0x00000000000021f7      0x409 CMakeFiles/Project.elf.dir/Code/Src/OLED.c.obj
 .debug_info    0x0000000000002600      0xd38 CMakeFiles/Project.elf.dir/Lib/Src/stm32f10x_adc.c.obj
 .debug_info    0x0000000000003338      0x364 CMakeFiles/Project.elf.dir/Lib/Src/stm32f10x_exti.c.obj
 .debug_info    0x000000000000369c      0x8fa CMakeFiles/Project.elf.dir/Lib/Src/stm32f10x_gpio.c.obj
 .debug_info    0x0000000000003f96      0xc76 CMakeFiles/Project.elf.dir/Lib/Src/stm32f10x_i2c.c.obj
 .debug_info    0x0000000000004c0c      0x95b CMakeFiles/Project.elf.dir/Lib/Src/stm32f10x_rcc.c.obj
 .debug_info    0x0000000000005567       0x22 CMakeFiles/Project.elf.dir/Project/Code-Cmake/startup_stm32f10x_md.s.obj
 .debug_info    0x0000000000005589      0x10e CMakeFiles/Project.elf.dir/Start/Src/stm32f10x_it.c.obj
 .debug_info    0x0000000000005697      0x478 CMakeFiles/Project.elf.dir/Start/Src/system_stm32f10x.c.obj
 .debug_info    0x0000000000005b0f      0x170 CMakeFiles/Project.elf.dir/System/Src/Delay.c.obj
 .debug_info    0x0000000000005c7f      0x153 CMakeFiles/Project.elf.dir/User/main.c.obj
 .debug_info    0x0000000000005dd2       0x26 /usr/lib/gcc/arm-none-eabi/10.3.1/thumb/v7-m/nofp/libgcc.a(_arm_addsubdf3.o)
 .debug_info    0x0000000000005df8      0x863 /usr/lib/gcc/arm-none-eabi/10.3.1/../../../arm-none-eabi/lib/thumb/v7-m/nofp/libc_nano.a(lib_a-impure.o)
 .debug_info    0x000000000000665b      0x137 /usr/lib/gcc/arm-none-eabi/10.3.1/../../../arm-none-eabi/lib/thumb/v7-m/nofp/libc_nano.a(lib_a-memset.o)
 .debug_info    0x0000000000006792     0x1480 /usr/lib/gcc/arm-none-eabi/10.3.1/../../../arm-none-eabi/lib/thumb/v7-m/nofp/libc_nano.a(lib_a-nano-vfprintf_float.o)
 .debug_info    0x0000000000007c12      0xe9e /usr/lib/gcc/arm-none-eabi/10.3.1/../../../arm-none-eabi/lib/thumb/v7-m/nofp/libc_nano.a(lib_a-nano-vfprintf_i.o)
 .debug_info    0x0000000000008ab0       0xbc /usr/lib/gcc/arm-none-eabi/10.3.1/../../../arm-none-eabi/lib/thumb/v7-m/nofp/libc_nano.a(lib_a-strlen-stub.o)
 .debug_info    0x0000000000008b6c     0x1969 /usr/lib/gcc/arm-none-eabi/10.3.1/../../../arm-none-eabi/lib/thumb/v7-m/nofp/libc_nano.a(lib_a-dtoa.o)
 .debug_info    0x000000000000a4d5      0xad8 /usr/lib/gcc/arm-none-eabi/10.3.1/../../../arm-none-eabi/lib/thumb/v7-m/nofp/libc_nano.a(lib_a-localeconv.o)
 .debug_info    0x000000000000afad      0x832 /usr/lib/gcc/arm-none-eabi/10.3.1/../../../arm-none-eabi/lib/thumb/v7-m/nofp/libc_nano.a(lib_a-malloc.o)
 .debug_info    0x000000000000b7df      0x14e /usr/lib/gcc/arm-none-eabi/10.3.1/../../../arm-none-eabi/lib/thumb/v7-m/nofp/libc_nano.a(lib_a-memchr-stub.o)
 .debug_info    0x000000000000b92d       0x26 /usr/lib/gcc/arm-none-eabi/10.3.1/../../../arm-none-eabi/lib/thumb/v7-m/nofp/libc_nano.a(lib_a-memcpy.o)
 .debug_info    0x000000000000b953     0x1ffe /usr/lib/gcc/arm-none-eabi/10.3.1/../../../arm-none-eabi/lib/thumb/v7-m/nofp/libc_nano.a(lib_a-mprec.o)
 .debug_info    0x000000000000d951      0x858 /usr/lib/gcc/arm-none-eabi/10.3.1/../../../arm-none-eabi/lib/thumb/v7-m/nofp/libc_nano.a(lib_a-nano-callocr.o)
 .debug_info    0x000000000000e1a9      0x940 /usr/lib/gcc/arm-none-eabi/10.3.1/../../../arm-none-eabi/lib/thumb/v7-m/nofp/libc_nano.a(lib_a-nano-freer.o)
 .debug_info    0x000000000000eae9      0xa0c /usr/lib/gcc/arm-none-eabi/10.3.1/../../../arm-none-eabi/lib/thumb/v7-m/nofp/libc_nano.a(lib_a-nano-mallocr.o)
 .debug_info    0x000000000000f4f5      0x828 /usr/lib/gcc/arm-none-eabi/10.3.1/../../../arm-none-eabi/lib/thumb/v7-m/nofp/libc_nano.a(lib_a-sbrkr.o)
 .debug_info    0x000000000000fd1d      0x8bd /usr/lib/gcc/arm-none-eabi/10.3.1/../../../arm-none-eabi/lib/thumb/v7-m/nofp/libc_nano.a(lib_a-assert.o)
 .debug_info    0x00000000000105da      0x902 /usr/lib/gcc/arm-none-eabi/10.3.1/../../../arm-none-eabi/lib/thumb/v7-m/nofp/libc_nano.a(lib_a-fprintf.o)
 .debug_info    0x0000000000010edc      0xca4 /usr/lib/gcc/arm-none-eabi/10.3.1/../../../arm-none-eabi/lib/thumb/v7-m/nofp/libc_nano.a(lib_a-locale.o)
 .debug_info    0x0000000000011b80      0xb67 /usr/lib/gcc/arm-none-eabi/10.3.1/../../../arm-none-eabi/lib/thumb/v7-m/nofp/libc_nano.a(lib_a-mbtowc_r.o)
 .debug_info    0x00000000000126e7      0x7dc /usr/lib/gcc/arm-none-eabi/10.3.1/../../../arm-none-eabi/lib/thumb/v7-m/nofp/libc_nano.a(lib_a-mlock.o)
 .debug_info    0x0000000000012ec3     0x115f /usr/lib/gcc/arm-none-eabi/10.3.1/../../../arm-none-eabi/lib/thumb/v7-m/nofp/libc_nano.a(lib_a-nano-vfprintf.o)
 .debug_info    0x0000000000014022      0xa7e /usr/lib/gcc/arm-none-eabi/10.3.1/../../../arm-none-eabi/lib/thumb/v7-m/nofp/libc_nano.a(lib_a-reent.o)
 .debug_info    0x0000000000014aa0      0x998 /usr/lib/gcc/arm-none-eabi/10.3.1/../../../arm-none-eabi/lib/thumb/v7-m/nofp/libc_nano.a(lib_a-wbuf.o)
 .debug_info    0x0000000000015438      0xb26 /usr/lib/gcc/arm-none-eabi/10.3.1/../../../arm-none-eabi/lib/thumb/v7-m/nofp/libc_nano.a(lib_a-wctomb_r.o)
 .debug_info    0x0000000000015f5e      0x902 /usr/lib/gcc/arm-none-eabi/10.3.1/../../../arm-none-eabi/lib/thumb/v7-m/nofp/libc_nano.a(lib_a-wsetup.o)
 .debug_info    0x0000000000016860       0xcb /usr/lib/gcc/arm-none-eabi/10.3.1/../../../arm-none-eabi/lib/thumb/v7-m/nofp/libc_nano.a(lib_a-abort.o)
 .debug_info    0x000000000001692b       0xb8 /usr/lib/gcc/arm-none-eabi/10.3.1/../../../arm-none-eabi/lib/thumb/v7-m/nofp/libc_nano.a(lib_a-ctype_.o)
 .debug_info    0x00000000000169e3      0xb0a /usr/lib/gcc/arm-none-eabi/10.3.1/../../../arm-none-eabi/lib/thumb/v7-m/nofp/libc_nano.a(lib_a-fflush.o)
 .debug_info    0x00000000000174ed      0xfae /usr/lib/gcc/arm-none-eabi/10.3.1/../../../arm-none-eabi/lib/thumb/v7-m/nofp/libc_nano.a(lib_a-findfp.o)
 .debug_info    0x000000000001849b      0xb54 /usr/lib/gcc/arm-none-eabi/10.3.1/../../../arm-none-eabi/lib/thumb/v7-m/nofp/libc_nano.a(lib_a-fvwrite.o)
 .debug_info    0x0000000000018fef      0x900 /usr/lib/gcc/arm-none-eabi/10.3.1/../../../arm-none-eabi/lib/thumb/v7-m/nofp/libc_nano.a(lib_a-fwalk.o)
 .debug_info    0x00000000000198ef      0xc8a /usr/lib/gcc/arm-none-eabi/10.3.1/../../../arm-none-eabi/lib/thumb/v7-m/nofp/libc_nano.a(lib_a-makebuf.o)
 .debug_info    0x000000000001a579      0x152 /usr/lib/gcc/arm-none-eabi/10.3.1/../../../arm-none-eabi/lib/thumb/v7-m/nofp/libc_nano.a(lib_a-memmove.o)
 .debug_info    0x000000000001a6cb      0x911 /usr/lib/gcc/arm-none-eabi/10.3.1/../../../arm-none-eabi/lib/thumb/v7-m/nofp/libc_nano.a(lib_a-nano-reallocr.o)
 .debug_info    0x000000000001afdc      0xdcc /usr/lib/gcc/arm-none-eabi/10.3.1/../../../arm-none-eabi/lib/thumb/v7-m/nofp/libc_nano.a(lib_a-signal.o)
 .debug_info    0x000000000001bda8      0x871 /usr/lib/gcc/arm-none-eabi/10.3.1/../../../arm-none-eabi/lib/thumb/v7-m/nofp/libc_nano.a(lib_a-signalr.o)
 .debug_info    0x000000000001c619      0xabc /usr/lib/gcc/arm-none-eabi/10.3.1/../../../arm-none-eabi/lib/thumb/v7-m/nofp/libc_nano.a(lib_a-stdio.o)
 .debug_info    0x000000000001d0d5      0x85a /usr/lib/gcc/arm-none-eabi/10.3.1/../../../arm-none-eabi/lib/thumb/v7-m/nofp/libc_nano.a(lib_a-writer.o)
 .debug_info    0x000000000001d92f      0x805 /usr/lib/gcc/arm-none-eabi/10.3.1/../../../arm-none-eabi/lib/thumb/v7-m/nofp/libc_nano.a(lib_a-closer.o)
 .debug_info    0x000000000001e134      0xa1d /usr/lib/gcc/arm-none-eabi/10.3.1/../../../arm-none-eabi/lib/thumb/v7-m/nofp/libc_nano.a(lib_a-fstatr.o)
 .debug_info    0x000000000001eb51      0x805 /usr/lib/gcc/arm-none-eabi/10.3.1/../../../arm-none-eabi/lib/thumb/v7-m/nofp/libc_nano.a(lib_a-isattyr.o)
 .debug_info    0x000000000001f356      0x83b /usr/lib/gcc/arm-none-eabi/10.3.1/../../../arm-none-eabi/lib/thumb/v7-m/nofp/libc_nano.a(lib_a-lseekr.o)
 .debug_info    0x000000000001fb91      0x840 /usr/lib/gcc/arm-none-eabi/10.3.1/../../../arm-none-eabi/lib/thumb/v7-m/nofp/libc_nano.a(lib_a-nano-msizer.o)
 .debug_info    0x00000000000203d1      0x853 /usr/lib/gcc/arm-none-eabi/10.3.1/../../../arm-none-eabi/lib/thumb/v7-m/nofp/libc_nano.a(lib_a-readr.o)
 .debug_info    0x0000000000020c24       0x26 /usr/lib/gcc/arm-none-eabi/10.3.1/thumb/v7-m/nofp/libgcc.a(_arm_muldivdf3.o)
 .debug_info    0x0000000000020c4a       0x26 /usr/lib/gcc/arm-none-eabi/10.3.1/thumb/v7-m/nofp/libgcc.a(_arm_cmpdf2.o)
 .debug_info    0x0000000000020c70       0x26 /usr/lib/gcc/arm-none-eabi/10.3.1/thumb/v7-m/nofp/libgcc.a(_arm_unorddf2.o)
 .debug_info    0x0000000000020c96       0x26 /usr/lib/gcc/arm-none-eabi/10.3.1/thumb/v7-m/nofp/libgcc.a(_arm_fixdfsi.o)
 .debug_info    0x0000000000020cbc       0xb1 /usr/lib/gcc/arm-none-eabi/10.3.1/../../../arm-none-eabi/lib/thumb/v7-m/nofp/libnosys.a(close.o)
 .debug_info    0x0000000000020d6d      0x2cc /usr/lib/gcc/arm-none-eabi/10.3.1/../../../arm-none-eabi/lib/thumb/v7-m/nofp/libnosys.a(fstat.o)
 .debug_info    0x0000000000021039       0x9c /usr/lib/gcc/arm-none-eabi/10.3.1/../../../arm-none-eabi/lib/thumb/v7-m/nofp/libnosys.a(getpid.o)
 .debug_info    0x00000000000210d5       0xb1 /usr/lib/gcc/arm-none-eabi/10.3.1/../../../arm-none-eabi/lib/thumb/v7-m/nofp/libnosys.a(isatty.o)
 .debug_info    0x0000000000021186       0xbf /usr/lib/gcc/arm-none-eabi/10.3.1/../../../arm-none-eabi/lib/thumb/v7-m/nofp/libnosys.a(kill.o)
 .debug_info    0x0000000000021245       0xd3 /usr/lib/gcc/arm-none-eabi/10.3.1/../../../arm-none-eabi/lib/thumb/v7-m/nofp/libnosys.a(lseek.o)
 .debug_info    0x0000000000021318       0xd9 /usr/lib/gcc/arm-none-eabi/10.3.1/../../../arm-none-eabi/lib/thumb/v7-m/nofp/libnosys.a(read.o)
 .debug_info    0x00000000000213f1       0x9d /usr/lib/gcc/arm-none-eabi/10.3.1/../../../arm-none-eabi/lib/thumb/v7-m/nofp/libnosys.a(sbrk.o)
 .debug_info    0x000000000002148e       0xd9 /usr/lib/gcc/arm-none-eabi/10.3.1/../../../arm-none-eabi/lib/thumb/v7-m/nofp/libnosys.a(write.o)
 .debug_info    0x0000000000021567       0xa3 /usr/lib/gcc/arm-none-eabi/10.3.1/../../../arm-none-eabi/lib/thumb/v7-m/nofp/libnosys.a(_exit.o)

.debug_abbrev   0x0000000000000000     0x6d2f
 .debug_abbrev  0x0000000000000000      0x156 CMakeFiles/Project.elf.dir/Code/Src/AD.c.obj
 .debug_abbrev  0x0000000000000156      0x1b2 CMakeFiles/Project.elf.dir/Code/Src/Encoder.c.obj
 .debug_abbrev  0x0000000000000308      0x28d CMakeFiles/Project.elf.dir/Code/Src/I2COLED.c.obj
 .debug_abbrev  0x0000000000000595       0xbb CMakeFiles/Project.elf.dir/Code/Src/OLED.c.obj
 .debug_abbrev  0x0000000000000650      0x1fa CMakeFiles/Project.elf.dir/Lib/Src/stm32f10x_adc.c.obj
 .debug_abbrev  0x000000000000084a      0x182 CMakeFiles/Project.elf.dir/Lib/Src/stm32f10x_exti.c.obj
 .debug_abbrev  0x00000000000009cc      0x220 CMakeFiles/Project.elf.dir/Lib/Src/stm32f10x_gpio.c.obj
 .debug_abbrev  0x0000000000000bec      0x1ef CMakeFiles/Project.elf.dir/Lib/Src/stm32f10x_i2c.c.obj
 .debug_abbrev  0x0000000000000ddb      0x204 CMakeFiles/Project.elf.dir/Lib/Src/stm32f10x_rcc.c.obj
 .debug_abbrev  0x0000000000000fdf       0x12 CMakeFiles/Project.elf.dir/Project/Code-Cmake/startup_stm32f10x_md.s.obj
 .debug_abbrev  0x0000000000000ff1       0x44 CMakeFiles/Project.elf.dir/Start/Src/stm32f10x_it.c.obj
 .debug_abbrev  0x0000000000001035      0x1b8 CMakeFiles/Project.elf.dir/Start/Src/system_stm32f10x.c.obj
 .debug_abbrev  0x00000000000011ed       0xe8 CMakeFiles/Project.elf.dir/System/Src/Delay.c.obj
 .debug_abbrev  0x00000000000012d5       0xaa CMakeFiles/Project.elf.dir/User/main.c.obj
 .debug_abbrev  0x000000000000137f       0x14 /usr/lib/gcc/arm-none-eabi/10.3.1/thumb/v7-m/nofp/libgcc.a(_arm_addsubdf3.o)
 .debug_abbrev  0x0000000000001393      0x151 /usr/lib/gcc/arm-none-eabi/10.3.1/../../../arm-none-eabi/lib/thumb/v7-m/nofp/libc_nano.a(lib_a-impure.o)
 .debug_abbrev  0x00000000000014e4       0xb4 /usr/lib/gcc/arm-none-eabi/10.3.1/../../../arm-none-eabi/lib/thumb/v7-m/nofp/libc_nano.a(lib_a-memset.o)
 .debug_abbrev  0x0000000000001598      0x2ce /usr/lib/gcc/arm-none-eabi/10.3.1/../../../arm-none-eabi/lib/thumb/v7-m/nofp/libc_nano.a(lib_a-nano-vfprintf_float.o)
 .debug_abbrev  0x0000000000001866      0x25c /usr/lib/gcc/arm-none-eabi/10.3.1/../../../arm-none-eabi/lib/thumb/v7-m/nofp/libc_nano.a(lib_a-nano-vfprintf_i.o)
 .debug_abbrev  0x0000000000001ac2       0x79 /usr/lib/gcc/arm-none-eabi/10.3.1/../../../arm-none-eabi/lib/thumb/v7-m/nofp/libc_nano.a(lib_a-strlen-stub.o)
 .debug_abbrev  0x0000000000001b3b      0x2e9 /usr/lib/gcc/arm-none-eabi/10.3.1/../../../arm-none-eabi/lib/thumb/v7-m/nofp/libc_nano.a(lib_a-dtoa.o)
 .debug_abbrev  0x0000000000001e24      0x225 /usr/lib/gcc/arm-none-eabi/10.3.1/../../../arm-none-eabi/lib/thumb/v7-m/nofp/libc_nano.a(lib_a-localeconv.o)
 .debug_abbrev  0x0000000000002049      0x1b6 /usr/lib/gcc/arm-none-eabi/10.3.1/../../../arm-none-eabi/lib/thumb/v7-m/nofp/libc_nano.a(lib_a-malloc.o)
 .debug_abbrev  0x00000000000021ff       0xd4 /usr/lib/gcc/arm-none-eabi/10.3.1/../../../arm-none-eabi/lib/thumb/v7-m/nofp/libc_nano.a(lib_a-memchr-stub.o)
 .debug_abbrev  0x00000000000022d3       0x14 /usr/lib/gcc/arm-none-eabi/10.3.1/../../../arm-none-eabi/lib/thumb/v7-m/nofp/libc_nano.a(lib_a-memcpy.o)
 .debug_abbrev  0x00000000000022e7      0x415 /usr/lib/gcc/arm-none-eabi/10.3.1/../../../arm-none-eabi/lib/thumb/v7-m/nofp/libc_nano.a(lib_a-mprec.o)
 .debug_abbrev  0x00000000000026fc      0x1b9 /usr/lib/gcc/arm-none-eabi/10.3.1/../../../arm-none-eabi/lib/thumb/v7-m/nofp/libc_nano.a(lib_a-nano-callocr.o)
 .debug_abbrev  0x00000000000028b5      0x245 /usr/lib/gcc/arm-none-eabi/10.3.1/../../../arm-none-eabi/lib/thumb/v7-m/nofp/libc_nano.a(lib_a-nano-freer.o)
 .debug_abbrev  0x0000000000002afa      0x290 /usr/lib/gcc/arm-none-eabi/10.3.1/../../../arm-none-eabi/lib/thumb/v7-m/nofp/libc_nano.a(lib_a-nano-mallocr.o)
 .debug_abbrev  0x0000000000002d8a      0x1d6 /usr/lib/gcc/arm-none-eabi/10.3.1/../../../arm-none-eabi/lib/thumb/v7-m/nofp/libc_nano.a(lib_a-sbrkr.o)
 .debug_abbrev  0x0000000000002f60      0x1c3 /usr/lib/gcc/arm-none-eabi/10.3.1/../../../arm-none-eabi/lib/thumb/v7-m/nofp/libc_nano.a(lib_a-assert.o)
 .debug_abbrev  0x0000000000003123      0x213 /usr/lib/gcc/arm-none-eabi/10.3.1/../../../arm-none-eabi/lib/thumb/v7-m/nofp/libc_nano.a(lib_a-fprintf.o)
 .debug_abbrev  0x0000000000003336      0x2b0 /usr/lib/gcc/arm-none-eabi/10.3.1/../../../arm-none-eabi/lib/thumb/v7-m/nofp/libc_nano.a(lib_a-locale.o)
 .debug_abbrev  0x00000000000035e6      0x202 /usr/lib/gcc/arm-none-eabi/10.3.1/../../../arm-none-eabi/lib/thumb/v7-m/nofp/libc_nano.a(lib_a-mbtowc_r.o)
 .debug_abbrev  0x00000000000037e8      0x189 /usr/lib/gcc/arm-none-eabi/10.3.1/../../../arm-none-eabi/lib/thumb/v7-m/nofp/libc_nano.a(lib_a-mlock.o)
 .debug_abbrev  0x0000000000003971      0x358 /usr/lib/gcc/arm-none-eabi/10.3.1/../../../arm-none-eabi/lib/thumb/v7-m/nofp/libc_nano.a(lib_a-nano-vfprintf.o)
 .debug_abbrev  0x0000000000003cc9      0x265 /usr/lib/gcc/arm-none-eabi/10.3.1/../../../arm-none-eabi/lib/thumb/v7-m/nofp/libc_nano.a(lib_a-reent.o)
 .debug_abbrev  0x0000000000003f2e      0x21f /usr/lib/gcc/arm-none-eabi/10.3.1/../../../arm-none-eabi/lib/thumb/v7-m/nofp/libc_nano.a(lib_a-wbuf.o)
 .debug_abbrev  0x000000000000414d      0x1fb /usr/lib/gcc/arm-none-eabi/10.3.1/../../../arm-none-eabi/lib/thumb/v7-m/nofp/libc_nano.a(lib_a-wctomb_r.o)
 .debug_abbrev  0x0000000000004348      0x1d4 /usr/lib/gcc/arm-none-eabi/10.3.1/../../../arm-none-eabi/lib/thumb/v7-m/nofp/libc_nano.a(lib_a-wsetup.o)
 .debug_abbrev  0x000000000000451c       0x80 /usr/lib/gcc/arm-none-eabi/10.3.1/../../../arm-none-eabi/lib/thumb/v7-m/nofp/libc_nano.a(lib_a-abort.o)
 .debug_abbrev  0x000000000000459c       0x62 /usr/lib/gcc/arm-none-eabi/10.3.1/../../../arm-none-eabi/lib/thumb/v7-m/nofp/libc_nano.a(lib_a-ctype_.o)
 .debug_abbrev  0x00000000000045fe      0x2da /usr/lib/gcc/arm-none-eabi/10.3.1/../../../arm-none-eabi/lib/thumb/v7-m/nofp/libc_nano.a(lib_a-fflush.o)
 .debug_abbrev  0x00000000000048d8      0x3cd /usr/lib/gcc/arm-none-eabi/10.3.1/../../../arm-none-eabi/lib/thumb/v7-m/nofp/libc_nano.a(lib_a-findfp.o)
 .debug_abbrev  0x0000000000004ca5      0x1f4 /usr/lib/gcc/arm-none-eabi/10.3.1/../../../arm-none-eabi/lib/thumb/v7-m/nofp/libc_nano.a(lib_a-fvwrite.o)
 .debug_abbrev  0x0000000000004e99      0x197 /usr/lib/gcc/arm-none-eabi/10.3.1/../../../arm-none-eabi/lib/thumb/v7-m/nofp/libc_nano.a(lib_a-fwalk.o)
 .debug_abbrev  0x0000000000005030      0x278 /usr/lib/gcc/arm-none-eabi/10.3.1/../../../arm-none-eabi/lib/thumb/v7-m/nofp/libc_nano.a(lib_a-makebuf.o)
 .debug_abbrev  0x00000000000052a8       0xc0 /usr/lib/gcc/arm-none-eabi/10.3.1/../../../arm-none-eabi/lib/thumb/v7-m/nofp/libc_nano.a(lib_a-memmove.o)
 .debug_abbrev  0x0000000000005368      0x1d6 /usr/lib/gcc/arm-none-eabi/10.3.1/../../../arm-none-eabi/lib/thumb/v7-m/nofp/libc_nano.a(lib_a-nano-reallocr.o)
 .debug_abbrev  0x000000000000553e      0x2ba /usr/lib/gcc/arm-none-eabi/10.3.1/../../../arm-none-eabi/lib/thumb/v7-m/nofp/libc_nano.a(lib_a-signal.o)
 .debug_abbrev  0x00000000000057f8      0x1db /usr/lib/gcc/arm-none-eabi/10.3.1/../../../arm-none-eabi/lib/thumb/v7-m/nofp/libc_nano.a(lib_a-signalr.o)
 .debug_abbrev  0x00000000000059d3      0x1fb /usr/lib/gcc/arm-none-eabi/10.3.1/../../../arm-none-eabi/lib/thumb/v7-m/nofp/libc_nano.a(lib_a-stdio.o)
 .debug_abbrev  0x0000000000005bce      0x1b0 /usr/lib/gcc/arm-none-eabi/10.3.1/../../../arm-none-eabi/lib/thumb/v7-m/nofp/libc_nano.a(lib_a-writer.o)
 .debug_abbrev  0x0000000000005d7e      0x1ab /usr/lib/gcc/arm-none-eabi/10.3.1/../../../arm-none-eabi/lib/thumb/v7-m/nofp/libc_nano.a(lib_a-closer.o)
 .debug_abbrev  0x0000000000005f29      0x1bf /usr/lib/gcc/arm-none-eabi/10.3.1/../../../arm-none-eabi/lib/thumb/v7-m/nofp/libc_nano.a(lib_a-fstatr.o)
 .debug_abbrev  0x00000000000060e8      0x1ab /usr/lib/gcc/arm-none-eabi/10.3.1/../../../arm-none-eabi/lib/thumb/v7-m/nofp/libc_nano.a(lib_a-isattyr.o)
 .debug_abbrev  0x0000000000006293      0x1bf /usr/lib/gcc/arm-none-eabi/10.3.1/../../../arm-none-eabi/lib/thumb/v7-m/nofp/libc_nano.a(lib_a-lseekr.o)
 .debug_abbrev  0x0000000000006452      0x191 /usr/lib/gcc/arm-none-eabi/10.3.1/../../../arm-none-eabi/lib/thumb/v7-m/nofp/libc_nano.a(lib_a-nano-msizer.o)
 .debug_abbrev  0x00000000000065e3      0x1ab /usr/lib/gcc/arm-none-eabi/10.3.1/../../../arm-none-eabi/lib/thumb/v7-m/nofp/libc_nano.a(lib_a-readr.o)
 .debug_abbrev  0x000000000000678e       0x14 /usr/lib/gcc/arm-none-eabi/10.3.1/thumb/v7-m/nofp/libgcc.a(_arm_muldivdf3.o)
 .debug_abbrev  0x00000000000067a2       0x14 /usr/lib/gcc/arm-none-eabi/10.3.1/thumb/v7-m/nofp/libgcc.a(_arm_cmpdf2.o)
 .debug_abbrev  0x00000000000067b6       0x14 /usr/lib/gcc/arm-none-eabi/10.3.1/thumb/v7-m/nofp/libgcc.a(_arm_unorddf2.o)
 .debug_abbrev  0x00000000000067ca       0x14 /usr/lib/gcc/arm-none-eabi/10.3.1/thumb/v7-m/nofp/libgcc.a(_arm_fixdfsi.o)
 .debug_abbrev  0x00000000000067de       0x6d /usr/lib/gcc/arm-none-eabi/10.3.1/../../../arm-none-eabi/lib/thumb/v7-m/nofp/libnosys.a(close.o)
 .debug_abbrev  0x000000000000684b       0xcc /usr/lib/gcc/arm-none-eabi/10.3.1/../../../arm-none-eabi/lib/thumb/v7-m/nofp/libnosys.a(fstat.o)
 .debug_abbrev  0x0000000000006917       0x59 /usr/lib/gcc/arm-none-eabi/10.3.1/../../../arm-none-eabi/lib/thumb/v7-m/nofp/libnosys.a(getpid.o)
 .debug_abbrev  0x0000000000006970       0x6d /usr/lib/gcc/arm-none-eabi/10.3.1/../../../arm-none-eabi/lib/thumb/v7-m/nofp/libnosys.a(isatty.o)
 .debug_abbrev  0x00000000000069dd       0x7e /usr/lib/gcc/arm-none-eabi/10.3.1/../../../arm-none-eabi/lib/thumb/v7-m/nofp/libnosys.a(kill.o)
 .debug_abbrev  0x0000000000006a5b       0x92 /usr/lib/gcc/arm-none-eabi/10.3.1/../../../arm-none-eabi/lib/thumb/v7-m/nofp/libnosys.a(lseek.o)
 .debug_abbrev  0x0000000000006aed       0x9b /usr/lib/gcc/arm-none-eabi/10.3.1/../../../arm-none-eabi/lib/thumb/v7-m/nofp/libnosys.a(read.o)
 .debug_abbrev  0x0000000000006b88       0xa2 /usr/lib/gcc/arm-none-eabi/10.3.1/../../../arm-none-eabi/lib/thumb/v7-m/nofp/libnosys.a(sbrk.o)
 .debug_abbrev  0x0000000000006c2a       0x9b /usr/lib/gcc/arm-none-eabi/10.3.1/../../../arm-none-eabi/lib/thumb/v7-m/nofp/libnosys.a(write.o)
 .debug_abbrev  0x0000000000006cc5       0x6a /usr/lib/gcc/arm-none-eabi/10.3.1/../../../arm-none-eabi/lib/thumb/v7-m/nofp/libnosys.a(_exit.o)

.debug_aranges  0x0000000000000000      0xe38
 .debug_aranges
                0x0000000000000000       0x28 CMakeFiles/Project.elf.dir/Code/Src/AD.c.obj
 .debug_aranges
                0x0000000000000028       0x38 CMakeFiles/Project.elf.dir/Code/Src/Encoder.c.obj
 .debug_aranges
                0x0000000000000060       0xb0 CMakeFiles/Project.elf.dir/Code/Src/I2COLED.c.obj
 .debug_aranges
                0x0000000000000110       0x58 CMakeFiles/Project.elf.dir/Code/Src/OLED.c.obj
 .debug_aranges
                0x0000000000000168      0x138 CMakeFiles/Project.elf.dir/Lib/Src/stm32f10x_adc.c.obj
 .debug_aranges
                0x00000000000002a0       0x58 CMakeFiles/Project.elf.dir/Lib/Src/stm32f10x_exti.c.obj
 .debug_aranges
                0x00000000000002f8       0xa8 CMakeFiles/Project.elf.dir/Lib/Src/stm32f10x_gpio.c.obj
 .debug_aranges
                0x00000000000003a0      0x120 CMakeFiles/Project.elf.dir/Lib/Src/stm32f10x_i2c.c.obj
 .debug_aranges
                0x00000000000004c0      0x118 CMakeFiles/Project.elf.dir/Lib/Src/stm32f10x_rcc.c.obj
 .debug_aranges
                0x00000000000005d8       0x28 CMakeFiles/Project.elf.dir/Project/Code-Cmake/startup_stm32f10x_md.s.obj
 .debug_aranges
                0x0000000000000600       0x60 CMakeFiles/Project.elf.dir/Start/Src/stm32f10x_it.c.obj
 .debug_aranges
                0x0000000000000660       0x38 CMakeFiles/Project.elf.dir/Start/Src/system_stm32f10x.c.obj
 .debug_aranges
                0x0000000000000698       0x30 CMakeFiles/Project.elf.dir/System/Src/Delay.c.obj
 .debug_aranges
                0x00000000000006c8       0x20 CMakeFiles/Project.elf.dir/User/main.c.obj
 .debug_aranges
                0x00000000000006e8       0x20 /usr/lib/gcc/arm-none-eabi/10.3.1/thumb/v7-m/nofp/libgcc.a(_arm_addsubdf3.o)
 .debug_aranges
                0x0000000000000708       0x18 /usr/lib/gcc/arm-none-eabi/10.3.1/../../../arm-none-eabi/lib/thumb/v7-m/nofp/libc_nano.a(lib_a-impure.o)
 .debug_aranges
                0x0000000000000720       0x20 /usr/lib/gcc/arm-none-eabi/10.3.1/../../../arm-none-eabi/lib/thumb/v7-m/nofp/libc_nano.a(lib_a-memset.o)
 .debug_aranges
                0x0000000000000740       0x20 /usr/lib/gcc/arm-none-eabi/10.3.1/../../../arm-none-eabi/lib/thumb/v7-m/nofp/libc_nano.a(lib_a-nano-vfprintf_float.o)
 .debug_aranges
                0x0000000000000760       0x20 /usr/lib/gcc/arm-none-eabi/10.3.1/../../../arm-none-eabi/lib/thumb/v7-m/nofp/libc_nano.a(lib_a-nano-vfprintf_i.o)
 .debug_aranges
                0x0000000000000780       0x20 /usr/lib/gcc/arm-none-eabi/10.3.1/../../../arm-none-eabi/lib/thumb/v7-m/nofp/libc_nano.a(lib_a-strlen-stub.o)
 .debug_aranges
                0x00000000000007a0       0x20 /usr/lib/gcc/arm-none-eabi/10.3.1/../../../arm-none-eabi/lib/thumb/v7-m/nofp/libc_nano.a(lib_a-dtoa.o)
 .debug_aranges
                0x00000000000007c0       0x20 /usr/lib/gcc/arm-none-eabi/10.3.1/../../../arm-none-eabi/lib/thumb/v7-m/nofp/libc_nano.a(lib_a-localeconv.o)
 .debug_aranges
                0x00000000000007e0       0x20 /usr/lib/gcc/arm-none-eabi/10.3.1/../../../arm-none-eabi/lib/thumb/v7-m/nofp/libc_nano.a(lib_a-malloc.o)
 .debug_aranges
                0x0000000000000800       0x20 /usr/lib/gcc/arm-none-eabi/10.3.1/../../../arm-none-eabi/lib/thumb/v7-m/nofp/libc_nano.a(lib_a-memchr-stub.o)
 .debug_aranges
                0x0000000000000820       0x20 /usr/lib/gcc/arm-none-eabi/10.3.1/../../../arm-none-eabi/lib/thumb/v7-m/nofp/libc_nano.a(lib_a-memcpy.o)
 .debug_aranges
                0x0000000000000840       0x20 /usr/lib/gcc/arm-none-eabi/10.3.1/../../../arm-none-eabi/lib/thumb/v7-m/nofp/libc_nano.a(lib_a-mprec.o)
 .debug_aranges
                0x0000000000000860       0x20 /usr/lib/gcc/arm-none-eabi/10.3.1/../../../arm-none-eabi/lib/thumb/v7-m/nofp/libc_nano.a(lib_a-nano-callocr.o)
 .debug_aranges
                0x0000000000000880       0x20 /usr/lib/gcc/arm-none-eabi/10.3.1/../../../arm-none-eabi/lib/thumb/v7-m/nofp/libc_nano.a(lib_a-nano-freer.o)
 .debug_aranges
                0x00000000000008a0       0x20 /usr/lib/gcc/arm-none-eabi/10.3.1/../../../arm-none-eabi/lib/thumb/v7-m/nofp/libc_nano.a(lib_a-nano-mallocr.o)
 .debug_aranges
                0x00000000000008c0       0x20 /usr/lib/gcc/arm-none-eabi/10.3.1/../../../arm-none-eabi/lib/thumb/v7-m/nofp/libc_nano.a(lib_a-sbrkr.o)
 .debug_aranges
                0x00000000000008e0       0x20 /usr/lib/gcc/arm-none-eabi/10.3.1/../../../arm-none-eabi/lib/thumb/v7-m/nofp/libc_nano.a(lib_a-assert.o)
 .debug_aranges
                0x0000000000000900       0x20 /usr/lib/gcc/arm-none-eabi/10.3.1/../../../arm-none-eabi/lib/thumb/v7-m/nofp/libc_nano.a(lib_a-fprintf.o)
 .debug_aranges
                0x0000000000000920       0x20 /usr/lib/gcc/arm-none-eabi/10.3.1/../../../arm-none-eabi/lib/thumb/v7-m/nofp/libc_nano.a(lib_a-locale.o)
 .debug_aranges
                0x0000000000000940       0x20 /usr/lib/gcc/arm-none-eabi/10.3.1/../../../arm-none-eabi/lib/thumb/v7-m/nofp/libc_nano.a(lib_a-mbtowc_r.o)
 .debug_aranges
                0x0000000000000960       0x20 /usr/lib/gcc/arm-none-eabi/10.3.1/../../../arm-none-eabi/lib/thumb/v7-m/nofp/libc_nano.a(lib_a-mlock.o)
 .debug_aranges
                0x0000000000000980       0x20 /usr/lib/gcc/arm-none-eabi/10.3.1/../../../arm-none-eabi/lib/thumb/v7-m/nofp/libc_nano.a(lib_a-nano-vfprintf.o)
 .debug_aranges
                0x00000000000009a0       0x20 /usr/lib/gcc/arm-none-eabi/10.3.1/../../../arm-none-eabi/lib/thumb/v7-m/nofp/libc_nano.a(lib_a-reent.o)
 .debug_aranges
                0x00000000000009c0       0x20 /usr/lib/gcc/arm-none-eabi/10.3.1/../../../arm-none-eabi/lib/thumb/v7-m/nofp/libc_nano.a(lib_a-wbuf.o)
 .debug_aranges