Archive member included to satisfy reference by file (symbol)

/usr/lib/gcc/arm-none-eabi/10.3.1/thumb/v7-m/nofp/libgcc.a(_arm_mulsf3.o)
                              CMakeFiles/Project.elf.dir/Code/Src/Servo.c.obj (__aeabi_fmul)
/usr/lib/gcc/arm-none-eabi/10.3.1/thumb/v7-m/nofp/libgcc.a(_arm_addsubdf3.o)
                              CMakeFiles/Project.elf.dir/Code/Src/Servo.c.obj (__aeabi_f2d)
/usr/lib/gcc/arm-none-eabi/10.3.1/thumb/v7-m/nofp/libgcc.a(_arm_addsubsf3.o)
                              CMakeFiles/Project.elf.dir/Code/Src/Servo.c.obj (__aeabi_fadd)
/usr/lib/gcc/arm-none-eabi/10.3.1/thumb/v7-m/nofp/libgcc.a(_arm_muldivsf3.o)
                              CMakeFiles/Project.elf.dir/Code/Src/Servo.c.obj (__aeabi_fdiv)
/usr/lib/gcc/arm-none-eabi/10.3.1/../../../arm-none-eabi/lib/thumb/v7-m/nofp/libg_nano.a(lib_a-atexit.o)
                              /usr/lib/gcc/arm-none-eabi/10.3.1/../../../arm-none-eabi/lib/thumb/v7-m/nofp/crt0.o (atexit)
/usr/lib/gcc/arm-none-eabi/10.3.1/../../../arm-none-eabi/lib/thumb/v7-m/nofp/libg_nano.a(lib_a-exit.o)
                              /usr/lib/gcc/arm-none-eabi/10.3.1/../../../arm-none-eabi/lib/thumb/v7-m/nofp/crt0.o (exit)
/usr/lib/gcc/arm-none-eabi/10.3.1/../../../arm-none-eabi/lib/thumb/v7-m/nofp/libg_nano.a(lib_a-fini.o)
                              /usr/lib/gcc/arm-none-eabi/10.3.1/../../../arm-none-eabi/lib/thumb/v7-m/nofp/crt0.o (__libc_fini_array)
/usr/lib/gcc/arm-none-eabi/10.3.1/../../../arm-none-eabi/lib/thumb/v7-m/nofp/libg_nano.a(lib_a-impure.o)
                              /usr/lib/gcc/arm-none-eabi/10.3.1/../../../arm-none-eabi/lib/thumb/v7-m/nofp/libg_nano.a(lib_a-exit.o) (_global_impure_ptr)
/usr/lib/gcc/arm-none-eabi/10.3.1/../../../arm-none-eabi/lib/thumb/v7-m/nofp/libg_nano.a(lib_a-init.o)
                              /usr/lib/gcc/arm-none-eabi/10.3.1/../../../arm-none-eabi/lib/thumb/v7-m/nofp/crt0.o (__libc_init_array)
/usr/lib/gcc/arm-none-eabi/10.3.1/../../../arm-none-eabi/lib/thumb/v7-m/nofp/libg_nano.a(lib_a-memset.o)
                              /usr/lib/gcc/arm-none-eabi/10.3.1/../../../arm-none-eabi/lib/thumb/v7-m/nofp/crt0.o (memset)
/usr/lib/gcc/arm-none-eabi/10.3.1/../../../arm-none-eabi/lib/thumb/v7-m/nofp/libg_nano.a(lib_a-nano-vfprintf_float.o)
                              (_printf_float)
/usr/lib/gcc/arm-none-eabi/10.3.1/../../../arm-none-eabi/lib/thumb/v7-m/nofp/libg_nano.a(lib_a-nano-vfprintf_i.o)
                              /usr/lib/gcc/arm-none-eabi/10.3.1/../../../arm-none-eabi/lib/thumb/v7-m/nofp/libg_nano.a(lib_a-nano-vfprintf_float.o) (_printf_common)
/usr/lib/gcc/arm-none-eabi/10.3.1/../../../arm-none-eabi/lib/thumb/v7-m/nofp/libg_nano.a(lib_a-strlen-stub.o)
                              /usr/lib/gcc/arm-none-eabi/10.3.1/../../../arm-none-eabi/lib/thumb/v7-m/nofp/libg_nano.a(lib_a-nano-vfprintf_float.o) (strlen)
/usr/lib/gcc/arm-none-eabi/10.3.1/../../../arm-none-eabi/lib/thumb/v7-m/nofp/libg_nano.a(lib_a-__atexit.o)
                              /usr/lib/gcc/arm-none-eabi/10.3.1/../../../arm-none-eabi/lib/thumb/v7-m/nofp/libg_nano.a(lib_a-atexit.o) (__register_exitproc)
/usr/lib/gcc/arm-none-eabi/10.3.1/../../../arm-none-eabi/lib/thumb/v7-m/nofp/libg_nano.a(lib_a-__call_atexit.o)
                              /usr/lib/gcc/arm-none-eabi/10.3.1/../../../arm-none-eabi/lib/thumb/v7-m/nofp/libg_nano.a(lib_a-__atexit.o) (__call_exitprocs)
/usr/lib/gcc/arm-none-eabi/10.3.1/../../../arm-none-eabi/lib/thumb/v7-m/nofp/libg_nano.a(lib_a-dtoa.o)
                              /usr/lib/gcc/arm-none-eabi/10.3.1/../../../arm-none-eabi/lib/thumb/v7-m/nofp/libg_nano.a(lib_a-nano-vfprintf_float.o) (_dtoa_r)
/usr/lib/gcc/arm-none-eabi/10.3.1/../../../arm-none-eabi/lib/thumb/v7-m/nofp/libg_nano.a(lib_a-localeconv.o)
                              /usr/lib/gcc/arm-none-eabi/10.3.1/../../../arm-none-eabi/lib/thumb/v7-m/nofp/libg_nano.a(lib_a-nano-vfprintf_float.o) (_localeconv_r)
/usr/lib/gcc/arm-none-eabi/10.3.1/../../../arm-none-eabi/lib/thumb/v7-m/nofp/libg_nano.a(lib_a-malloc.o)
                              /usr/lib/gcc/arm-none-eabi/10.3.1/../../../arm-none-eabi/lib/thumb/v7-m/nofp/libg_nano.a(lib_a-dtoa.o) (malloc)
/usr/lib/gcc/arm-none-eabi/10.3.1/../../../arm-none-eabi/lib/thumb/v7-m/nofp/libg_nano.a(lib_a-memchr-stub.o)
                              /usr/lib/gcc/arm-none-eabi/10.3.1/../../../arm-none-eabi/lib/thumb/v7-m/nofp/libg_nano.a(lib_a-nano-vfprintf_i.o) (memchr)
/usr/lib/gcc/arm-none-eabi/10.3.1/../../../arm-none-eabi/lib/thumb/v7-m/nofp/libg_nano.a(lib_a-memcpy.o)
                              /usr/lib/gcc/arm-none-eabi/10.3.1/../../../arm-none-eabi/lib/thumb/v7-m/nofp/libg_nano.a(lib_a-dtoa.o) (memcpy)
/usr/lib/gcc/arm-none-eabi/10.3.1/../../../arm-none-eabi/lib/thumb/v7-m/nofp/libg_nano.a(lib_a-mprec.o)
                              /usr/lib/gcc/arm-none-eabi/10.3.1/../../../arm-none-eabi/lib/thumb/v7-m/nofp/libg_nano.a(lib_a-dtoa.o) (_Balloc)
[...]
Memory Configuration

Name             Origin             Length             Attributes
RAM              0x0000000020000000 0x0000000000005000 xrw
FLASH            0x0000000008000000 0x0000000000010000 xr
*default*        0x0000000000000000 0xffffffffffffffff

Linker script and memory map

LOAD /usr/lib/gcc/arm-none-eabi/10.3.1/thumb/v7-m/nofp/crti.o
LOAD /usr/lib/gcc/arm-none-eabi/10.3.1/thumb/v7-m/nofp/crtbegin.o
LOAD /usr/lib/gcc/arm-none-eabi/10.3.1/../../../arm-none-eabi/lib/thumb/v7-m/nofp/crt0.o
LOAD CMakeFiles/Project.elf.dir/Code/Src/Encoder.c.obj
LOAD CMakeFiles/Project.elf.dir/Code/Src/I2COLED.c.obj
LOAD CMakeFiles/Project.elf.dir/Code/Src/IC.c.obj
LOAD CMakeFiles/Project.elf.dir/Code/Src/Key.c.obj
LOAD CMakeFiles/Project.elf.dir/Code/Src/LED.c.obj
LOAD CMakeFiles/Project.elf.dir/Code/Src/Motor.c.obj
LOAD CMakeFiles/Project.elf.dir/Code/Src/OLED.c.obj
LOAD CMakeFiles/Project.elf.dir/Code/Src/PWH.c.obj
LOAD CMakeFiles/Project.elf.dir/Code/Src/Runcoder.c.obj
LOAD CMakeFiles/Project.elf.dir/Code/Src/Servo.c.obj
LOAD CMakeFiles/Project.elf.dir/Code/Src/Timer.c.obj
LOAD CMakeFiles/Project.elf.dir/Lib/Src/misc.c.obj
LOAD CMakeFiles/Project.elf.dir/Lib/Src/stm32f10x_adc.c.obj
LOAD CMakeFiles/Project.elf.dir/Lib/Src/stm32f10x_bkp.c.obj
LOAD CMakeFiles/Project.elf.dir/Lib/Src/stm32f10x_can.c.obj
LOAD CMakeFiles/Project.elf.dir/Lib/Src/stm32f10x_cec.c.obj
LOAD CMakeFiles/Project.elf.dir/Lib/Src/stm32f10x_crc.c.obj
LOAD CMakeFiles/Project.elf.dir/Lib/Src/stm32f10x_dac.c.obj
LOAD CMakeFiles/Project.elf.dir/Lib/Src/stm32f10x_dbgmcu.c.obj
LOAD CMakeFiles/Project.elf.dir/Lib/Src/stm32f10x_dma.c.obj
LOAD CMakeFiles/Project.elf.dir/Lib/Src/stm32f10x_exti.c.obj
LOAD CMakeFiles/Project.elf.dir/Lib/Src/stm32f10x_flash.c.obj
LOAD CMakeFiles/Project.elf.dir/Lib/Src/stm32f10x_fsmc.c.obj
LOAD CMakeFiles/Project.elf.dir/Lib/Src/stm32f10x_gpio.c.obj
LOAD CMakeFiles/Project.elf.dir/Lib/Src/stm32f10x_i2c.c.obj
LOAD CMakeFiles/Project.elf.dir/Lib/Src/stm32f10x_iwdg.c.obj
LOAD CMakeFiles/Project.elf.dir/Lib/Src/stm32f10x_pwr.c.obj
LOAD CMakeFiles/Project.elf.dir/Lib/Src/stm32f10x_rcc.c.obj
LOAD CMakeFiles/Project.elf.dir/Lib/Src/stm32f10x_rtc.c.obj
LOAD CMakeFiles/Project.elf.dir/Lib/Src/stm32f10x_sdio.c.obj
LOAD CMakeFiles/Project.elf.dir/Lib/Src/stm32f10x_spi.c.obj
LOAD CMakeFiles/Project.elf.dir/Lib/Src/stm32f10x_tim.c.obj
LOAD CMakeFiles/Project.elf.dir/Lib/Src/stm32f10x_usart.c.obj
LOAD CMakeFiles/Project.elf.dir/Lib/Src/stm32f10x_wwdg.c.obj
LOAD CMakeFiles/Project.elf.dir/Project/Code-Cmake/startup_stm32f10x_md.s.obj
LOAD CMakeFiles/Project.elf.dir/Start/Src/core_cm3.c.obj
LOAD CMakeFiles/Project.elf.dir/Start/Src/stm32f10x_it.c.obj
LOAD CMakeFiles/Project.elf.dir/Start/Src/system_stm32f10x.c.obj
LOAD CMakeFiles/Project.elf.dir/System/Src/Delay.c.obj
LOAD CMakeFiles/Project.elf.dir/User/main.c.obj
START GROUP
LOAD /usr/lib/gcc/arm-none-eabi/10.3.1/thumb/v7-m/nofp/libgcc.a
LOAD /usr/lib/gcc/arm-none-eabi/10.3.1/../../../arm-none-eabi/lib/thumb/v7-m/nofp/libg_nano.a
LOAD /usr/lib/gcc/arm-none-eabi/10.3.1/../../../arm-none-eabi/lib/thumb/v7-m/nofp/libc_nano.a
END GROUP
START GROUP
LOAD /usr/lib/gcc/arm-none-eabi/10.3.1/thumb/v7-m/nofp/libgcc.a
LOAD /usr/lib/gcc/arm-none-eabi/10.3.1/../../../arm-none-eabi/lib/thumb/v7-m/nofp/libc_nano.a
LOAD /usr/lib/gcc/arm-none-eabi/10.3.1/../../../arm-none-eabi/lib/thumb/v7-m/nofp/libnosys.a
END GROUP
START GROUP
LOAD /usr/lib/gcc/arm-none-eabi/10.3.1/thumb/v7-m/nofp/libgcc.a
LOAD /usr/lib/gcc/arm-none-eabi/10.3.1/../../../arm-none-eabi/lib/thumb/v7-m/nofp/libc_nano.a
LOAD /usr/lib/gcc/arm-none-eabi/10.3.1/../../../arm-none-eabi/lib/thumb/v7-m/nofp/libnosys.a
END GROUP
LOAD /usr/lib/gcc/arm-none-eabi/10.3.1/thumb/v7-m/nofp/crtend.o
LOAD /usr/lib/gcc/arm-none-eabi/10.3.1/thumb/v7-m/nofp/crtn.o
                0x0000000020005000                _estack = (ORIGIN (RAM) + LENGTH (RAM))
                0x0000000000000200                _Min_Heap_Size = 0x200
                0x0000000000000400                _Min_Stack_Size = 0x400

.isr_vector     0x0000000008000000      0x10c
                0x0000000008000000                . = ALIGN (0x4)
 *(.isr_vector)
 .isr_vector    0x0000000008000000      0x10c CMakeFiles/Project.elf.dir/Project/Code-Cmake/startup_stm32f10x_md.s.obj
                0x0000000008000000                g_pfnVectors
                0x000000000800010c                . = ALIGN (0x4)

.text           0x0000000008000110     0x5858
                0x0000000008000110                . = ALIGN (0x4)
 *(.text)
 .text          0x0000000008000110       0x88 /usr/lib/gcc/arm-none-eabi/10.3.1/thumb/v7-m/nofp/crtbegin.o
 .text          0x0000000008000198      0x378 /usr/lib/gcc/arm-none-eabi/10.3.1/thumb/v7-m/nofp/libgcc.a(_arm_addsubdf3.o)
                0x0000000008000198                __aeabi_drsub
                0x00000000080001a0                __aeabi_dsub
                0x00000000080001a0                __subdf3
                0x00000000080001a4                __adddf3
                0x00000000080001a4                __aeabi_dadd
                0x000000000800041c                __aeabi_ui2d
                0x000000000800041c                __floatunsidf
                0x000000000800043c                __floatsidf
                0x000000000800043c                __aeabi_i2d
                0x0000000008000460                __extendsfdf2
                0x0000000008000460                __aeabi_f2d
                0x00000000080004a4                __aeabi_ul2d
                0x00000000080004a4                __floatundidf
                0x00000000080004b4                __floatdidf
                0x00000000080004b4                __aeabi_l2d
 .text          0x0000000008000510       0xa4 /usr/lib/gcc/arm-none-eabi/10.3.1/../../../arm-none-eabi/lib/thumb/v7-m/nofp/libg_nano.a(lib_a-memset.o)
                0x0000000008000510                memset
 .text          0x00000000080005b4      0x6e4 /usr/lib/gcc/arm-none-eabi/10.3.1/../../../arm-none-eabi/lib/thumb/v7-m/nofp/libg_nano.a(lib_a-nano-vfprintf_float.o)
                0x00000000080005b4                __cvt
                0x00000000080006a8                __exponent
                0x0000000008000744                _printf_float
 .text          0x0000000008000c98      0x3d8 /usr/lib/gcc/arm-none-eabi/10.3.1/../../../arm-none-eabi/lib/thumb/v7-m/nofp/libg_nano.a(lib_a-nano-vfprintf_i.o)
                0x0000000008000c98                _printf_common
                0x0000000008000dc4                _printf_i
 .text          0x0000000008001070       0x5c /usr/lib/gcc/arm-none-eabi/10.3.1/../../../arm-none-eabi/lib/thumb/v7-m/nofp/libg_nano.a(lib_a-strlen-stub.o)
                0x0000000008001070                strlen
 *fill*         0x00000000080010cc        0x4 
 .text          0x00000000080010d0     0x1034 /usr/lib/gcc/arm-none-eabi/10.3.1/../../../arm-none-eabi/lib/thumb/v7-m/nofp/libg_nano.a(lib_a-dtoa.o)
                0x00000000080011fc                _dtoa_r
 .text          0x0000000008002104       0x14 /usr/lib/gcc/arm-none-eabi/10.3.1/../../../arm-none-eabi/lib/thumb/v7-m/nofp/libg_nano.a(lib_a-localeconv.o)
                0x0000000008002104                __localeconv_l
                0x0000000008002108                _localeconv_r
                0x0000000008002110                localeconv
 .text          0x0000000008002118       0x20 /usr/lib/gcc/arm-none-eabi/10.3.1/../../../arm-none-eabi/lib/thumb/v7-m/nofp/libg_nano.a(lib_a-malloc.o)
                0x0000000008002118                malloc
                0x0000000008002128                free
 .text          0x0000000008002138       0x90 /usr/lib/gcc/arm-none-eabi/10.3.1/../../../arm-none-eabi/lib/thumb/v7-m/nofp/libg_nano.a(lib_a-memchr-stub.o)
                0x0000000008002138                memchr
 .text          0x00000000080021c8       0xec /usr/lib/gcc/arm-none-eabi/10.3.1/../../../arm-none-eabi/lib/thumb/v7-m/nofp/libg_nano.a(lib_a-memcpy.o)
                0x00000000080021c8                memcpy
 .text          0x00000000080022b4      0xabc /usr/lib/gcc/arm-none-eabi/10.3.1/../../../arm-none-eabi/lib/thumb/v7-m/nofp/libg_nano.a(lib_a-mprec.o)
                0x00000000080022b4                _Balloc
                0x0000000008002334                _Bfree
                0x000000000800237c                __multadd
                0x0000000008002418                __s2b
                0x00000000080024cc                __hi0bits
                0x000000000800250c                __lo0bits
                0x0000000008002564                __i2b
                0x0000000008002590                __multiply
                0x00000000080026ec                __pow5mult
                0x00000000080027cc                __lshift
                0x00000000080028b4                __mcmp
                0x00000000080028f4                __mdiff
                0x0000000008002a40                __ulp
                0x0000000008002a84                __b2d
                0x0000000008002b54                __d2b
                0x0000000008002c18                __ratio
                0x0000000008002c78                _mprec_log10
                0x0000000008002cb0                __copybits
                0x0000000008002d10                __any_on
 .text          0x0000000008002d70       0x1c /usr/lib/gcc/arm-none-eabi/10.3.1/../../../arm-none-eabi/lib/thumb/v7-m/nofp/libg_nano.a(lib_a-nano-callocr.o)
                0x0000000008002d70                _calloc_r
 .text          0x0000000008002d8c       0xcc /usr/lib/gcc/arm-none-eabi/10.3.1/../../../arm-none-eabi/lib/thumb/v7-m/nofp/libg_nano.a(lib_a-nano-freer.o)
                0x0000000008002d8c                _free_r
 .text          0x0000000008002e58       0xb8 /usr/lib/gcc/arm-none-eabi/10.3.1/../../../arm-none-eabi/lib/thumb/v7-m/nofp/libg_nano.a(lib_a-nano-mallocr.o)
                0x0000000008002e58                _malloc_r
 .text          0x0000000008002f10       0x24 /usr/lib/gcc/arm-none-eabi/10.3.1/../../../arm-none-eabi/lib/thumb/v7-m/nofp/libg_nano.a(lib_a-sbrkr.o)
                0x0000000008002f10                _sbrk_r
 .text          0x0000000008002f34       0x4c /usr/lib/gcc/arm-none-eabi/10.3.1/../../../arm-none-eabi/lib/thumb/v7-m/nofp/libg_nano.a(lib_a-assert.o)
                0x0000000008002f34                __assert_func
                0x0000000008002f74                __assert
 .text          0x0000000008002f80       0x44 /usr/lib/gcc/arm-none-eabi/10.3.1/../../../arm-none-eabi/lib/thumb/v7-m/nofp/libg_nano.a(lib_a-fprintf.o)
                0x0000000008002f80                _fprintf_r
                0x0000000008002f80                _fiprintf_r
                0x0000000008002f9c                fprintf
                0x0000000008002f9c                fiprintf
 .text          0x0000000008002fc4       0x40 /usr/lib/gcc/arm-none-eabi/10.3.1/../../../arm-none-eabi/lib/thumb/v7-m/nofp/libg_nano.a(lib_a-mbtowc_r.o)
                0x0000000008002fc4                _mbtowc_r
                0x0000000008002fd8                __ascii_mbtowc
 .text          0x0000000008003004        0x8 /usr/lib/gcc/arm-none-eabi/10.3.1/../../../arm-none-eabi/lib/thumb/v7-m/nofp/libg_nano.a(lib_a-mlock.o)
                0x0000000008003004                __malloc_lock
                0x0000000008003008                __malloc_unlock
 .text          0x000000000800300c      0x320 /usr/lib/gcc/arm-none-eabi/10.3.1/../../../arm-none-eabi/lib/thumb/v7-m/nofp/libg_nano.a(lib_a-nano-vfprintf.o)
                0x0000000008003034                __sfputs_r
                0x0000000008003064                __sprint_r
                0x0000000008003080                _vfiprintf_r
                0x0000000008003080                _vfprintf_r
                0x0000000008003310                vfiprintf
                0x0000000008003310                vfprintf
 .text          0x000000000800332c       0xc4 /usr/lib/gcc/arm-none-eabi/10.3.1/../../../arm-none-eabi/lib/thumb/v7-m/nofp/libg_nano.a(lib_a-wbuf.o)
                0x000000000800332c                __swbuf_r
                0x00000000080033dc                __swbuf
 .text          0x00000000080033f0       0x30 /usr/lib/gcc/arm-none-eabi/10.3.1/../../../arm-none-eabi/lib/thumb/v7-m/nofp/libg_nano.a(lib_a-wctomb_r.o)
                0x00000000080033f0                _wctomb_r
                0x0000000008003404                __ascii_wctomb
 .text          0x0000000008003420      0x104 /usr/lib/gcc/arm-none-eabi/10.3.1/../../../arm-none-eabi/lib/thumb/v7-m/nofp/libg_nano.a(lib_a-wsetup.o)
                0x0000000008003420                __swsetup_r
 .text          0x0000000008003524       0x10 /usr/lib/gcc/arm-none-eabi/10.3.1/../../../arm-none-eabi/lib/thumb/v7-m/nofp/libg_nano.a(lib_a-abort.o)
                0x0000000008003524                abort
 .text          0x0000000008003534      0x1dc /usr/lib/gcc/arm-none-eabi/10.3.1/../../../arm-none-eabi/lib/thumb/v7-m/nofp/libg_nano.a(lib_a-fflush.o)
                0x0000000008003534                __sflush_r
                0x000000000800363c                _fflush_r
                0x0000000008003690                fflush
 .text          0x0000000008003710      0x230 /usr/lib/gcc/arm-none-eabi/10.3.1/../../../arm-none-eabi/lib/thumb/v7-m/nofp/libg_nano.a(lib_a-findfp.o)
                0x0000000008003714                _cleanup_r
                0x0000000008003724                __sfmoreglue
                0x0000000008003754                __sfp
                0x00000000080038ec                _cleanup
                0x0000000008003900                __sinit
                0x0000000008003908                __sfp_lock_acquire
                0x000000000800390c                __sfp_lock_release
                0x0000000008003910                __sinit_lock_acquire
                0x0000000008003914                __sinit_lock_release
                0x0000000008003918                __fp_lock_all
                0x000000000800392c                __fp_unlock_all
 .text          0x0000000008003940      0x2f0 /usr/lib/gcc/arm-none-eabi/10.3.1/../../../arm-none-eabi/lib/thumb/v7-m/nofp/libg_nano.a(lib_a-fvwrite.o)
                0x0000000008003940                __sfvwrite_r
 .text          0x0000000008003c30       0x88 /usr/lib/gcc/arm-none-eabi/10.3.1/../../../arm-none-eabi/lib/thumb/v7-m/nofp/libg_nano.a(lib_a-fwalk.o)
                0x0000000008003c30                _fwalk
                0x0000000008003c70                _fwalk_reent
 .text          0x0000000008003cb8      0x11c /usr/lib/gcc/arm-none-eabi/10.3.1/../../../arm-none-eabi/lib/thumb/v7-m/nofp/libg_nano.a(lib_a-makebuf.o)
                0x0000000008003cb8                __smakebuf_r
                0x0000000008003d78                __swhatbuf_r
 .text          0x0000000008003dd4       0xf8 /usr/lib/gcc/arm-none-eabi/10.3.1/../../../arm-none-eabi/lib/thumb/v7-m/nofp/libg_nano.a(lib_a-memmove.o)
                0x0000000008003dd4                memmove
 .text          0x0000000008003ecc       0x50 /usr/lib/gcc/arm-none-eabi/10.3.1/../../../arm-none-eabi/lib/thumb/v7-m/nofp/libg_nano.a(lib_a-nano-reallocr.o)
                0x0000000008003ecc                _realloc_r
 .text          0x0000000008003f1c      0x26c /usr/lib/gcc/arm-none-eabi/10.3.1/../../../arm-none-eabi/lib/thumb/v7-m/nofp/libg_nano.a(lib_a-signal.o)
                0x0000000008003f1c                _init_signal_r
                0x0000000008003f48                _signal_r
                0x0000000008003f90                _raise_r
                0x0000000008003fe4                __sigtramp_r
                0x0000000008004048                raise
                0x00000000080040a0                signal
                0x00000000080040f0                _init_signal
                0x0000000008004124                __sigtramp
 .text          0x0000000008004188       0x2c /usr/lib/gcc/arm-none-eabi/10.3.1/../../../arm-none-eabi/lib/thumb/v7-m/nofp/libg_nano.a(lib_a-signalr.o)
                0x0000000008004188                _kill_r
                0x00000000080041b0                _getpid_r
 .text          0x00000000080041b4       0x90 /usr/lib/gcc/arm-none-eabi/10.3.1/../../../arm-none-eabi/lib/thumb/v7-m/nofp/libg_nano.a(lib_a-stdio.o)
                0x00000000080041b4                __sread
                0x00000000080041d8                __seofread
                0x00000000080041dc                __swrite
                0x000000000800421c                __sseek
                0x000000000800423c                __sclose
 .text          0x0000000008004244       0x2c /usr/lib/gcc/arm-none-eabi/10.3.1/../../../arm-none-eabi/lib/thumb/v7-m/nofp/libg_nano.a(lib_a-writer.o)
                0x0000000008004244                _write_r
 .text          0x0000000008004270       0x24 /usr/lib/gcc/arm-none-eabi/10.3.1/../../../arm-none-eabi/lib/thumb/v7-m/nofp/libg_nano.a(lib_a-closer.o)
                0x0000000008004270                _close_r
 .text          0x0000000008004294       0x28 /usr/lib/gcc/arm-none-eabi/10.3.1/../../../arm-none-eabi/lib/thumb/v7-m/nofp/libg_nano.a(lib_a-fstatr.o)
                0x0000000008004294                _fstat_r
 .text          0x00000000080042bc       0x24 /usr/lib/gcc/arm-none-eabi/10.3.1/../../../arm-none-eabi/lib/thumb/v7-m/nofp/libg_nano.a(lib_a-isattyr.o)
                0x00000000080042bc                _isatty_r
 .text          0x00000000080042e0       0x2c /usr/lib/gcc/arm-none-eabi/10.3.1/../../../arm-none-eabi/lib/thumb/v7-m/nofp/libg_nano.a(lib_a-lseekr.o)
                0x00000000080042e0                _lseek_r
 .text          0x000000000800430c       0x14 /usr/lib/gcc/arm-none-eabi/10.3.1/../../../arm-none-eabi/lib/thumb/v7-m/nofp/libg_nano.a(lib_a-nano-msizer.o)
                0x000000000800430c                _malloc_usable_size_r
 .text          0x0000000008004320       0x2c /usr/lib/gcc/arm-none-eabi/10.3.1/../../../arm-none-eabi/lib/thumb/v7-m/nofp/libg_nano.a(lib_a-readr.o)
                0x0000000008004320                _read_r
 .text          0x000000000800434c      0x424 /usr/lib/gcc/arm-none-eabi/10.3.1/thumb/v7-m/nofp/libgcc.a(_arm_muldivdf3.o)
                0x000000000800434c                __aeabi_dmul
                0x000000000800434c                __muldf3
                0x00000000080045a0                __aeabi_ddiv
                0x00000000080045a0                __divdf3
 .text          0x0000000008004770      0x110 /usr/lib/gcc/arm-none-eabi/10.3.1/thumb/v7-m/nofp/libgcc.a(_arm_cmpdf2.o)
                0x0000000008004770                __gtdf2
                0x0000000008004770                __gedf2
                0x0000000008004778                __ltdf2
                0x0000000008004778                __ledf2
                0x0000000008004780                __cmpdf2
                0x0000000008004780                __eqdf2
                0x0000000008004780                __nedf2
                0x00000000080047fc                __aeabi_cdrcmple
                0x000000000800480c                __aeabi_cdcmple
                0x000000000800480c                __aeabi_cdcmpeq
                0x000000000800481c                __aeabi_dcmpeq
                0x0000000008004830                __aeabi_dcmplt
                0x0000000008004844                __aeabi_dcmple
                0x0000000008004858                __aeabi_dcmpge
                0x000000000800486c                __aeabi_dcmpgt
 .text          0x0000000008004880       0x2c /usr/lib/gcc/arm-none-eabi/10.3.1/thumb/v7-m/nofp/libgcc.a(_arm_unorddf2.o)
                0x0000000008004880                __aeabi_dcmpun
                0x0000000008004880                __unorddf2
 .text          0x00000000080048ac       0x50 /usr/lib/gcc/arm-none-eabi/10.3.1/thumb/v7-m/nofp/libgcc.a(_arm_fixdfsi.o)
                0x00000000080048ac                __fixdfsi
                0x00000000080048ac                __aeabi_d2iz
 .text          0x00000000080048fc       0x10 /usr/lib/gcc/arm-none-eabi/10.3.1/../../../arm-none-eabi/lib/thumb/v7-m/nofp/libnosys.a(close.o)
                0x00000000080048fc                _close
 .text          0x000000000800490c       0x10 /usr/lib/gcc/arm-none-eabi/10.3.1/../../../arm-none-eabi/lib/thumb/v7-m/nofp/libnosys.a(fstat.o)
                0x000000000800490c                _fstat
 .text          0x000000000800491c       0x10 /usr/lib/gcc/arm-none-eabi/10.3.1/../../../arm-none-eabi/lib/thumb/v7-m/nofp/libnosys.a(getpid.o)
                0x000000000800491c                _getpid
 .text          0x000000000800492c       0x10 /usr/lib/gcc/arm-none-eabi/10.3.1/../../../arm-none-eabi/lib/thumb/v7-m/nofp/libnosys.a(isatty.o)
                0x000000000800492c                _isatty
 .text          0x000000000800493c       0x10 /usr/lib/gcc/arm-none-eabi/10.3.1/../../../arm-none-eabi/lib/thumb/v7-m/nofp/libnosys.a(kill.o)
                0x000000000800493c                _kill
 .text          0x000000000800494c       0x10 /usr/lib/gcc/arm-none-eabi/10.3.1/../../../arm-none-eabi/lib/thumb/v7-m/nofp/libnosys.a(lseek.o)
                0x000000000800494c                _lseek
 .text          0x000000000800495c       0x10 /usr/lib/gcc/arm-none-eabi/10.3.1/../../../arm-none-eabi/lib/thumb/v7-m/nofp/libnosys.a(read.o)
                0x000000000800495c                _read
 .text          0x000000000800496c       0x1c /usr/lib/gcc/arm-none-eabi/10.3.1/../../../arm-none-eabi/lib/thumb/v7-m/nofp/libnosys.a(sbrk.o)
                0x000000000800496c                _sbrk
 .text          0x0000000008004988       0x10 /usr/lib/gcc/arm-none-eabi/10.3.1/../../../arm-none-eabi/lib/thumb/v7-m/nofp/libnosys.a(write.o)
                0x0000000008004988                _write
 .text          0x0000000008004998        0x4 /usr/lib/gcc/arm-none-eabi/10.3.1/../../../arm-none-eabi/lib/thumb/v7-m/nofp/libnosys.a(_exit.o)
                0x0000000008004998                _exit
 *(.text*)
 .text.EXTI0_IRQHandler
                0x000000000800499c       0x40 CMakeFiles/Project.elf.dir/Code/Src/Encoder.c.obj
                0x000000000800499c                EXTI0_IRQHandler
 .text.EXTI1_IRQHandler
                0x00000000080049dc       0x40 CMakeFiles/Project.elf.dir/Code/Src/Encoder.c.obj
                0x00000000080049dc                EXTI1_IRQHandler
 .text.I2C_Configuration
                0x0000000008004a1c       0x80 CMakeFiles/Project.elf.dir/Code/Src/I2COLED.c.obj
                0x0000000008004a1c                I2C_Configuration
 .text.I2C_WriteByte
                0x0000000008004a9c       0x80 CMakeFiles/Project.elf.dir/Code/Src/I2COLED.c.obj
                0x0000000008004a9c                I2C_WriteByte
 .text.WriteCmd
                0x0000000008004b1c        0xc CMakeFiles/Project.elf.dir/Code/Src/I2COLED.c.obj
                0x0000000008004b1c                WriteCmd
 .text.WriteDat
                0x0000000008004b28        0xc CMakeFiles/Project.elf.dir/Code/Src/I2COLED.c.obj
                0x0000000008004b28                WriteDat
 .text.I2COLED_SetPos
                0x0000000008004b34       0x26 CMakeFiles/Project.elf.dir/Code/Src/I2COLED.c.obj
                0x0000000008004b34                I2COLED_SetPos
 .text.I2COLED_Fill
                0x0000000008004b5a       0x3c CMakeFiles/Project.elf.dir/Code/Src/I2COLED.c.obj
                0x0000000008004b5a                I2COLED_Fill
 .text.I2COLED_Init
                0x0000000008004b96       0xc2 CMakeFiles/Project.elf.dir/Code/Src/I2COLED.c.obj
                0x0000000008004b96                I2COLED_Init
 .text.I2COLED_Pow
                0x0000000008004c58       0x14 CMakeFiles/Project.elf.dir/Code/Src/I2COLED.c.obj
                0x0000000008004c58                I2COLED_Pow
 .text.I2COLED_ShowChar
                0x0000000008004c6c       0xa8 CMakeFiles/Project.elf.dir/Code/Src/I2COLED.c.obj
                0x0000000008004c6c                I2COLED_ShowChar
 .text.I2COLED_ShowSignedNum
                0x0000000008004d14      0x134 CMakeFiles/Project.elf.dir/Code/Src/I2COLED.c.obj
                0x0000000008004d14                I2COLED_ShowSignedNum
 .text.OLED_Init
                0x0000000008004e48        0x8 CMakeFiles/Project.elf.dir/Code/Src/OLED.c.obj
                0x0000000008004e48                OLED_Init
 .text.OLED_ShowChar
                0x0000000008004e50       0x1c CMakeFiles/Project.elf.dir/Code/Src/OLED.c.obj
                0x0000000008004e50                OLED_ShowChar
 .text.OLED_ShowString
                0x0000000008004e6c       0x22 CMakeFiles/Project.elf.dir/Code/Src/OLED.c.obj
                0x0000000008004e6c                OLED_ShowString
 .text.OLED_ShowSignedNum
                0x0000000008004e8e       0x24 CMakeFiles/Project.elf.dir/Code/Src/OLED.c.obj
                0x0000000008004e8e                OLED_ShowSignedNum
 *fill*         0x0000000008004eb2        0x2 
 .text.Runcoder_Init
                0x0000000008004eb4       0xa0 CMakeFiles/Project.elf.dir/Code/Src/Runcoder.c.obj
                0x0000000008004eb4                Runcoder_Init
 .text.Get_RunCoder
                0x0000000008004f54       0x1c CMakeFiles/Project.elf.dir/Code/Src/Runcoder.c.obj
                0x0000000008004f54                Get_RunCoder
 .text.EXTI_GetITStatus
                0x0000000008004f70       0x20 CMakeFiles/Project.elf.dir/Lib/Src/stm32f10x_exti.c.obj
                0x0000000008004f70                EXTI_GetITStatus
 .text.EXTI_ClearITPendingBit
                0x0000000008004f90        0xc CMakeFiles/Project.elf.dir/Lib/Src/stm32f10x_exti.c.obj
                0x0000000008004f90                EXTI_ClearITPendingBit
 .text.GPIO_Init
                0x0000000008004f9c       0xb2 CMakeFiles/Project.elf.dir/Lib/Src/stm32f10x_gpio.c.obj
                0x0000000008004f9c                GPIO_Init
 .text.GPIO_ReadInputDataBit
                0x000000000800504e        0xe CMakeFiles/Project.elf.dir/Lib/Src/stm32f10x_gpio.c.obj
                0x000000000800504e                GPIO_ReadInputDataBit
 .text.I2C_DeInit
                0x000000000800505c       0x38 CMakeFiles/Project.elf.dir/Lib/Src/stm32f10x_i2c.c.obj
                0x000000000800505c                I2C_DeInit
 .text.I2C_Init
                0x0000000008005094       0xdc CMakeFiles/Project.elf.dir/Lib/Src/stm32f10x_i2c.c.obj
                0x0000000008005094                I2C_Init
 .text.I2C_Cmd  0x0000000008005170       0x1c CMakeFiles/Project.elf.dir/Lib/Src/stm32f10x_i2c.c.obj
                0x0000000008005170                I2C_Cmd
 .text.I2C_GenerateSTART
                0x000000000800518c       0x1c CMakeFiles/Project.elf.dir/Lib/Src/stm32f10x_i2c.c.obj
                0x000000000800518c                I2C_GenerateSTART
 .text.I2C_GenerateSTOP
                0x00000000080051a8       0x1c CMakeFiles/Project.elf.dir/Lib/Src/stm32f10x_i2c.c.obj
                0x00000000080051a8                I2C_GenerateSTOP
 .text.I2C_SendData
                0x00000000080051c4        0x4 CMakeFiles/Project.elf.dir/Lib/Src/stm32f10x_i2c.c.obj
                0x00000000080051c4                I2C_SendData
 .text.I2C_Send7bitAddress
                0x00000000080051c8       0x12 CMakeFiles/Project.elf.dir/Lib/Src/stm32f10x_i2c.c.obj
                0x00000000080051c8                I2C_Send7bitAddress
 .text.I2C_CheckEvent
                0x00000000080051da       0x1c CMakeFiles/Project.elf.dir/Lib/Src/stm32f10x_i2c.c.obj
                0x00000000080051da                I2C_CheckEvent
 .text.I2C_GetFlagStatus
                0x00000000080051f6       0x38 CMakeFiles/Project.elf.dir/Lib/Src/stm32f10x_i2c.c.obj
                0x00000000080051f6                I2C_GetFlagStatus
 *fill*         0x000000000800522e        0x2 
 .text.RCC_GetClocksFreq
                0x0000000008005230       0xbc CMakeFiles/Project.elf.dir/Lib/Src/stm32f10x_rcc.c.obj
                0x0000000008005230                RCC_GetClocksFreq
 .text.RCC_APB2PeriphClockCmd
                0x00000000080052ec       0x1c CMakeFiles/Project.elf.dir/Lib/Src/stm32f10x_rcc.c.obj
                0x00000000080052ec                RCC_APB2PeriphClockCmd
 .text.RCC_APB1PeriphClockCmd
                0x0000000008005308       0x1c CMakeFiles/Project.elf.dir/Lib/Src/stm32f10x_rcc.c.obj
                0x0000000008005308                RCC_APB1PeriphClockCmd
 .text.RCC_APB1PeriphResetCmd
                0x0000000008005324       0x1c CMakeFiles/Project.elf.dir/Lib/Src/stm32f10x_rcc.c.obj
                0x0000000008005324                RCC_APB1PeriphResetCmd
 .text.TI1_Config
                0x0000000008005340       0x88 CMakeFiles/Project.elf.dir/Lib/Src/stm32f10x_tim.c.obj
 .text.TI2_Config
                0x00000000080053c8       0x94 CMakeFiles/Project.elf.dir/Lib/Src/stm32f10x_tim.c.obj
 .text.TI3_Config
                0x000000000800545c       0x84 CMakeFiles/Project.elf.dir/Lib/Src/stm32f10x_tim.c.obj
 .text.TI4_Config
                0x00000000080054e0       0x98 CMakeFiles/Project.elf.dir/Lib/Src/stm32f10x_tim.c.obj
 .text.TIM_TimeBaseInit
                0x0000000008005578       0x94 CMakeFiles/Project.elf.dir/Lib/Src/stm32f10x_tim.c.obj
                0x0000000008005578                TIM_TimeBaseInit
 .text.TIM_ICStructInit
                0x000000000800560c       0x10 CMakeFiles/Project.elf.dir/Lib/Src/stm32f10x_tim.c.obj
                0x000000000800560c                TIM_ICStructInit
 .text.TIM_Cmd  0x000000000800561c       0x1c CMakeFiles/Project.elf.dir/Lib/Src/stm32f10x_tim.c.obj
                0x000000000800561c                TIM_Cmd
 .text.TIM_EncoderInterfaceConfig
                0x0000000008005638       0x46 CMakeFiles/Project.elf.dir/Lib/Src/stm32f10x_tim.c.obj
                0x0000000008005638                TIM_EncoderInterfaceConfig
 .text.TIM_SetCounter
                0x000000000800567e        0x4 CMakeFiles/Project.elf.dir/Lib/Src/stm32f10x_tim.c.obj
                0x000000000800567e                TIM_SetCounter
 .text.TIM_SetIC1Prescaler
                0x0000000008005682       0x16 CMakeFiles/Project.elf.dir/Lib/Src/stm32f10x_tim.c.obj
                0x0000000008005682                TIM_SetIC1Prescaler
 .text.TIM_SetIC2Prescaler
                0x0000000008005698       0x1a CMakeFiles/Project.elf.dir/Lib/Src/stm32f10x_tim.c.obj
                0x0000000008005698                TIM_SetIC2Prescaler
 .text.TIM_SetIC3Prescaler
                0x00000000080056b2       0x16 CMakeFiles/Project.elf.dir/Lib/Src/stm32f10x_tim.c.obj
                0x00000000080056b2                TIM_SetIC3Prescaler
 .text.TIM_SetIC4Prescaler
                0x00000000080056c8       0x1a CMakeFiles/Project.elf.dir/Lib/Src/stm32f10x_tim.c.obj
                0x00000000080056c8                TIM_SetIC4Prescaler
 .text.TIM_ICInit
                0x00000000080056e2       0x62 CMakeFiles/Project.elf.dir/Lib/Src/stm32f10x_tim.c.obj
                0x00000000080056e2                TIM_ICInit
 .text.TIM_GetCounter
                0x0000000008005744        0x6 CMakeFiles/Project.elf.dir/Lib/Src/stm32f10x_tim.c.obj
                0x0000000008005744                TIM_GetCounter
 *fill*         0x000000000800574a        0x2 
 .text.Reset_Handler
                0x000000000800574c       0x44 CMakeFiles/Project.elf.dir/Project/Code-Cmake/startup_stm32f10x_md.s.obj
                0x000000000800574c                Reset_Handler
 .text.Default_Handler
                0x0000000008005790        0x2 CMakeFiles/Project.elf.dir/Project/Code-Cmake/startup_stm32f10x_md.s.obj
                0x0000000008005790                EXTI2_IRQHandler
                0x0000000008005790                TIM1_CC_IRQHandler
                0x0000000008005790                PVD_IRQHandler
                0x0000000008005790                EXTI3_IRQHandler
                0x0000000008005790                I2C2_EV_IRQHandler
                0x0000000008005790                ADC1_2_IRQHandler
                0x0000000008005790                SPI1_IRQHandler
                0x0000000008005790                TAMPER_IRQHandler
                0x0000000008005790                DMA1_Channel4_IRQHandler
                0x0000000008005790                USART3_IRQHandler
                0x0000000008005790                RTC_IRQHandler
                0x0000000008005790                DMA1_Channel7_IRQHandler
                0x0000000008005790                CAN1_RX1_IRQHandler
                0x0000000008005790                TIM4_IRQHandler
                0x0000000008005790                I2C1_EV_IRQHandler
                0x0000000008005790                DMA1_Channel6_IRQHandler
                0x0000000008005790                TIM3_IRQHandler
                0x0000000008005790                RCC_IRQHandler
                0x0000000008005790                TIM1_TRG_COM_IRQHandler
                0x0000000008005790                DMA1_Channel1_IRQHandler
                0x0000000008005790                Default_Handler
                0x0000000008005790                EXTI15_10_IRQHandler
                0x0000000008005790                EXTI9_5_IRQHandler
                0x0000000008005790                SPI2_IRQHandler
                0x0000000008005790                DMA1_Channel5_IRQHandler
                0x0000000008005790                EXTI4_IRQHandler
                0x0000000008005790                USB_LP_CAN1_RX0_IRQHandler
                0x0000000008005790                USB_HP_CAN1_TX_IRQHandler
                0x0000000008005790                DMA1_Channel3_IRQHandler
                0x0000000008005790                TIM1_UP_IRQHandler
                0x0000000008005790                WWDG_IRQHandler
                0x0000000008005790                TIM2_IRQHandler
                0x0000000008005790                TIM1_BRK_IRQHandler
                0x0000000008005790                RTCAlarm_IRQHandler
                0x0000000008005790                USART2_IRQHandler
                0x0000000008005790                I2C2_ER_IRQHandler
                0x0000000008005790                DMA1_Channel2_IRQHandler
                0x0000000008005790                CAN1_SCE_IRQHandler
                0x0000000008005790                FLASH_IRQHandler
                0x0000000008005790                USART1_IRQHandler
                0x0000000008005790                I2C1_ER_IRQHandler
                0x0000000008005790                USBWakeUp_IRQHandler
 .text.NMI_Handler
                0x0000000008005792        0x2 CMakeFiles/Project.elf.dir/Start/Src/stm32f10x_it.c.obj
                0x0000000008005792                NMI_Handler
 .text.HardFault_Handler
                0x0000000008005794        0x2 CMakeFiles/Project.elf.dir/Start/Src/stm32f10x_it.c.obj
                0x0000000008005794                HardFault_Handler
 .text.MemManage_Handler
                0x0000000008005796        0x2 CMakeFiles/Project.elf.dir/Start/Src/stm32f10x_it.c.obj
                0x0000000008005796                MemManage_Handler
 .text.BusFault_Handler
                0x0000000008005798        0x2 CMakeFiles/Project.elf.dir/Start/Src/stm32f10x_it.c.obj
                0x0000000008005798                BusFault_Handler
 .text.UsageFault_Handler
                0x000000000800579a        0x2 CMakeFiles/Project.elf.dir/Start/Src/stm32f10x_it.c.obj
                0x000000000800579a                UsageFault_Handler
 .text.SVC_Handler
                0x000000000800579c        0x2 CMakeFiles/Project.elf.dir/Start/Src/stm32f10x_it.c.obj
                0x000000000800579c                SVC_Handler
 .text.DebugMon_Handler
                0x000000000800579e        0x2 CMakeFiles/Project.elf.dir/Start/Src/stm32f10x_it.c.obj
                0x000000000800579e                DebugMon_Handler
 .text.PendSV_Handler
                0x00000000080057a0        0x2 CMakeFiles/Project.elf.dir/Start/Src/stm32f10x_it.c.obj
                0x00000000080057a0                PendSV_Handler
 .text.SysTick_Handler
                0x00000000080057a2        0x2 CMakeFiles/Project.elf.dir/Start/Src/stm32f10x_it.c.obj
                0x00000000080057a2                SysTick_Handler
 .text.SetSysClockTo72
                0x00000000080057a4       0xc4 CMakeFiles/Project.elf.dir/Start/Src/system_stm32f10x.c.obj
 .text.SetSysClock
                0x0000000008005868        0x8 CMakeFiles/Project.elf.dir/Start/Src/system_stm32f10x.c.obj
 .text.SystemInit
                0x0000000008005870       0x50 CMakeFiles/Project.elf.dir/Start/Src/system_stm32f10x.c.obj
                0x0000000008005870                SystemInit
 .text.Delay_us
                0x00000000080058c0       0x2a CMakeFiles/Project.elf.dir/System/Src/Delay.c.obj
                0x00000000080058c0                Delay_us
 .text.Delay_ms
                0x00000000080058ea       0x16 CMakeFiles/Project.elf.dir/System/Src/Delay.c.obj
                0x00000000080058ea                Delay_ms
 .text.Delay_s  0x0000000008005900       0x16 CMakeFiles/Project.elf.dir/System/Src/Delay.c.obj
                0x0000000008005900                Delay_s
 *fill*         0x0000000008005916        0x2 
 .text.main     0x0000000008005918       0x38 CMakeFiles/Project.elf.dir/User/main.c.obj
                0x0000000008005918                main
 *(.glue_7)
 .glue_7        0x0000000008005950        0x0 linker stubs
 *(.glue_7t)
 .glue_7t       0x0000000008005950        0x0 linker stubs
 *(.eh_frame)
 .eh_frame      0x0000000008005950        0x0 /usr/lib/gcc/arm-none-eabi/10.3.1/thumb/v7-m/nofp/crtbegin.o
 *(.init)
 .init          0x0000000008005950        0x4 /usr/lib/gcc/arm-none-eabi/10.3.1/thumb/v7-m/nofp/crti.o
                0x0000000008005950                _init
 .init          0x0000000008005954        0x8 /usr/lib/gcc/arm-none-eabi/10.3.1/thumb/v7-m/nofp/crtn.o
 *(.fini)
 .fini          0x000000000800595c        0x4 /usr/lib/gcc/arm-none-eabi/10.3.1/thumb/v7-m/nofp/crti.o
                0x000000000800595c                _fini
 .fini          0x0000000008005960        0x8 /usr/lib/gcc/arm-none-eabi/10.3.1/thumb/v7-m/nofp/crtn.o
                0x0000000008005968                . = ALIGN (0x4)
                0x0000000008005968                _etext = .

.vfp11_veneer   0x0000000008005968        0x0
 .vfp11_veneer  0x0000000008005968        0x0 linker stubs

.v4_bx          0x0000000008005968        0x0
 .v4_bx         0x0000000008005968        0x0 linker stubs

.iplt           0x0000000008005968        0x0
 .iplt          0x0000000008005968        0x0 /usr/lib/gcc/arm-none-eabi/10.3.1/thumb/v7-m/nofp/crtbegin.o

.rodata         0x0000000008005968      0xbf8
                0x0000000008005968                . = ALIGN (0x4)
 *(.rodata)
 .rodata        0x0000000008005968        0x4 /usr/lib/gcc/arm-none-eabi/10.3.1/../../../arm-none-eabi/lib/thumb/v7-m/nofp/libg_nano.a(lib_a-impure.o)
                0x0000000008005968                _global_impure_ptr
 *fill*         0x000000000800596c        0x4 
 .rodata        0x0000000008005970      0x128 /usr/lib/gcc/arm-none-eabi/10.3.1/../../../arm-none-eabi/lib/thumb/v7-m/nofp/libg_nano.a(lib_a-mprec.o)
                0x0000000008005980                __mprec_tens
                0x0000000008005a48                __mprec_tinytens
                0x0000000008005a70                __mprec_bigtens
 .rodata        0x0000000008005a98      0x101 /usr/lib/gcc/arm-none-eabi/10.3.1/../../../arm-none-eabi/lib/thumb/v7-m/nofp/libg_nano.a(lib_a-ctype_.o)
                0x0000000008005a98                _ctype_
 *fill*         0x0000000008005b99        0x3 
 .rodata        0x0000000008005b9c       0x60 /usr/lib/gcc/arm-none-eabi/10.3.1/../../../arm-none-eabi/lib/thumb/v7-m/nofp/libg_nano.a(lib_a-findfp.o)
                0x0000000008005b9c                __sf_fake_stderr
                0x0000000008005bbc                __sf_fake_stdout
                0x0000000008005bdc                __sf_fake_stdin
 *(.rodata*)
 .rodata.F6x8   0x0000000008005bfc      0x228 CMakeFiles/Project.elf.dir/Code/Src/I2COLED.c.obj
                0x0000000008005bfc                F6x8
 .rodata.F8X16  0x0000000008005e24      0x5f0 CMakeFiles/Project.elf.dir/Code/Src/I2COLED.c.obj
                0x0000000008005e24                F8X16
 .rodata.main.str1.4
                0x0000000008006414        0x8 CMakeFiles/Project.elf.dir/User/main.c.obj
 .rodata.str1.4
                0x000000000800641c       0x12 /usr/lib/gcc/arm-none-eabi/10.3.1/../../../arm-none-eabi/lib/thumb/v7-m/nofp/libg_nano.a(lib_a-nano-vfprintf_float.o)
 *fill*         0x000000000800642e        0x2 
 .rodata.str1.4
                0x0000000008006430       0x25 /usr/lib/gcc/arm-none-eabi/10.3.1/../../../arm-none-eabi/lib/thumb/v7-m/nofp/libg_nano.a(lib_a-nano-vfprintf_i.o)
 *fill*         0x0000000008006455        0x3 
 .rodata.str1.4
                0x0000000008006458       0x6d /usr/lib/gcc/arm-none-eabi/10.3.1/../../../arm-none-eabi/lib/thumb/v7-m/nofp/libg_nano.a(lib_a-dtoa.o)
                                         0x71 (size before relaxing)
 *fill*         0x00000000080064c5        0x3 
 .rodata.str1.4
                0x00000000080064c8       0x33 /usr/lib/gcc/arm-none-eabi/10.3.1/../../../arm-none-eabi/lib/thumb/v7-m/nofp/libg_nano.a(lib_a-mprec.o)
                                         0x5d (size before relaxing)
 *fill*         0x00000000080064fb        0x1 
 .rodata.str1.4
                0x00000000080064fc       0x3f /usr/lib/gcc/arm-none-eabi/10.3.1/../../../arm-none-eabi/lib/thumb/v7-m/nofp/libg_nano.a(lib_a-assert.o)
                                         0x43 (size before relaxing)
 *fill*         0x000000000800653b        0x1 
 .rodata.str1.4
                0x000000000800653c        0xe /usr/lib/gcc/arm-none-eabi/10.3.1/../../../arm-none-eabi/lib/thumb/v7-m/nofp/libg_nano.a(lib_a-locale.o)
                                         0x12 (size before relaxing)
 *fill*         0x000000000800654a        0x2 
 .rodata.str1.4
                0x000000000800654c       0x13 /usr/lib/gcc/arm-none-eabi/10.3.1/../../../arm-none-eabi/lib/thumb/v7-m/nofp/libg_nano.a(lib_a-nano-vfprintf.o)
                0x0000000008006560                . = ALIGN (0x4)
 *fill*         0x000000000800655f        0x1 

.rel.dyn        0x0000000008006560        0x0
 .rel.iplt      0x0000000008006560        0x0 /usr/lib/gcc/arm-none-eabi/10.3.1/thumb/v7-m/nofp/crtbegin.o

.ARM.extab
 *(.ARM.extab* .gnu.linkonce.armextab.*)

.ARM            0x0000000008006560        0x0
                0x0000000008006560                __exidx_start = .
 *(.ARM.exidx*)
                0x0000000008006560                __exidx_end = .

.preinit_array  0x0000000008006560        0x0
                0x0000000008006560                PROVIDE (__preinit_array_start = .)
 *(.preinit_array*)
                0x0000000008006560                PROVIDE (__preinit_array_end = .)

.init_array     0x0000000008006560        0x4
                0x0000000008006560                PROVIDE (__init_array_start = .)
 *(SORT_BY_NAME(.init_array.*))
 *(.init_array*)
 .init_array    0x0000000008006560        0x4 /usr/lib/gcc/arm-none-eabi/10.3.1/thumb/v7-m/nofp/crtbegin.o
                0x0000000008006564                PROVIDE (__init_array_end = .)

.fini_array     0x0000000008006564        0x4
                0x0000000008006564                PROVIDE (__fini_array_start = .)
 *(SORT_BY_NAME(.fini_array.*))
 *(.fini_array*)
 .fini_array    0x0000000008006564        0x4 /usr/lib/gcc/arm-none-eabi/10.3.1/thumb/v7-m/nofp/crtbegin.o
                0x0000000008006568                PROVIDE (__fini_array_end = .)
                0x0000000008006568                _sidata = LOADADDR (.data)

.data           0x0000000020000000      0x1e4 load address 0x0000000008006568
                0x0000000020000000                . = ALIGN (0x4)
                0x0000000020000000                _sdata = .
 *(.data)
 .data          0x0000000020000000       0x64 /usr/lib/gcc/arm-none-eabi/10.3.1/../../../arm-none-eabi/lib/thumb/v7-m/nofp/libg_nano.a(lib_a-impure.o)
                0x0000000020000000                _impure_ptr
 .data          0x0000000020000064      0x16c /usr/lib/gcc/arm-none-eabi/10.3.1/../../../arm-none-eabi/lib/thumb/v7-m/nofp/libg_nano.a(lib_a-locale.o)
                0x0000000020000064                __global_locale
 *(.data*)
 .data.ADCPrescTable
                0x00000000200001d0        0x4 CMakeFiles/Project.elf.dir/Lib/Src/stm32f10x_rcc.c.obj
 .data.APBAHBPrescTable
                0x00000000200001d4       0x10 CMakeFiles/Project.elf.dir/Lib/Src/stm32f10x_rcc.c.obj
                0x00000000200001e4                . = ALIGN (0x4)
                0x00000000200001e4                _edata = .

.tm_clone_table
                0x00000000200001e4        0x0 load address 0x000000000800674c
 .tm_clone_table
                0x00000000200001e4        0x0 /usr/lib/gcc/arm-none-eabi/10.3.1/thumb/v7-m/nofp/crtbegin.o
 .tm_clone_table
                0x00000000200001e4        0x0 /usr/lib/gcc/arm-none-eabi/10.3.1/thumb/v7-m/nofp/crtend.o

.igot.plt       0x00000000200001e4        0x0 load address 0x000000000800674c
 .igot.plt      0x00000000200001e4        0x0 /usr/lib/gcc/arm-none-eabi/10.3.1/thumb/v7-m/nofp/crtbegin.o
                0x00000000200001e4                . = ALIGN (0x4)

.bss            0x00000000200001e4       0x30 load address 0x000000000800674c
                0x00000000200001e4                _sbss = .
                0x00000000200001e4                __bss_start__ = _sbss
 *(.bss)
 .bss           0x00000000200001e4       0x1c /usr/lib/gcc/arm-none-eabi/10.3.1/thumb/v7-m/nofp/crtbegin.o
 .bss           0x0000000020000200        0x8 /usr/lib/gcc/arm-none-eabi/10.3.1/../../../arm-none-eabi/lib/thumb/v7-m/nofp/libg_nano.a(lib_a-nano-mallocr.o)
                0x0000000020000200                __malloc_free_list
                0x0000000020000204                __malloc_sbrk_start
 .bss           0x0000000020000208        0x4 /usr/lib/gcc/arm-none-eabi/10.3.1/../../../arm-none-eabi/lib/thumb/v7-m/nofp/libg_nano.a(lib_a-reent.o)
                0x0000000020000208                errno
 .bss           0x000000002000020c        0x4 /usr/lib/gcc/arm-none-eabi/10.3.1/../../../arm-none-eabi/lib/thumb/v7-m/nofp/libnosys.a(sbrk.o)
 *(.bss*)
 .bss.Encoder_Count
                0x0000000020000210        0x2 CMakeFiles/Project.elf.dir/Code/Src/Encoder.c.obj
                0x0000000020000210                Encoder_Count
 .bss.Number    0x0000000020000212        0x2 CMakeFiles/Project.elf.dir/User/main.c.obj
                0x0000000020000212                Number
 *(COMMON)
                0x0000000020000214                . = ALIGN (0x4)
                0x0000000020000214                _ebss = .
                0x0000000020000214                __bss_end__ = _ebss

._user_heap_stack
                0x0000000020000214      0x604 load address 0x000000000800674c
                0x0000000020000218                . = ALIGN (0x8)
 *fill*         0x0000000020000214        0x4 
                0x0000000020000218                PROVIDE (end = .)
                [!provide]                        PROVIDE (_end = .)
                0x0000000020000418                . = (. + _Min_Heap_Size)
 *fill*         0x0000000020000218      0x200 
                0x0000000020000818                . = (. + _Min_Stack_Size)
 *fill*         0x0000000020000418      0x400 
                0x0000000020000818                . = ALIGN (0x8)

/DISCARD/
 libc.a(*)
 libm.a(*)
 libgcc.a(*)

.ARM.attributes
                0x0000000000000000       0x29
 *(.ARM.attributes)
 .ARM.attributes
                0x0000000000000000       0x1d /usr/lib/gcc/arm-none-eabi/10.3.1/thumb/v7-m/nofp/crti.o
 .ARM.attributes
                0x000000000000001d       0x2d /usr/lib/gcc/arm-none-eabi/10.3.1/thumb/v7-m/nofp/crtbegin.o
 .ARM.attributes
                0x000000000000004a       0x2d CMakeFiles/Project.elf.dir/Code/Src/Encoder.c.obj
 .ARM.attributes
                0x0000000000000077       0x2d CMakeFiles/Project.elf.dir/Code/Src/I2COLED.c.obj
 .ARM.attributes
                0x00000000000000a4       0x2d CMakeFiles/Project.elf.dir/Code/Src/OLED.c.obj
 .ARM.attributes
                0x00000000000000d1       0x2d CMakeFiles/Project.elf.dir/Code/Src/Runcoder.c.obj
 .ARM.attributes
                0x00000000000000fe       0x2d CMakeFiles/Project.elf.dir/Lib/Src/stm32f10x_exti.c.obj
 .ARM.attributes
                0x000000000000012b       0x2d CMakeFiles/Project.elf.dir/Lib/Src/stm32f10x_gpio.c.obj
 .ARM.attributes
                0x0000000000000158       0x2d CMakeFiles/Project.elf.dir/Lib/Src/stm32f10x_i2c.c.obj
 .ARM.attributes
                0x0000000000000185       0x2d CMakeFiles/Project.elf.dir/Lib/Src/stm32f10x_rcc.c.obj
 .ARM.attributes
                0x00000000000001b2       0x2d CMakeFiles/Project.elf.dir/Lib/Src/stm32f10x_tim.c.obj
 .ARM.attributes
                0x00000000000001df       0x21 CMakeFiles/Project.elf.dir/Project/Code-Cmake/startup_stm32f10x_md.s.obj
 .ARM.attributes
                0x0000000000000200       0x2d CMakeFiles/Project.elf.dir/Start/Src/stm32f10x_it.c.obj
 .ARM.attributes
                0x000000000000022d       0x2d CMakeFiles/Project.elf.dir/Start/Src/system_stm32f10x.c.obj
 .ARM.attributes
                0x000000000000025a       0x2d CMakeFiles/Project.elf.dir/System/Src/Delay.c.obj
 .ARM.attributes
                0x0000000000000287       0x2d CMakeFiles/Project.elf.dir/User/main.c.obj
 .ARM.attributes
                0x00000000000002b4       0x1d /usr/lib/gcc/arm-none-eabi/10.3.1/thumb/v7-m/nofp/libgcc.a(_arm_addsubdf3.o)
 .ARM.attributes
                0x00000000000002d1       0x2d /usr/lib/gcc/arm-none-eabi/10.3.1/../../../arm-none-eabi/lib/thumb/v7-m/nofp/libg_nano.a(lib_a-impure.o)
 .ARM.attributes
                0x00000000000002fe       0x2d /usr/lib/gcc/arm-none-eabi/10.3.1/../../../arm-none-eabi/lib/thumb/v7-m/nofp/libg_nano.a(lib_a-memset.o)
 .ARM.attributes
                0x000000000000032b       0x2d /usr/lib/gcc/arm-none-eabi/10.3.1/../../../arm-none-eabi/lib/thumb/v7-m/nofp/libg_nano.a(lib_a-nano-vfprintf_float.o)
 .ARM.attributes
                0x0000000000000358       0x2d /usr/lib/gcc/arm-none-eabi/10.3.1/../../../arm-none-eabi/lib/thumb/v7-m/nofp/libg_nano.a(lib_a-nano-vfprintf_i.o)
 .ARM.attributes
                0x0000000000000385       0x2d /usr/lib/gcc/arm-none-eabi/10.3.1/../../../arm-none-eabi/lib/thumb/v7-m/nofp/libg_nano.a(lib_a-strlen-stub.o)
 .ARM.attributes
                0x00000000000003b2       0x2d /usr/lib/gcc/arm-none-eabi/10.3.1/../../../arm-none-eabi/lib/thumb/v7-m/nofp/libg_nano.a(lib_a-dtoa.o)
 .ARM.attributes
                0x00000000000003df       0x2d /usr/lib/gcc/arm-none-eabi/10.3.1/../../../arm-none-eabi/lib/thumb/v7-m/nofp/libg_nano.a(lib_a-localeconv.o)
 .ARM.attributes
                0x000000000000040c       0x2d /usr/lib/gcc/arm-none-eabi/10.3.1/../../../arm-none-eabi/lib/thumb/v7-m/nofp/libg_nano.a(lib_a-malloc.o)
 .ARM.attributes
                0x0000000000000439       0x2d /usr/lib/gcc/arm-none-eabi/10.3.1/../../../arm-none-eabi/lib/thumb/v7-m/nofp/libg_nano.a(lib_a-memchr-stub.o)
 .ARM.attributes
                0x0000000000000466       0x1b /usr/lib/gcc/arm-none-eabi/10.3.1/../../../arm-none-eabi/lib/thumb/v7-m/nofp/libg_nano.a(lib_a-memcpy.o)
 .ARM.attributes
                0x0000000000000481       0x2d /usr/lib/gcc/arm-none-eabi/10.3.1/../../../arm-none-eabi/lib/thumb/v7-m/nofp/libg_nano.a(lib_a-mprec.o)
 .ARM.attributes
                0x00000000000004ae       0x2d /usr/lib/gcc/arm-none-eabi/10.3.1/../../../arm-none-eabi/lib/thumb/v7-m/nofp/libg_nano.a(lib_a-nano-callocr.o)
 .ARM.attributes
                0x00000000000004db       0x2d /usr/lib/gcc/arm-none-eabi/10.3.1/../../../arm-none-eabi/lib/thumb/v7-m/nofp/libg_nano.a(lib_a-nano-freer.o)
 .ARM.attributes
                0x0000000000000508       0x2d /usr/lib/gcc/arm-none-eabi/10.3.1/../../../arm-none-eabi/lib/thumb/v7-m/nofp/libg_nano.a(lib_a-nano-mallocr.o)
 .ARM.attributes
                0x0000000000000535       0x2d /usr/lib/gcc/arm-none-eabi/10.3.1/../../../arm-none-eabi/lib/thumb/v7-m/nofp/libg_nano.a(lib_a-sbrkr.o)
 .ARM.attributes
                0x0000000000000562       0x2d /usr/lib/gcc/arm-none-eabi/10.3.1/../../../arm-none-eabi/lib/thumb/v7-m/nofp/libg_nano.a(lib_a-assert.o)
 .ARM.attributes
                0x000000000000058f       0x2d /usr/lib/gcc/arm-none-eabi/10.3.1/../../../arm-none-eabi/lib/thumb/v7-m/nofp/libg_nano.a(lib_a-fprintf.o)
 .ARM.attributes
                0x00000000000005bc       0x2d /usr/lib/gcc/arm-none-eabi/10.3.1/../../../arm-none-eabi/lib/thumb/v7-m/nofp/libg_nano.a(lib_a-locale.o)
 .ARM.attributes
                0x00000000000005e9       0x2d /usr/lib/gcc/arm-none-eabi/10.3.1/../../../arm-none-eabi/lib/thumb/v7-m/nofp/libg_nano.a(lib_a-mbtowc_r.o)
 .ARM.attributes
                0x0000000000000616       0x2d /usr/lib/gcc/arm-none-eabi/10.3.1/../../../arm-none-eabi/lib/thumb/v7-m/nofp/libg_nano.a(lib_a-mlock.o)
 .ARM.attributes
                0x0000000000000643       0x2d /usr/lib/gcc/arm-none-eabi/10.3.1/../../../arm-none-eabi/lib/thumb/v7-m/nofp/libg_nano.a(lib_a-nano-vfprintf.o)
 .ARM.attributes
                0x0000000000000670       0x2d /usr/lib/gcc/arm-none-eabi/10.3.1/../../../arm-none-eabi/lib/thumb/v7-m/nofp/libg_nano.a(lib_a-reent.o)
 .ARM.attributes
                0x000000000000069d       0x2d /usr/lib/gcc/arm-none-eabi/10.3.1/../../../arm-none-eabi/lib/thumb/v7-m/nofp/libg_nano.a(lib_a-wbuf.o)
 .ARM.attributes
                0x00000000000006ca       0x2d /usr/lib/gcc/arm-none-eabi/10.3.1/../../../arm-none-eabi/lib/thumb/v7-m/nofp/libg_nano.a(lib_a-wctomb_r.o)
 .ARM.attributes
                0x00000000000006f7       0x2d /usr/lib/gcc/arm-none-eabi/10.3.1/../../../arm-none-eabi/lib/thumb/v7-m/nofp/libg_nano.a(lib_a-wsetup.o)
 .ARM.attributes
                0x0000000000000724       0x2d /usr/lib/gcc/arm-none-eabi/10.3.1/../../../arm-none-eabi/lib/thumb/v7-m/nofp/libg_nano.a(lib_a-abort.o)
 .ARM.attributes
                0x0000000000000751       0x2d /usr/lib/gcc/arm-none-eabi/10.3.1/../../../arm-none-eabi/lib/thumb/v7-m/nofp/libg_nano.a(lib_a-ctype_.o)
 .ARM.attributes
                0x000000000000077e       0x2d /usr/lib/gcc/arm-none-eabi/10.3.1/../../../arm-none-eabi/lib/thumb/v7-m/nofp/libg_nano.a(lib_a-fflush.o)
 .ARM.attributes
                0x00000000000007ab       0x2d /usr/lib/gcc/arm-none-eabi/10.3.1/../../../arm-none-eabi/lib/thumb/v7-m/nofp/libg_nano.a(lib_a-findfp.o)
 .ARM.attributes
                0x00000000000007d8       0x2d /usr/lib/gcc/arm-none-eabi/10.3.1/../../../arm-none-eabi/lib/thumb/v7-m/nofp/libg_nano.a(lib_a-fvwrite.o)
 .ARM.attributes
                0x0000000000000805       0x2d /usr/lib/gcc/arm-none-eabi/10.3.1/../../../arm-none-eabi/lib/thumb/v7-m/nofp/libg_nano.a(lib_a-fwalk.o)
 .ARM.attributes
                0x0000000000000832       0x2d /usr/lib/gcc/arm-none-eabi/10.3.1/../../../arm-none-eabi/lib/thumb/v7-m/nofp/libg_nano.a(lib_a-makebuf.o)
 .ARM.attributes
                0x000000000000085f       0x2d /usr/lib/gcc/arm-none-eabi/10.3.1/../../../arm-none-eabi/lib/thumb/v7-m/nofp/libg_nano.a(lib_a-memmove.o)
 .ARM.attributes
                0x000000000000088c       0x2d /usr/lib/gcc/arm-none-eabi/10.3.1/../../../arm-none-eabi/lib/thumb/v7-m/nofp/libg_nano.a(lib_a-nano-reallocr.o)
 .ARM.attributes
                0x00000000000008b9       0x2d /usr/lib/gcc/arm-none-eabi/10.3.1/../../../arm-none-eabi/lib/thumb/v7-m/nofp/libg_nano.a(lib_a-signal.o)
 .ARM.attributes
                0x00000000000008e6       0x2d /usr/lib/gcc/arm-none-eabi/10.3.1/../../../arm-none-eabi/lib/thumb/v7-m/nofp/libg_nano.a(lib_a-signalr.o)
 .ARM.attributes
                0x0000000000000913       0x2d /usr/lib/gcc/arm-none-eabi/10.3.1/../../../arm-none-eabi/lib/thumb/v7-m/nofp/libg_nano.a(lib_a-stdio.o)
 .ARM.attributes
                0x0000000000000940       0x2d /usr/lib/gcc/arm-none-eabi/10.3.1/../../../arm-none-eabi/lib/thumb/v7-m/nofp/libg_nano.a(lib_a-writer.o)
 .ARM.attributes
                0x000000000000096d       0x2d /usr/lib/gcc/arm-none-eabi/10.3.1/../../../arm-none-eabi/lib/thumb/v7-m/nofp/libg_nano.a(lib_a-closer.o)
 .ARM.attributes
                0x000000000000099a       0x2d /usr/lib/gcc/arm-none-eabi/10.3.1/../../../arm-none-eabi/lib/thumb/v7-m/nofp/libg_nano.a(lib_a-fstatr.o)
 .ARM.attributes
                0x00000000000009c7       0x2d /usr/lib/gcc/arm-none-eabi/10.3.1/../../../arm-none-eabi/lib/thumb/v7-m/nofp/libg_nano.a(lib_a-isattyr.o)
 .ARM.attributes
                0x00000000000009f4       0x2d /usr/lib/gcc/arm-none-eabi/10.3.1/../../../arm-none-eabi/lib/thumb/v7-m/nofp/libg_nano.a(lib_a-lseekr.o)
 .ARM.attributes
                0x0000000000000a21       0x2d /usr/lib/gcc/arm-none-eabi/10.3.1/../../../arm-none-eabi/lib/thumb/v7-m/nofp/libg_nano.a(lib_a-nano-msizer.o)
 .ARM.attributes
                0x0000000000000a4e       0x2d /usr/lib/gcc/arm-none-eabi/10.3.1/../../../arm-none-eabi/lib/thumb/v7-m/nofp/libg_nano.a(lib_a-readr.o)
 .ARM.attributes
                0x0000000000000a7b       0x1d /usr/lib/gcc/arm-none-eabi/10.3.1/thumb/v7-m/nofp/libgcc.a(_arm_muldivdf3.o)
 .ARM.attributes
                0x0000000000000a98       0x1d /usr/lib/gcc/arm-none-eabi/10.3.1/thumb/v7-m/nofp/libgcc.a(_arm_cmpdf2.o)
 .ARM.attributes
                0x0000000000000ab5       0x1d /usr/lib/gcc/arm-none-eabi/10.3.1/thumb/v7-m/nofp/libgcc.a(_arm_unorddf2.o)
 .ARM.attributes
                0x0000000000000ad2       0x1d /usr/lib/gcc/arm-none-eabi/10.3.1/thumb/v7-m/nofp/libgcc.a(_arm_fixdfsi.o)
 .ARM.attributes
                0x0000000000000aef       0x2d /usr/lib/gcc/arm-none-eabi/10.3.1/../../../arm-none-eabi/lib/thumb/v7-m/nofp/libnosys.a(close.o)
 .ARM.attributes
                0x0000000000000b1c       0x2d /usr/lib/gcc/arm-none-eabi/10.3.1/../../../arm-none-eabi/lib/thumb/v7-m/nofp/libnosys.a(fstat.o)
 .ARM.attributes
                0x0000000000000b49       0x2d /usr/lib/gcc/arm-none-eabi/10.3.1/../../../arm-none-eabi/lib/thumb/v7-m/nofp/libnosys.a(getpid.o)
 .ARM.attributes
                0x0000000000000b76       0x2d /usr/lib/gcc/arm-none-eabi/10.3.1/../../../arm-none-eabi/lib/thumb/v7-m/nofp/libnosys.a(isatty.o)
 .ARM.attributes
                0x0000000000000ba3       0x2d /usr/lib/gcc/arm-none-eabi/10.3.1/../../../arm-none-eabi/lib/thumb/v7-m/nofp/libnosys.a(kill.o)
 .ARM.attributes
                0x0000000000000bd0       0x2d /usr/lib/gcc/arm-none-eabi/10.3.1/../../../arm-none-eabi/lib/thumb/v7-m/nofp/libnosys.a(lseek.o)
 .ARM.attributes
                0x0000000000000bfd       0x2d /usr/lib/gcc/arm-none-eabi/10.3.1/../../../arm-none-eabi/lib/thumb/v7-m/nofp/libnosys.a(read.o)
 .ARM.attributes
                0x0000000000000c2a       0x2d /usr/lib/gcc/arm-none-eabi/10.3.1/../../../arm-none-eabi/lib/thumb/v7-m/nofp/libnosys.a(sbrk.o)
 .ARM.attributes
                0x0000000000000c57       0x2d /usr/lib/gcc/arm-none-eabi/10.3.1/../../../arm-none-eabi/lib/thumb/v7-m/nofp/libnosys.a(write.o)
 .ARM.attributes
                0x0000000000000c84       0x2d /usr/lib/gcc/arm-none-eabi/10.3.1/../../../arm-none-eabi/lib/thumb/v7-m/nofp/libnosys.a(_exit.o)
 .ARM.attributes
                0x0000000000000cb1       0x2d /usr/lib/gcc/arm-none-eabi/10.3.1/thumb/v7-m/nofp/crtend.o
 .ARM.attributes
                0x0000000000000cde       0x1d /usr/lib/gcc/arm-none-eabi/10.3.1/thumb/v7-m/nofp/crtn.o
OUTPUT(Project.elf elf32-littlearm)
LOAD linker stubs
LOAD /usr/lib/gcc/arm-none-eabi/10.3.1/../../../arm-none-eabi/lib/thumb/v7-m/nofp/libc.a
LOAD /usr/lib/gcc/arm-none-eabi/10.3.1/../../../arm-none-eabi/lib/thumb/v7-m/nofp/libm.a
LOAD /usr/lib/gcc/arm-none-eabi/10.3.1/thumb/v7-m/nofp/libgcc.a

.comment        0x0000000000000000       0x33
 .comment       0x0000000000000000       0x33 /usr/lib/gcc/arm-none-eabi/10.3.1/thumb/v7-m/nofp/crtbegin.o
                                         0x34 (size before relaxing)
 .comment       0x0000000000000033       0x34 CMakeFiles/Project.elf.dir/Code/Src/Encoder.c.obj
 .comment       0x0000000000000033       0x34 CMakeFiles/Project.elf.dir/Code/Src/I2COLED.c.obj
 .comment       0x0000000000000033       0x34 CMakeFiles/Project.elf.dir/Code/Src/OLED.c.obj
 .comment       0x0000000000000033       0x34 CMakeFiles/Project.elf.dir/Code/Src/Runcoder.c.obj
 .comment       0x0000000000000033       0x34 CMakeFiles/Project.elf.dir/Lib/Src/stm32f10x_exti.c.obj
 .comment       0x0000000000000033       0x34 CMakeFiles/Project.elf.dir/Lib/Src/stm32f10x_gpio.c.obj
 .comment       0x0000000000000033       0x34 CMakeFiles/Project.elf.dir/Lib/Src/stm32f10x_i2c.c.obj
 .comment       0x0000000000000033       0x34 CMakeFiles/Project.elf.dir/Lib/Src/stm32f10x_rcc.c.obj
 .comment       0x0000000000000033       0x34 CMakeFiles/Project.elf.dir/Lib/Src/stm32f10x_tim.c.obj
 .comment       0x0000000000000033       0x34 CMakeFiles/Project.elf.dir/Start/Src/stm32f10x_it.c.obj
 .comment       0x0000000000000033       0x34 CMakeFiles/Project.elf.dir/Start/Src/system_stm32f10x.c.obj
 .comment       0x0000000000000033       0x34 CMakeFiles/Project.elf.dir/System/Src/Delay.c.obj
 .comment       0x0000000000000033       0x34 CMakeFiles/Project.elf.dir/User/main.c.obj
 .comment       0x0000000000000033       0x34 /usr/lib/gcc/arm-none-eabi/10.3.1/../../../arm-none-eabi/lib/thumb/v7-m/nofp/libg_nano.a(lib_a-impure.o)
 .comment       0x0000000000000033       0x34 /usr/lib/gcc/arm-none-eabi/10.3.1/../../../arm-none-eabi/lib/thumb/v7-m/nofp/libg_nano.a(lib_a-memset.o)
 .comment       0x0000000000000033       0x34 /usr/lib/gcc/arm-none-eabi/10.3.1/../../../arm-none-eabi/lib/thumb/v7-m/nofp/libg_nano.a(lib_a-nano-vfprintf_float.o)
 .comment       0x0000000000000033       0x34 /usr/lib/gcc/arm-none-eabi/10.3.1/../../../arm-none-eabi/lib/thumb/v7-m/nofp/libg_nano.a(lib_a-nano-vfprintf_i.o)
 .comment       0x0000000000000033       0x34 /usr/lib/gcc/arm-none-eabi/10.3.1/../../../arm-none-eabi/lib/thumb/v7-m/nofp/libg_nano.a(lib_a-strlen-stub.o)
 .comment       0x0000000000000033       0x34 /usr/lib/gcc/arm-none-eabi/10.3.1/../../../arm-none-eabi/lib/thumb/v7-m/nofp/libg_nano.a(lib_a-dtoa.o)
 .comment       0x0000000000000033       0x34 /usr/lib/gcc/arm-none-eabi/10.3.1/../../../arm-none-eabi/lib/thumb/v7-m/nofp/libg_nano.a(lib_a-localeconv.o)
 .comment       0x0000000000000033       0x34 /usr/lib/gcc/arm-none-eabi/10.3.1/../../../arm-none-eabi/lib/thumb/v7-m/nofp/libg_nano.a(lib_a-malloc.o)
 .comment       0x0000000000000033       0x34 /usr/lib/gcc/arm-none-eabi/10.3.1/../../../arm-none-eabi/lib/thumb/v7-m/nofp/libg_nano.a(lib_a-memchr-stub.o)
 .comment       0x0000000000000033       0x34 /usr/lib/gcc/arm-none-eabi/10.3.1/../../../arm-none-eabi/lib/thumb/v7-m/nofp/libg_nano.a(lib_a-mprec.o)
 .comment       0x0000000000000033       0x34 /usr/lib/gcc/arm-none-eabi/10.3.1/../../../arm-none-eabi/lib/thumb/v7-m/nofp/libg_nano.a(lib_a-nano-callocr.o)
 .comment       0x0000000000000033       0x34 /usr/lib/gcc/arm-none-eabi/10.3.1/../../../arm-none-eabi/lib/thumb/v7-m/nofp/libg_nano.a(lib_a-nano-freer.o)
 .comment       0x0000000000000033       0x34 /usr/lib/gcc/arm-none-eabi/10.3.1/../../../arm-none-eabi/lib/thumb/v7-m/nofp/libg_nano.a(lib_a-nano-mallocr.o)
 .comment       0x0000000000000033       0x34 /usr/lib/gcc/arm-none-eabi/10.3.1/../../../arm-none-eabi/lib/thumb/v7-m/nofp/libg_nano.a(lib_a-sbrkr.o)
 .comment       0x0000000000000033       0x34 /usr/lib/gcc/arm-none-eabi/10.3.1/../../../arm-none-eabi/lib/thumb/v7-m/nofp/libg_nano.a(lib_a-assert.o)
 .comment       0x0000000000000033       0x34 /usr/lib/gcc/arm-none-eabi/10.3.1/../../../arm-none-eabi/lib/thumb/v7-m/nofp/libg_nano.a(lib_a-fprintf.o)
 .comment       0x0000000000000033       0x34 /usr/lib/gcc/arm-none-eabi/10.3.1/../../../arm-none-eabi/lib/thumb/v7-m/nofp/libg_nano.a(lib_a-locale.o)
 .comment       0x0000000000000033       0x34 /usr/lib/gcc/arm-none-eabi/10.3.1/../../../arm-none-eabi/lib/thumb/v7-m/nofp/libg_nano.a(lib_a-mbtowc_r.o)
 .comment       0x0000000000000033       0x34 /usr/lib/gcc/arm-none-eabi/10.3.1/../../../arm-none-eabi/lib/thumb/v7-m/nofp/libg_nano.a(lib_a-mlock.o)
 .comment       0x0000000000000033       0x34 /usr/lib/gcc/arm-none-eabi/10.3.1/../../../arm-none-eabi/lib/thumb/v7-m/nofp/libg_nano.a(lib_a-nano-vfprintf.o)
 .comment       0x0000000000000033       0x34 /usr/lib/gcc/arm-none-eabi/10.3.1/../../../arm-none-eabi/lib/thumb/v7-m/nofp/libg_nano.a(lib_a-reent.o)
 .comment       0x0000000000000033       0x34 /usr/lib/gcc/arm-none-eabi/10.3.1/../../../arm-none-eabi/lib/thumb/v7-m/nofp/libg_nano.a(lib_a-wbuf.o)
 .comment       0x0000000000000033       0x34 /usr/lib/gcc/arm-none-eabi/10.3.1/../../../arm-none-eabi/lib/thumb/v7-m/nofp/libg_nano.a(lib_a-wctomb_r.o)
 .comment       0x0000000000000033       0x34 /usr/lib/gcc/arm-none-eabi/10.3.1/../../../arm-none-eabi/lib/thumb/v7-m/nofp/libg_nano.a(lib_a-wsetup.o)
 .comment       0x0000000000000033       0x34 /usr/lib/gcc/arm-none-eabi/10.3.1/../../../arm-none-eabi/lib/thumb/v7-m/nofp/libg_nano.a(lib_a-abort.o)
 .comment       0x0000000000000033       0x34 /usr/lib/gcc/arm-none-eabi/10.3.1/../../../arm-none-eabi/lib/thumb/v7-m/nofp/libg_nano.a(lib_a-ctype_.o)
 .comment       0x0000000000000033       0x34 /usr/lib/gcc/arm-none-eabi/10.3.1/../../../arm-none-eabi/lib/thumb/v7-m/nofp/libg_nano.a(lib_a-fflush.o)
 .comment       0x0000000000000033       0x34 /usr/lib/gcc/arm-none-eabi/10.3.1/../../../arm-none-eabi/lib/thumb/v7-m/nofp/libg_nano.a(lib_a-findfp.o)
 .comment       0x0000000000000033       0x34 /usr/lib/gcc/arm-none-eabi/10.3.1/../../../arm-none-eabi/lib/thumb/v7-m/nofp/libg_nano.a(lib_a-fvwrite.o)
 .comment       0x0000000000000033       0x34 /usr/lib/gcc/arm-none-eabi/10.3.1/../../../arm-none-eabi/lib/thumb/v7-m/nofp/libg_nano.a(lib_a-fwalk.o)
 .comment       0x0000000000000033       0x34 /usr/lib/gcc/arm-none-eabi/10.3.1/../../../arm-none-eabi/lib/thumb/v7-m/nofp/libg_nano.a(lib_a-makebuf.o)
 .comment       0x0000000000000033       0x34 /usr/lib/gcc/arm-none-eabi/10.3.1/../../../arm-none-eabi/lib/thumb/v7-m/nofp/libg_nano.a(lib_a-memmove.o)
 .comment       0x0000000000000033       0x34 /usr/lib/gcc/arm-none-eabi/10.3.1/../../../arm-none-eabi/lib/thumb/v7-m/nofp/libg_nano.a(lib_a-nano-reallocr.o)
 .comment       0x0000000000000033       0x34 /usr/lib/gcc/arm-none-eabi/10.3.1/../../../arm-none-eabi/lib/thumb/v7-m/nofp/libg_nano.a(lib_a-signal.o)
 .comment       0x0000000000000033       0x34 /usr/lib/gcc/arm-none-eabi/10.3.1/../../../arm-none-eabi/lib/thumb/v7-m/nofp/libg_nano.a(lib_a-signalr.o)
 .comment       0x0000000000000033       0x34 /usr/lib/gcc/arm-none-eabi/10.3.1/../../../arm-none-eabi/lib/thumb/v7-m/nofp/libg_nano.a(lib_a-stdio.o)
 .comment       0x0000000000000033       0x34 /usr/lib/gcc/arm-none-eabi/10.3.1/../../../arm-none-eabi/lib/thumb/v7-m/nofp/libg_nano.a(lib_a-writer.o)
 .comment       0x0000000000000033       0x34 /usr/lib/gcc/arm-none-eabi/10.3.1/../../../arm-none-eabi/lib/thumb/v7-m/nofp/libg_nano.a(lib_a-closer.o)
 .comment       0x0000000000000033       0x34 /usr/lib/gcc/arm-none-eabi/10.3.1/../../../arm-none-eabi/lib/thumb/v7-m/nofp/libg_nano.a(lib_a-fstatr.o)
 .comment       0x0000000000000033       0x34 /usr/lib/gcc/arm-none-eabi/10.3.1/../../../arm-none-eabi/lib/thumb/v7-m/nofp/libg_nano.a(lib_a-isattyr.o)
 .comment       0x0000000000000033       0x34 /usr/lib/gcc/arm-none-eabi/10.3.1/../../../arm-none-eabi/lib/thumb/v7-m/nofp/libg_nano.a(lib_a-lseekr.o)
 .comment       0x0000000000000033       0x34 /usr/lib/gcc/arm-none-eabi/10.3.1/../../../arm-none-eabi/lib/thumb/v7-m/nofp/libg_nano.a(lib_a-nano-msizer.o)
 .comment       0x0000000000000033       0x34 /usr/lib/gcc/arm-none-eabi/10.3.1/../../../arm-none-eabi/lib/thumb/v7-m/nofp/libg_nano.a(lib_a-readr.o)
 .comment       0x0000000000000033       0x34 /usr/lib/gcc/arm-none-eabi/10.3.1/../../../arm-none-eabi/lib/thumb/v7-m/nofp/libnosys.a(close.o)
 .comment       0x0000000000000033       0x34 /usr/lib/gcc/arm-none-eabi/10.3.1/../../../arm-none-eabi/lib/thumb/v7-m/nofp/libnosys.a(fstat.o)
 .comment       0x0000000000000033       0x34 /usr/lib/gcc/arm-none-eabi/10.3.1/../../../arm-none-eabi/lib/thumb/v7-m/nofp/libnosys.a(getpid.o)
 .comment       0x0000000000000033       0x34 /usr/lib/gcc/arm-none-eabi/10.3.1/../../../arm-none-eabi/lib/thumb/v7-m/nofp/libnosys.a(isatty.o)
 .comment       0x0000000000000033       0x34 /usr/lib/gcc/arm-none-eabi/10.3.1/../../../arm-none-eabi/lib/thumb/v7-m/nofp/libnosys.a(kill.o)
 .comment       0x0000000000000033       0x34 /usr/lib/gcc/arm-none-eabi/10.3.1/../../../arm-none-eabi/lib/thumb/v7-m/nofp/libnosys.a(lseek.o)
 .comment       0x0000000000000033       0x34 /usr/lib/gcc/arm-none-eabi/10.3.1/../../../arm-none-eabi/lib/thumb/v7-m/nofp/libnosys.a(read.o)
 .comment       0x0000000000000033       0x34 /usr/lib/gcc/arm-none-eabi/10.3.1/../../../arm-none-eabi/lib/thumb/v7-m/nofp/libnosys.a(sbrk.o)
 .comment       0x0000000000000033       0x34 /usr/lib/gcc/arm-none-eabi/10.3.1/../../../arm-none-eabi/lib/thumb/v7-m/nofp/libnosys.a(write.o)
 .comment       0x0000000000000033       0x34 /usr/lib/gcc/arm-none-eabi/10.3.1/../../../arm-none-eabi/lib/thumb/v7-m/nofp/libnosys.a(_exit.o)
 .comment       0x0000000000000033       0x34 /usr/lib/gcc/arm-none-eabi/10.3.1/thumb/v7-m/nofp/crtend.o

.debug_info     0x0000000000000000    0x22eb6
 .debug_info    0x0000000000000000      0x6e3 CMakeFiles/Project.elf.dir/Code/Src/Encoder.c.obj
 .debug_info    0x00000000000006e3     0x152c CMakeFiles/Project.elf.dir/Code/Src/I2COLED.c.obj
 .debug_info    0x0000000000001c0f      0x409 CMakeFiles/Project.elf.dir/Code/Src/OLED.c.obj
 .debug_info    0x0000000000002018      0x6ee CMakeFiles/Project.elf.dir/Code/Src/Runcoder.c.obj
 .debug_info    0x0000000000002706      0x364 CMakeFiles/Project.elf.dir/Lib/Src/stm32f10x_exti.c.obj
 .debug_info    0x0000000000002a6a      0x8fa CMakeFiles/Project.elf.dir/Lib/Src/stm32f10x_gpio.c.obj
 .debug_info    0x0000000000003364      0xc76 CMakeFiles/Project.elf.dir/Lib/Src/stm32f10x_i2c.c.obj
 .debug_info    0x0000000000003fda      0x95b CMakeFiles/Project.elf.dir/Lib/Src/stm32f10x_rcc.c.obj
 .debug_info    0x0000000000004935     0x24dc CMakeFiles/Project.elf.dir/Lib/Src/stm32f10x_tim.c.obj
 .debug_info    0x0000000000006e11       0x22 CMakeFiles/Project.elf.dir/Project/Code-Cmake/startup_stm32f10x_md.s.obj
 .debug_info    0x0000000000006e33      0x10e CMakeFiles/Project.elf.dir/Start/Src/stm32f10x_it.c.obj
 .debug_info    0x0000000000006f41      0x478 CMakeFiles/Project.elf.dir/Start/Src/system_stm32f10x.c.obj
 .debug_info    0x00000000000073b9      0x170 CMakeFiles/Project.elf.dir/System/Src/Delay.c.obj
 .debug_info    0x0000000000007529      0x155 CMakeFiles/Project.elf.dir/User/main.c.obj
 .debug_info    0x000000000000767e       0x26 /usr/lib/gcc/arm-none-eabi/10.3.1/thumb/v7-m/nofp/libgcc.a(_arm_addsubdf3.o)
 .debug_info    0x00000000000076a4      0x863 /usr/lib/gcc/arm-none-eabi/10.3.1/../../../arm-none-eabi/lib/thumb/v7-m/nofp/libg_nano.a(lib_a-impure.o)
 .debug_info    0x0000000000007f07      0x137 /usr/lib/gcc/arm-none-eabi/10.3.1/../../../arm-none-eabi/lib/thumb/v7-m/nofp/libg_nano.a(lib_a-memset.o)
 .debug_info    0x000000000000803e     0x1480 /usr/lib/gcc/arm-none-eabi/10.3.1/../../../arm-none-eabi/lib/thumb/v7-m/nofp/libg_nano.a(lib_a-nano-vfprintf_float.o)
 .debug_info    0x00000000000094be      0xe9e /usr/lib/gcc/arm-none-eabi/10.3.1/../../../arm-none-eabi/lib/thumb/v7-m/nofp/libg_nano.a(lib_a-nano-vfprintf_i.o)
 .debug_info    0x000000000000a35c       0xbc /usr/lib/gcc/arm-none-eabi/10.3.1/../../../arm-none-eabi/lib/thumb/v7-m/nofp/libg_nano.a(lib_a-strlen-stub.o)
 .debug_info    0x000000000000a418     0x1969 /usr/lib/gcc/arm-none-eabi/10.3.1/../../../arm-none-eabi/lib/thumb/v7-m/nofp/libg_nano.a(lib_a-dtoa.o)
 .debug_info    0x000000000000bd81      0xad8 /usr/lib/gcc/arm-none-eabi/10.3.1/../../../arm-none-eabi/lib/thumb/v7-m/nofp/libg_nano.a(lib_a-localeconv.o)
 .debug_info    0x000000000000c859      0x832 /usr/lib/gcc/arm-none-eabi/10.3.1/../../../arm-none-eabi/lib/thumb/v7-m/nofp/libg_nano.a(lib_a-malloc.o)
 .debug_info    0x000000000000d08b      0x14e /usr/lib/gcc/arm-none-eabi/10.3.1/../../../arm-none-eabi/lib/thumb/v7-m/nofp/libg_nano.a(lib_a-memchr-stub.o)
 .debug_info    0x000000000000d1d9       0x26 /usr/lib/gcc/arm-none-eabi/10.3.1/../../../arm-none-eabi/lib/thumb/v7-m/nofp/libg_nano.a(lib_a-memcpy.o)
 .debug_info    0x000000000000d1ff     0x1ffe /usr/lib/gcc/arm-none-eabi/10.3.1/../../../arm-none-eabi/lib/thumb/v7-m/nofp/libg_nano.a(lib_a-mprec.o)
 .debug_info    0x000000000000f1fd      0x858 /usr/lib/gcc/arm-none-eabi/10.3.1/../../../arm-none-eabi/lib/thumb/v7-m/nofp/libg_nano.a(lib_a-nano-callocr.o)
 .debug_info    0x000000000000fa55      0x940 /usr/lib/gcc/arm-none-eabi/10.3.1/../../../arm-none-eabi/lib/thumb/v7-m/nofp/libg_nano.a(lib_a-nano-freer.o)
 .debug_info    0x0000000000010395      0xa0c /usr/lib/gcc/arm-none-eabi/10.3.1/../../../arm-none-eabi/lib/thumb/v7-m/nofp/libg_nano.a(lib_a-nano-mallocr.o)
 .debug_info    0x0000000000010da1      0x828 /usr/lib/gcc/arm-none-eabi/10.3.1/../../../arm-none-eabi/lib/thumb/v7-m/nofp/libg_nano.a(lib_a-sbrkr.o)
 .debug_info    0x00000000000115c9      0x8bd /usr/lib/gcc/arm-none-eabi/10.3.1/../../../arm-none-eabi/lib/thumb/v7-m/nofp/libg_nano.a(lib_a-assert.o)
 .debug_info    0x0000000000011e86      0x902 /usr/lib/gcc/arm-none-eabi/10.3.1/../../../arm-none-eabi/lib/thumb/v7-m/nofp/libg_nano.a(lib_a-fprintf.o)
 .debug_info    0x0000000000012788      0xca4 /usr/lib/gcc/arm-none-eabi/10.3.1/../../../arm-none-eabi/lib/thumb/v7-m/nofp/libg_nano.a(lib_a-locale.o)
 .debug_info    0x000000000001342c      0xb67 /usr/lib/gcc/arm-none-eabi/10.3.1/../../../arm-none-eabi/lib/thumb/v7-m/nofp/libg_nano.a(lib_a-mbtowc_r.o)
 .debug_info    0x0000000000013f93      0x7dc /usr/lib/gcc/arm-none-eabi/10.3.1/../../../arm-none-eabi/lib/thumb/v7-m/nofp/libg_nano.a(lib_a-mlock.o)
 .debug_info    0x000000000001476f     0x115f /usr/lib/gcc/arm-none-eabi/10.3.1/../../../arm-none-eabi/lib/thumb/v7-m/nofp/libg_nano.a(lib_a-nano-vfprintf.o)
 .debug_info    0x00000000000158ce      0xa7e /usr/lib/gcc/arm-none-eabi/10.3.1/../../../arm-none-eabi/lib/thumb/v7-m/nofp/libg_nano.a(lib_a-reent.o)
 .debug_info    0x000000000001634c      0x998 /usr/lib/gcc/arm-none-eabi/10.3.1/../../../arm-none-eabi/lib/thumb/v7-m/nofp/libg_nano.a(lib_a-wbuf.o)
 .debug_info    0x0000000000016ce4      0xb26 /usr/lib/gcc/arm-none-eabi/10.3.1/../../../arm-none-eabi/lib/thumb/v7-m/nofp/libg_nano.a(lib_a-wctomb_r.o)
 .debug_info    0x000000000001780a      0x902 /usr/lib/gcc/arm-none-eabi/10.3.1/../../../arm-none-eabi/lib/thumb/v7-m/nofp/libg_nano.a(lib_a-wsetup.o)
 .debug_info    0x000000000001810c       0xcb /usr/lib/gcc/arm-none-eabi/10.3.1/../../../arm-none-eabi/lib/thumb/v7-m/nofp/libg_nano.a(lib_a-abort.o)
 .debug_info    0x00000000000181d7       0xb8 /usr/lib/gcc/arm-none-eabi/10.3.1/../../../arm-none-eabi/lib/thumb/v7-m/nofp/libg_nano.a(lib_a-ctype_.o)
 .debug_info    0x000000000001828f      0xb0a /usr/lib/gcc/arm-none-eabi/10.3.1/../../../arm-none-eabi/lib/thumb/v7-m/nofp/libg_nano.a(lib_a-fflush.o)
 .debug_info    0x0000000000018d99      0xfae /usr/lib/gcc/arm-none-eabi/10.3.1/../../../arm-none-eabi/lib/thumb/v7-m/nofp/libg_nano.a(lib_a-findfp.o)
 .debug_info    0x0000000000019d47      0xb54 /usr/lib/gcc/arm-none-eabi/10.3.1/../../../arm-none-eabi/lib/thumb/v7-m/nofp/libg_nano.a(lib_a-fvwrite.o)
 .debug_info    0x000000000001a89b      0x900 /usr/lib/gcc/arm-none-eabi/10.3.1/../../../arm-none-eabi/lib/thumb/v7-m/nofp/libg_nano.a(lib_a-fwalk.o)
 .debug_info    0x000000000001b19b      0xc8a /usr/lib/gcc/arm-none-eabi/10.3.1/../../../arm-none-eabi/lib/thumb/v7-m/nofp/libg_nano.a(lib_a-makebuf.o)
 .debug_info    0x000000000001be25      0x152 /usr/lib/gcc/arm-none-eabi/10.3.1/../../../arm-none-eabi/lib/thumb/v7-m/nofp/libg_nano.a(lib_a-memmove.o)
 .debug_info    0x000000000001bf77      0x911 /usr/lib/gcc/arm-none-eabi/10.3.1/../../../arm-none-eabi/lib/thumb/v7-m/nofp/libg_nano.a(lib_a-nano-reallocr.o)
 .debug_info    0x000000000001c888      0xdcc /usr/lib/gcc/arm-none-eabi/10.3.1/../../../arm-none-eabi/lib/thumb/v7-m/nofp/libg_nano.a(lib_a-signal.o)
 .debug_info    0x000000000001d654      0x871 /usr/lib/gcc/arm-none-eabi/10.3.1/../../../arm-none-eabi/lib/thumb/v7-m/nofp/libg_nano.a(lib_a-signalr.o)
 .debug_info    0x000000000001dec5      0xabc /usr/lib/gcc/arm-none-eabi/10.3.1/../../../arm-none-eabi/lib/thumb/v7-m/nofp/libg_nano.a(lib_a-stdio.o)
 .debug_info    0x000000000001e981      0x85a /usr/lib/gcc/arm-none-eabi/10.3.1/../../../arm-none-eabi/lib/thumb/v7-m/nofp/libg_nano.a(lib_a-writer.o)
 .debug_info    0x000000000001f1db      0x805 /usr/lib/gcc/arm-none-eabi/10.3.1/../../../arm-none-eabi/lib/thumb/v7-m/nofp/libg_nano.a(lib_a-closer.o)
 .debug_info    0x000000000001f9e0      0xa1d /usr/lib/gcc/arm-none-eabi/10.3.1/../../../arm-none-eabi/lib/thumb/v7-m/nofp/libg_nano.a(lib_a-fstatr.o)
 .debug_info    0x00000000000203fd      0x805 /usr/lib/gcc/arm-none-eabi/10.3.1/../../../arm-none-eabi/lib/thumb/v7-m/nofp/libg_nano.a(lib_a-isattyr.o)
 .debug_info    0x0000000000020c02      0x83b /usr/lib/gcc/arm-none-eabi/10.3.1/../../../arm-none-eabi/lib/thumb/v7-m/nofp/libg_nano.a(lib_a-lseekr.o)
 .debug_info    0x000000000002143d      0x840 /usr/lib/gcc/arm-none-eabi/10.3.1/../../../arm-none-eabi/lib/thumb/v7-m/nofp/libg_nano.a(lib_a-nano-msizer.o)
 .debug_info    0x0000000000021c7d      0x853 /usr/lib/gcc/arm-none-eabi/10.3.1/../../../arm-none-eabi/lib/thumb/v7-m/nofp/libg_nano.a(lib_a-readr.o)
 .debug_info    0x00000000000224d0       0x26 /usr/lib/gcc/arm-none-eabi/10.3.1/thumb/v7-m/nofp/libgcc.a(_arm_muldivdf3.o)
 .debug_info    0x00000000000224f6       0x26 /usr/lib/gcc/arm-none-eabi/10.3.1/thumb/v7-m/nofp/libgcc.a(_arm_cmpdf2.o)
 .debug_info    0x000000000002251c       0x26 /usr/lib/gcc/arm-none-eabi/10.3.1/thumb/v7-m/nofp/libgcc.a(_arm_unorddf2.o)
 .debug_info    0x0000000000022542       0x26 /usr/lib/gcc/arm-none-eabi/10.3.1/thumb/v7-m/nofp/libgcc.a(_arm_fixdfsi.o)
 .debug_info    0x0000000000022568       0xb1 /usr/lib/gcc/arm-none-eabi/10.3.1/../../../arm-none-eabi/lib/thumb/v7-m/nofp/libnosys.a(close.o)
 .debug_info    0x0000000000022619      0x2cc /usr/lib/gcc/arm-none-eabi/10.3.1/../../../arm-none-eabi/lib/thumb/v7-m/nofp/libnosys.a(fstat.o)
 .debug_info    0x00000000000228e5       0x9c /usr/lib/gcc/arm-none-eabi/10.3.1/../../../arm-none-eabi/lib/thumb/v7-m/nofp/libnosys.a(getpid.o)
 .debug_info    0x0000000000022981       0xb1 /usr/lib/gcc/arm-none-eabi/10.3.1/../../../arm-none-eabi/lib/thumb/v7-m/nofp/libnosys.a(isatty.o)
 .debug_info    0x0000000000022a32       0xbf /usr/lib/gcc/arm-none-eabi/10.3.1/../../../arm-none-eabi/lib/thumb/v7-m/nofp/libnosys.a(kill.o)
 .debug_info    0x0000000000022af1       0xd3 /usr/lib/gcc/arm-none-eabi/10.3.1/../../../arm-none-eabi/lib/thumb/v7-m/nofp/libnosys.a(lseek.o)
 .debug_info    0x0000000000022bc4       0xd9 /usr/lib/gcc/arm-none-eabi/10.3.1/../../../arm-none-eabi/lib/thumb/v7-m/nofp/libnosys.a(read.o)
 .debug_info    0x0000000000022c9d       0x9d /usr/lib/gcc/arm-none-eabi/10.3.1/../../../arm-none-eabi/lib/thumb/v7-m/nofp/libnosys.a(sbrk.o)
 .debug_info    0x0000000000022d3a       0xd9 /usr/lib/gcc/arm-none-eabi/10.3.1/../../../arm-none-eabi/lib/thumb/v7-m/nofp/libnosys.a(write.o)
 .debug_info    0x0000000000022e13       0xa3 /usr/lib/gcc/arm-none-eabi/10.3.1/../../../arm-none-eabi/lib/thumb/v7-m/nofp/libnosys.a(_exit.o)

.debug_abbrev   0x0000000000000000     0x6d48
 .debug_abbrev  0x0000000000000000      0x1b2 CMakeFiles/Project.elf.dir/Code/Src/Encoder.c.obj
 .debug_abbrev  0x00000000000001b2      0x28d CMakeFiles/Project.elf.dir/Code/Src/I2COLED.c.obj
 .debug_abbrev  0x000000000000043f       0xbb CMakeFiles/Project.elf.dir/Code/Src/OLED.c.obj
 .debug_abbrev  0x00000000000004fa      0x163 CMakeFiles/Project.elf.dir/Code/Src/Runcoder.c.obj
 .debug_abbrev  0x000000000000065d      0x182 CMakeFiles/Project.elf.dir/Lib/Src/stm32f10x_exti.c.obj
 .debug_abbrev  0x00000000000007df      0x220 CMakeFiles/Project.elf.dir/Lib/Src/stm32f10x_gpio.c.obj
 .debug_abbrev  0x00000000000009ff      0x1ef CMakeFiles/Project.elf.dir/Lib/Src/stm32f10x_i2c.c.obj
 .debug_abbrev  0x0000000000000bee      0x204 CMakeFiles/Project.elf.dir/Lib/Src/stm32f10x_rcc.c.obj
 .debug_abbrev  0x0000000000000df2      0x206 CMakeFiles/Project.elf.dir/Lib/Src/stm32f10x_tim.c.obj
 .debug_abbrev  0x0000000000000ff8       0x12 CMakeFiles/Project.elf.dir/Project/Code-Cmake/startup_stm32f10x_md.s.obj
 .debug_abbrev  0x000000000000100a       0x44 CMakeFiles/Project.elf.dir/Start/Src/stm32f10x_it.c.obj
 .debug_abbrev  0x000000000000104e      0x1b8 CMakeFiles/Project.elf.dir/Start/Src/system_stm32f10x.c.obj
 .debug_abbrev  0x0000000000001206       0xe8 CMakeFiles/Project.elf.dir/System/Src/Delay.c.obj
 .debug_abbrev  0x00000000000012ee       0xaa CMakeFiles/Project.elf.dir/User/main.c.obj
 .debug_abbrev  0x0000000000001398       0x14 /usr/lib/gcc/arm-none-eabi/10.3.1/thumb/v7-m/nofp/libgcc.a(_arm_addsubdf3.o)
 .debug_abbrev  0x00000000000013ac      0x151 /usr/lib/gcc/arm-none-eabi/10.3.1/../../../arm-none-eabi/lib/thumb/v7-m/nofp/libg_nano.a(lib_a-impure.o)
 .debug_abbrev  0x00000000000014fd       0xb4 /usr/lib/gcc/arm-none-eabi/10.3.1/../../../arm-none-eabi/lib/thumb/v7-m/nofp/libg_nano.a(lib_a-memset.o)
 .debug_abbrev  0x00000000000015b1      0x2ce /usr/lib/gcc/arm-none-eabi/10.3.1/../../../arm-none-eabi/lib/thumb/v7-m/nofp/libg_nano.a(lib_a-nano-vfprintf_float.o)
 .debug_abbrev  0x000000000000187f      0x25c /usr/lib/gcc/arm-none-eabi/10.3.1/../../../arm-none-eabi/lib/thumb/v7-m/nofp/libg_nano.a(lib_a-nano-vfprintf_i.o)
 .debug_abbrev  0x0000000000001adb       0x79 /usr/lib/gcc/arm-none-eabi/10.3.1/../../../arm-none-eabi/lib/thumb/v7-m/nofp/libg_nano.a(lib_a-strlen-stub.o)
 .debug_abbrev  0x0000000000001b54      0x2e9 /usr/lib/gcc/arm-none-eabi/10.3.1/../../../arm-none-eabi/lib/thumb/v7-m/nofp/libg_nano.a(lib_a-dtoa.o)
 .debug_abbrev  0x0000000000001e3d      0x225 /usr/lib/gcc/arm-none-eabi/10.3.1/../../../arm-none-eabi/lib/thumb/v7-m/nofp/libg_nano.a(lib_a-localeconv.o)
 .debug_abbrev  0x0000000000002062      0x1b6 /usr/lib/gcc/arm-none-eabi/10.3.1/../../../arm-none-eabi/lib/thumb/v7-m/nofp/libg_nano.a(lib_a-malloc.o)
 .debug_abbrev  0x0000000000002218       0xd4 /usr/lib/gcc/arm-none-eabi/10.3.1/../../../arm-none-eabi/lib/thumb/v7-m/nofp/libg_nano.a(lib_a-memchr-stub.o)
 .debug_abbrev  0x00000000000022ec       0x14 /usr/lib/gcc/arm-none-eabi/10.3.1/../../../arm-none-eabi/lib/thumb/v7-m/nofp/libg_nano.a(lib_a-memcpy.o)
 .debug_abbrev  0x0000000000002300      0x415 /usr/lib/gcc/arm-none-eabi/10.3.1/../../../arm-none-eabi/lib/thumb/v7-m/nofp/libg_nano.a(lib_a-mprec.o)
 .debug_abbrev  0x0000000000002715      0x1b9 /usr/lib/gcc/arm-none-eabi/10.3.1/../../../arm-none-eabi/lib/thumb/v7-m/nofp/libg_nano.a(lib_a-nano-callocr.o)
 .debug_abbrev  0x00000000000028ce      0x245 /usr/lib/gcc/arm-none-eabi/10.3.1/../../../arm-none-eabi/lib/thumb/v7-m/nofp/libg_nano.a(lib_a-nano-freer.o)
 .debug_abbrev  0x0000000000002b13      0x290 /usr/lib/gcc/arm-none-eabi/10.3.1/../../../arm-none-eabi/lib/thumb/v7-m/nofp/libg_nano.a(lib_a-nano-mallocr.o)
 .debug_abbrev  0x0000000000002da3      0x1d6 /usr/lib/gcc/arm-none-eabi/10.3.1/../../../arm-none-eabi/lib/thumb/v7-m/nofp/libg_nano.a(lib_a-sbrkr.o)
 .debug_abbrev  0x0000000000002f79      0x1c3 /usr/lib/gcc/arm-none-eabi/10.3.1/../../../arm-none-eabi/lib/thumb/v7-m/nofp/libg_nano.a(lib_a-assert.o)
 .debug_abbrev  0x000000000000313c      0x213 /usr/lib/gcc/arm-none-eabi/10.3.1/../../../arm-none-eabi/lib/thumb/v7-m/nofp/libg_nano.a(lib_a-fprintf.o)
 .debug_abbrev  0x000000000000334f      0x2b0 /usr/lib/gcc/arm-none-eabi/10.3.1/../../../arm-none-eabi/lib/thumb/v7-m/nofp/libg_nano.a(lib_a-locale.o)
 .debug_abbrev  0x00000000000035ff      0x202 /usr/lib/gcc/arm-none-eabi/10.3.1/../../../arm-none-eabi/lib/thumb/v7-m/nofp/libg_nano.a(lib_a-mbtowc_r.o)
 .debug_abbrev  0x0000000000003801      0x189 /usr/lib/gcc/arm-none-eabi/10.3.1/../../../arm-none-eabi/lib/thumb/v7-m/nofp/libg_nano.a(lib_a-mlock.o)
 .debug_abbrev  0x000000000000398a      0x358 /usr/lib/gcc/arm-none-eabi/10.3.1/../../../arm-none-eabi/lib/thumb/v7-m/nofp/libg_nano.a(lib_a-nano-vfprintf.o)
 .debug_abbrev  0x0000000000003ce2      0x265 /usr/lib/gcc/arm-none-eabi/10.3.1/../../../arm-none-eabi/lib/thumb/v7-m/nofp/libg_nano.a(lib_a-reent.o)
 .debug_abbrev  0x0000000000003f47      0x21f /usr/lib/gcc/arm-none-eabi/10.3.1/../../../arm-none-eabi/lib/thumb/v7-m/nofp/libg_nano.a(lib_a-wbuf.o)
 .debug_abbrev  0x0000000000004166      0x1fb /usr/lib/gcc/arm-none-eabi/10.3.1/../../../arm-none-eabi/lib/thumb/v7-m/nofp/libg_nano.a(lib_a-wctomb_r.o)
 .debug_abbrev  0x0000000000004361      0x1d4 /usr/lib/gcc/arm-none-eabi/10.3.1/../../../arm-none-eabi/lib/thumb/v7-m/nofp/libg_nano.a(lib_a-wsetup.o)
 .debug_abbrev  0x0000000000004535       0x80 /usr/lib/gcc/arm-none-eabi/10.3.1/../../../arm-none-eabi/lib/thumb/v7-m/nofp/libg_nano.a(lib_a-abort.o)
 .debug_abbrev  0x00000000000045b5       0x62 /usr/lib/gcc/arm-none-eabi/10.3.1/../../../arm-none-eabi/lib/thumb/v7-m/nofp/libg_nano.a(lib_a-ctype_.o)
 .debug_abbrev  0x0000000000004617      0x2da /usr/lib/gcc/arm-none-eabi/10.3.1/../../../arm-none-eabi/lib/thumb/v7-m/nofp/libg_nano.a(lib_a-fflush.o)
 .debug_abbrev  0x00000000000048f1      0x3cd /usr/lib/gcc/arm-none-eabi/10.3.1/../../../arm-none-eabi/lib/thumb/v7-m/nofp/libg_nano.a(lib_a-findfp.o)
 .debug_abbrev  0x0000000000004cbe      0x1f4 /usr/lib/gcc/arm-none-eabi/10.3.1/../../../arm-none-eabi/lib/thumb/v7-m/nofp/libg_nano.a(lib_a-fvwrite.o)
 .debug_abbrev  0x0000000000004eb2      0x197 /usr/lib/gcc/arm-none-eabi/10.3.1/../../../arm-none-eabi/lib/thumb/v7-m/nofp/libg_nano.a(lib_a-fwalk.o)
 .debug_abbrev  0x0000000000005049      0x278 /usr/lib/gcc/arm-none-eabi/10.3.1/../../../arm-none-eabi/lib/thumb/v7-m/nofp/libg_nano.a(lib_a-makebuf.o)
 .debug_abbrev  0x00000000000052c1       0xc0 /usr/lib/gcc/arm-none-eabi/10.3.1/../../../arm-none-eabi/lib/thumb/v7-m/nofp/libg_nano.a(lib_a-memmove.o)
 .debug_abbrev  0x0000000000005381      0x1d6 /usr/lib/gcc/arm-none-eabi/10.3.1/../../../arm-none-eabi/lib/thumb/v7-m/nofp/libg_nano.a(lib_a-nano-reallocr.o)
 .debug_abbrev  0x0000000000005557      0x2ba /usr/lib/gcc/arm-none-eabi/10.3.1/../../../arm-none-eabi/lib/thumb/v7-m/nofp/libg_nano.a(lib_a-signal.o)
 .debug_abbrev  0x0000000000005811      0x1db /usr/lib/gcc/arm-none-eabi/10.3.1/../../../arm-none-eabi/lib/thumb/v7-m/nofp/libg_nano.a(lib_a-signalr.o)
 .debug_abbrev  0x00000000000059ec      0x1fb /usr/lib/gcc/arm-none-eabi/10.3.1/../../../arm-none-eabi/lib/thumb/v7-m/nofp/libg_nano.a(lib_a-stdio.o)
 .debug_abbrev  0x0000000000005be7      0x1b0 /usr/lib/gcc/arm-none-eabi/10.3.1/../../../arm-none-eabi/lib/thumb/v7-m/nofp/libg_nano.a(lib_a-writer.o)
 .debug_abbrev  0x0000000000005d97      0x1ab /usr/lib/gcc/arm-none-eabi/10.3.1/../../../arm-none-eabi/lib/thumb/v7-m/nofp/libg_nano.a(lib_a-closer.o)
 .debug_abbrev  0x0000000000005f42      0x1bf /usr/lib/gcc/arm-none-eabi/10.3.1/../../../arm-none-eabi/lib/thumb/v7-m/nofp/libg_nano.a(lib_a-fstatr.o)
 .debug_abbrev  0x0000000000006101      0x1ab /usr/lib/gcc/arm-none-eabi/10.3.1/../../../arm-none-eabi/lib/thumb/v7-m/nofp/libg_nano.a(lib_a-isattyr.o)
 .debug_abbrev  0x00000000000062ac      0x1bf /usr/lib/gcc/arm-none-eabi/10.3.1/../../../arm-none-eabi/lib/thumb/v7-m/nofp/libg_nano.a(lib_a-lseekr.o)
 .debug_abbrev  0x000000000000646b      0x191 /usr/lib/gcc/arm-none-eabi/10.3.1/../../../arm-none-eabi/lib/thumb/v7-m/nofp/libg_nano.a(lib_a-nano-msizer.o)
 .debug_abbrev  0x00000000000065fc      0x1ab /usr/lib/gcc/arm-none-eabi/10.3.1/../../../arm-none-eabi/lib/thumb/v7-m/nofp/libg_nano.a(lib_a-readr.o)
 .debug_abbrev  0x00000000000067a7       0x14 /usr/lib/gcc/arm-none-eabi/10.3.1/thumb/v7-m/nofp/libgcc.a(_arm_muldivdf3.o)
 .debug_abbrev  0x00000000000067bb       0x14 /usr/lib/gcc/arm-none-eabi/10.3.1/thumb/v7-m/nofp/libgcc.a(_arm_cmpdf2.o)
 .debug_abbrev  0x00000000000067cf       0x14 /usr/lib/gcc/arm-none-eabi/10.3.1/thumb/v7-m/nofp/libgcc.a(_arm_unorddf2.o)
 .debug_abbrev  0x00000000000067e3       0x14 /usr/lib/gcc/arm-none-eabi/10.3.1/thumb/v7-m/nofp/libgcc.a(_arm_fixdfsi.o)
 .debug_abbrev  0x00000000000067f7       0x6d /usr/lib/gcc/arm-none-eabi/10.3.1/../../../arm-none-eabi/lib/thumb/v7-m/nofp/libnosys.a(close.o)
 .debug_abbrev  0x0000000000006864       0xcc /usr/lib/gcc/arm-none-eabi/10.3.1/../../../arm-none-eabi/lib/thumb/v7-m/nofp/libnosys.a(fstat.o)
 .debug_abbrev  0x0000000000006930       0x59 /usr/lib/gcc/arm-none-eabi/10.3.1/../../../arm-none-eabi/lib/thumb/v7-m/nofp/libnosys.a(getpid.o)
 .debug_abbrev  0x0000000000006989       0x6d /usr/lib/gcc/arm-none-eabi/10.3.1/../../../arm-none-eabi/lib/thumb/v7-m/nofp/libnosys.a(isatty.o)
 .debug_abbrev  0x00000000000069f6       0x7e /usr/lib/gcc/arm-none-eabi/10.3.1/../../../arm-none-eabi/lib/thumb/v7-m/nofp/libnosys.a(kill.o)
 .debug_abbrev  0x0000000000006a74       0x92 /usr/lib/gcc/arm-none-eabi/10.3.1/../../../arm-none-eabi/lib/thumb/v7-m/nofp/libnosys.a(lseek.o)
 .debug_abbrev  0x0000000000006b06       0x9b /usr/lib/gcc/arm-none-eabi/10.3.1/../../../arm-none-eabi/lib/thumb/v7-m/nofp/libnosys.a(read.o)
 .debug_abbrev  0x0000000000006ba1       0xa2 /usr/lib/gcc/arm-none-eabi/10.3.1/../../../arm-none-eabi/lib/thumb/v7-m/nofp/libnosys.a(sbrk.o)
 .debug_abbrev  0x0000000000006c43       0x9b /usr/lib/gcc/arm-none-eabi/10.3.1/../../../arm-none-eabi/lib/thumb/v7-m/nofp/libnosys.a(write.o)
 .debug_abbrev  0x0000000000006cde       0x6a /usr/lib/gcc/arm-none-eabi/10.3.1/../../../arm-none-eabi/lib/thumb/v7-m/nofp/libnosys.a(_exit.o)

.debug_loc      0x0000000000000000    0x10201
 .debug_loc     0x0000000000000000       0x15 CMakeFiles/Project.elf.dir/Code/Src/Encoder.c.obj
 .debug_loc     0x0000000000000015     0x1198 CMakeFiles/Project.elf.dir/Code/Src/I2COLED.c.obj
 .debug_loc     0x00000000000011ad      0x35b CMakeFiles/Project.elf.dir/Code/Src/OLED.c.obj
 .debug_loc     0x0000000000001508       0x22 CMakeFiles/Project.elf.dir/Code/Src/Runcoder.c.obj
 .debug_loc     0x000000000000152a      0x17d CMakeFiles/Project.elf.dir/Lib/Src/stm32f10x_exti.c.obj
 .debug_loc     0x00000000000016a7      0x62c CMakeFiles/Project.elf.dir/Lib/Src/stm32f10x_gpio.c.obj
 .debug_loc     0x0000000000001cd3      0x773 CMakeFiles/Project.elf.dir/Lib/Src/stm32f10x_i2c.c.obj
 .debug_loc     0x0000000000002446      0x654 CMakeFiles/Project.elf.dir/Lib/Src/stm32f10x_rcc.c.obj
 .debug_loc     0x0000000000002a9a     0x1a55 CMakeFiles/Project.elf.dir/Lib/Src/stm32f10x_tim.c.obj
 .debug_loc     0x00000000000044ef       0xff CMakeFiles/Project.elf.dir/Start/Src/system_stm32f10x.c.obj
 .debug_loc     0x00000000000045ee       0x9d CMakeFiles/Project.elf.dir/System/Src/Delay.c.obj
 .debug_loc     0x000000000000468b      0x22c /usr/lib/gcc/arm-none-eabi/10.3.1/../../../arm-none-eabi/lib/thumb/v7-m/nofp/libg_nano.a(lib_a-memset.o)
 .debug_loc     0x00000000000048b7      0xab9 /usr/lib/gcc/arm-none-eabi/10.3.1/../../../arm-none-eabi/lib/thumb/v7-m/nofp/libg_nano.a(lib_a-nano-vfprintf_float.o)
 .debug_loc     0x0000000000005370      0x6c8 /usr/lib/gcc/arm-none-eabi/10.3.1/../../../arm-none-eabi/lib/thumb/v7-m/nofp/libg_nano.a(lib_a-nano-vfprintf_i.o)
 .debug_loc     0x0000000000005a38       0x25 /usr/lib/gcc/arm-none-eabi/10.3.1/../../../arm-none-eabi/lib/thumb/v7-m/nofp/libg_nano.a(lib_a-strlen-stub.o)
 .debug_loc     0x0000000000005a5d     0x3512 /usr/lib/gcc/arm-none-eabi/10.3.1/../../../arm-none-eabi/lib/thumb/v7-m/nofp/libg_nano.a(lib_a-dtoa.o)
 .debug_loc     0x0000000000008f6f       0x6f /usr/lib/gcc/arm-none-eabi/10.3.1/../../../arm-none-eabi/lib/thumb/v7-m/nofp/libg_nano.a(lib_a-localeconv.o)
 .debug_loc     0x0000000000008fde       0x64 /usr/lib/gcc/arm-none-eabi/10.3.1/../../../arm-none-eabi/lib/thumb/v7-m/nofp/libg_nano.a(lib_a-malloc.o)
 .debug_loc     0x0000000000009042      0x1f6 /usr/lib/gcc/arm-none-eabi/10.3.1/../../../arm-none-eabi/lib/thumb/v7-m/nofp/libg_nano.a(lib_a-memchr-stub.o)
 .debug_loc     0x0000000000009238     0x27d9 /usr/lib/gcc/arm-none-eabi/10.3.1/../../../arm-none-eabi/lib/thumb/v7-m/nofp/libg_nano.a(lib_a-mprec.o)
 .debug_loc     0x000000000000ba11       0x91 /usr/lib/gcc/arm-none-eabi/10.3.1/../../../arm-none-eabi/lib/thumb/v7-m/nofp/libg_nano.a(lib_a-nano-callocr.o)
 .debug_loc     0x000000000000baa2      0x27f /usr/lib/gcc/arm-none-eabi/10.3.1/../../../arm-none-eabi/lib/thumb/v7-m/nofp/libg_nano.a(lib_a-nano-freer.o)
 .debug_loc     0x000000000000bd21      0x3da /usr/lib/gcc/arm-none-eabi/10.3.1/../../../arm-none-eabi/lib/thumb/v7-m/nofp/libg_nano.a(lib_a-nano-mallocr.o)
 .debug_loc     0x000000000000c0fb       0x6c /usr/lib/gcc/arm-none-eabi/10.3.1/../../../arm-none-eabi/lib/thumb/v7-m/nofp/libg_nano.a(lib_a-sbrkr.o)
 .debug_loc     0x000000000000c167      0x185 /usr/lib/gcc/arm-none-eabi/10.3.1/../../../arm-none-eabi/lib/thumb/v7-m/nofp/libg_nano.a(lib_a-assert.o)
 .debug_loc     0x000000000000c2ec       0xa6 /usr/lib/gcc/arm-none-eabi/10.3.1/../../../arm-none-eabi/lib/thumb/v7-m/nofp/libg_nano.a(lib_a-fprintf.o)
 .debug_loc     0x000000000000c392      0x27d /usr/lib/gcc/arm-none-eabi/10.3.1/../../../arm-none-eabi/lib/thumb/v7-m/nofp/libg_nano.a(lib_a-locale.o)
 .debug_loc     0x000000000000c60f      0x21d /usr/lib/gcc/arm-none-eabi/10.3.1/../../../arm-none-eabi/lib/thumb/v7-m/nofp/libg_nano.a(lib_a-mbtowc_r.o)
 .debug_loc     0x000000000000c82c      0x779 /usr/lib/gcc/arm-none-eabi/10.3.1/../../../arm-none-eabi/lib/thumb/v7-m/nofp/libg_nano.a(lib_a-nano-vfprintf.o)
 .debug_loc     0x000000000000cfa5      0x1cd /usr/lib/gcc/arm-none-eabi/10.3.1/../../../arm-none-eabi/lib/thumb/v7-m/nofp/libg_nano.a(lib_a-reent.o)
 .debug_loc     0x000000000000d172      0x193 /usr/lib/gcc/arm-none-eabi/10.3.1/../../../arm-none-eabi/lib/thumb/v7-m/nofp/libg_nano.a(lib_a-wbuf.o)
 .debug_loc     0x000000000000d305      0x173 /usr/lib/gcc/arm-none-eabi/10.3.1/../../../arm-none-eabi/lib/thumb/v7-m/nofp/libg_nano.a(lib_a-wctomb_r.o)
 .debug_loc     0x000000000000d478       0xb7 /usr/lib/gcc/arm-none-eabi/10.3.1/../../../arm-none-eabi/lib/thumb/v7-m/nofp/libg_nano.a(lib_a-wsetup.o)
 .debug_loc     0x000000000000d52f      0x4c9 /usr/lib/gcc/arm-none-eabi/10.3.1/../../../arm-none-eabi/lib/thumb/v7-m/nofp/libg_nano.a(lib_a-fflush.o)
 .debug_loc     0x000000000000d9f8      0x3d9 /usr/lib/gcc/arm-none-eabi/10.3.1/../../../arm-none-eabi/lib/thumb/v7-m/nofp/libg_nano.a(lib_a-findfp.o)
 .debug_loc     0x000000000000ddd1      0x69d /usr/lib/gcc/arm-none-eabi/10.3.1/../../../arm-none-eabi/lib/thumb/v7-m/nofp/libg_nano.a(lib_a-fvwrite.o)
 .debug_loc     0x000000000000e46e      0x1bf /usr/lib/gcc/arm-none-eabi/10.3.1/../../../arm-none-eabi/lib/thumb/v7-m/nofp/libg_nano.a(lib_a-fwalk.o)